[Sat May 01 04:40:00.367479 2021] [core:error] [pid 11052:tid 25224] [client 10.1.60.24:38894] AH00126: Invalid URI in request '@www.q5u4a3l2y1s.com' 'GET @www.q5u4a3l2y1s.com HTTP/1.0'
[Sat May 01 04:40:00.367479 2021] [core:error] [pid 11052:tid 25224] [client 10.1.60.24:38897] AH00126: Invalid URI in request '@www.q5u4a3l2y1s.com' 'GET @www.q5u4a3l2y1s.com HTTP/1.0'
[Sat May 01 04:40:00.406484 2021] [core:error] [pid 11052:tid 25224] [client 10.1.60.24:38927] AH00126: Invalid URI in request '@www.q5u4a3l2y1s.com' 'GET qualys:@www.q5u4a3l2y1s.com HTTP/1.0'
[Sat May 01 04:40:00.407487 2021] [core:error] [pid 11052:tid 25224] [client 10.1.60.24:38928] AH00126: Invalid URI in request '@www.q5u4a3l2y1s.com' 'GET qualys:@www.q5u4a3l2y1s.com HTTP/1.0'
[Sat May 01 04:40:23.777265 2021] [proxy_http:error] [pid 11052:tid 25216] (OS 10060)A connection attempt failed because the connected party did not properly respond after a period of time, or established connection failed because connected host has failed to respond.  : [client 10.1.60.24:52980] AH01102: error reading status line from remote server 10.1.242.238:7111
[Sat May 01 04:40:23.777265 2021] [proxy:error] [pid 11052:tid 25216] [client 10.1.60.24:52980] AH00898: Error reading from remote server returned by /
[Sat May 01 04:40:26.734624 2021] [proxy:error] [pid 11052:tid 25216] [client 10.1.60.24:59130] AH01139: TRACE forbidden by server configuration
[Sat May 01 04:40:30.175045 2021] [proxy_http:error] [pid 11052:tid 25232] (70008)Partial results are valid but processing is incomplete: [client 10.1.60.24:35080] AH01095: prefetch request body failed to 10.1.242.34:7112 (10.1.242.34) from 10.1.60.24 ()
[Sat May 01 04:40:33.175408 2021] [core:error] [pid 11052:tid 25232] [client 10.1.60.24:39752] AH00126: Invalid URI in request '' 'GET /../../../../../../../../../ HTTP/1.0'
[Sat May 01 04:40:49.244941 2021] [proxy_http:error] [pid 11052:tid 25232] (70008)Partial results are valid but processing is incomplete: [client 10.1.60.24:41343] AH01095: prefetch request body failed to 10.1.242.251:7112 (10.1.242.251) from 10.1.60.24 ()
[Sat May 01 04:41:44.866449 2021] [core:error] [pid 11052:tid 25216] [client 10.1.60.24:45982] AH00126: Invalid URI in request 'boot.ini' 'GET /console/%2e%2e/%2e%2e/%2e%2e/%2e%2e/%2e%2e/%2e%2e/%2e%2e/%2e%2e/%2e%2e/%2e%2e/%2e%2e/%2e%2e/boot.ini HTTP/1.0'
[Sat May 01 04:42:06.612332 2021] [core:error] [pid 11052:tid 25232] [client 10.1.60.24:42876] AH00135: Invalid method in request get \\assets/ HTTP/1.0
[Sat May 01 04:42:09.922858 2021] [core:error] [pid 11052:tid 25248] [client 10.1.60.24:47024] AH00135: Invalid method in request get \\assets/img/ HTTP/1.0
[Sat May 01 04:42:45.519423 2021] [proxy_http:error] [pid 11052:tid 25224] (OS 10060)A connection attempt failed because the connected party did not properly respond after a period of time, or established connection failed because connected host has failed to respond.  : [client 10.1.60.24:46158] AH01102: error reading status line from remote server 10.1.242.238:7112
[Sat May 01 04:42:45.519423 2021] [proxy:error] [pid 11052:tid 25224] [client 10.1.60.24:46158] AH00898: Error reading from remote server returned by /
[Sat May 01 04:42:46.396520 2021] [proxy_http:error] [pid 11052:tid 25216] (OS 10060)A connection attempt failed because the connected party did not properly respond after a period of time, or established connection failed because connected host has failed to respond.  : [client 10.1.60.24:47252] AH01102: error reading status line from remote server 10.1.242.238:7112
[Sat May 01 04:42:46.396520 2021] [proxy:error] [pid 11052:tid 25216] [client 10.1.60.24:47252] AH00898: Error reading from remote server returned by /noredirect.html
[Sat May 01 04:44:10.955698 2021] [core:error] [pid 11052:tid 25248] [client 10.1.60.24:33204] AH00135: Invalid method in request get /assets/assets/ HTTP/1.0
[Sat May 01 04:44:14.274099 2021] [core:error] [pid 11052:tid 25248] [client 10.1.60.24:38862] AH00135: Invalid method in request get /assets/assets/img/ HTTP/1.0
[Sat May 01 04:45:08.460375 2021] [core:error] [pid 11052:tid 25216] [client 10.1.60.24:39642] AH00135: Invalid method in request get /assets/ HTTP/1.0
[Sat May 01 04:46:56.368429 2021] [core:error] [pid 11052:tid 25240] [client 10.1.60.24:53902] AH00135: Invalid method in request get /assets/img/assets/ HTTP/1.0
[Sat May 01 04:46:59.680831 2021] [core:error] [pid 11052:tid 25248] [client 10.1.60.24:58306] AH00135: Invalid method in request get /assets/img/assets/img/ HTTP/1.0
[Sat May 01 04:47:13.091615 2021] [proxy_http:error] [pid 11052:tid 25224] (OS 10060)A connection attempt failed because the connected party did not properly respond after a period of time, or established connection failed because connected host has failed to respond.  : [client 10.1.60.24:41958] AH01102: error reading status line from remote server 10.1.242.238:7112
[Sat May 01 04:47:13.091615 2021] [proxy:error] [pid 11052:tid 25224] [client 10.1.60.24:41958] AH00898: Error reading from remote server returned by /
[Sat May 01 04:47:36.588929 2021] [core:error] [pid 11052:tid 25248] [client 10.1.60.24:47390] AH00126: Invalid URI in request 'boot.ini' 'GET \\assets/%2e%2e/%2e%2e/%2e%2e/%2e%2e/%2e%2e/%2e%2e/%2e%2e/%2e%2e/%2e%2e/%2e%2e/%2e%2e/%2e%2e/boot.ini HTTP/1.0'
[Sat May 01 04:47:37.046980 2021] [core:error] [pid 11052:tid 25248] [client 10.1.60.24:47828] AH00126: Invalid URI in request 'boot.ini' 'GET \\assets/img/%2e%2e/%2e%2e/%2e%2e/%2e%2e/%2e%2e/%2e%2e/%2e%2e/%2e%2e/%2e%2e/%2e%2e/%2e%2e/%2e%2e/boot.ini HTTP/1.0'
[Sat May 01 04:47:37.616039 2021] [core:error] [pid 11052:tid 25248] [client 10.1.60.24:48522] AH00135: Invalid method in request get \\assets/ HTTP/1.0
[Sat May 01 04:47:38.031096 2021] [core:error] [pid 11052:tid 25224] [client 10.1.60.24:48880] AH00135: Invalid method in request get \\assets/img/ HTTP/1.0
[Sat May 01 04:47:38.186114 2021] [core:error] [pid 11052:tid 25248] [client 10.1.60.24:48982] AH00126: Invalid URI in request 'boot.ini' 'GET \\../%2e%2e/%2e%2e/%2e%2e/%2e%2e/%2e%2e/%2e%2e/%2e%2e/%2e%2e/%2e%2e/%2e%2e/%2e%2e/%2e%2e/boot.ini HTTP/1.0'
[Sat May 01 04:47:38.233175 2021] [core:error] [pid 11052:tid 25248] [client 10.1.60.24:49010] AH00126: Invalid URI in request '\xc0\xae\xc0\xae/\xc0\xae\xc0\xae/\xc0\xae\xc0\xae/\xc0\xae\xc0\xae/\xc0\xae\xc0\xae/\xc0\xae\xc0\xae/\xc0\xae\xc0\xae/\xc0\xae\xc0\xae/\xc0\xae\xc0\xae/\xc0\xae\xc0\xae/\xc0\xae\xc0\xae/\xc0\xae\xc0\xae/boot.ini' 'GET \\../%c0%ae%c0%ae/%c0%ae%c0%ae/%c0%ae%c0%ae/%c0%ae%c0%ae/%c0%ae%c0%ae/%c0%ae%c0%ae/%c0%ae%c0%ae/%c0%ae%c0%ae/%c0%ae%c0%ae/%c0%ae%c0%ae/%c0%ae%c0%ae/%c0%ae%c0%ae/boot.ini HTTP/1.0'
[Sat May 01 04:47:38.288126 2021] [core:error] [pid 11052:tid 25248] [client 10.1.60.24:49038] AH00126: Invalid URI in request '\xe0\x80\xae\xe0\x80\xae/\xe0\x80\xae\xe0\x80\xae/\xe0\x80\xae\xe0\x80\xae/\xe0\x80\xae\xe0\x80\xae/\xe0\x80\xae\xe0\x80\xae/\xe0\x80\xae\xe0\x80\xae/\xe0\x80\xae\xe0\x80\xae/\xe0\x80\xae\xe0\x80\xae/\xe0\x80\xae\xe0\x80\xae/\xe0\x80\xae\xe0\x80\xae/\xe0\x80\xae\xe0\x80\xae/\xe0\x80\xae\xe0\x80\xae/boot.ini' 'GET \\../%e0%80%ae%e0%80%ae/%e0%80%ae%e0%80%ae/%e0%80%ae%e0%80%ae/%e0%80%ae%e0%80%ae/%e0%80%ae%e0%80%ae/%e0%80%ae%e0%80%ae/%e0%80%ae%e0%80%ae/%e0%80%ae%e0%80%ae/%e0%80%ae%e0%80%ae/%e0%80%ae%e0%80%ae/%e0%80%ae%e0%80%ae/%e0%80%ae%e0%80%ae/boot.ini HTTP/1.0'
[Sat May 01 04:47:38.334146 2021] [core:error] [pid 11052:tid 25248] [client 10.1.60.24:49070] AH00126: Invalid URI in request '\xf0\x80\x80\xae\xf0\x80\x80\xae/\xf0\x80\x80\xae\xf0\x80\x80\xae/\xf0\x80\x80\xae\xf0\x80\x80\xae/\xf0\x80\x80\xae\xf0\x80\x80\xae/\xf0\x80\x80\xae\xf0\x80\x80\xae/\xf0\x80\x80\xae\xf0\x80\x80\xae/\xf0\x80\x80\xae\xf0\x80\x80\xae/\xf0\x80\x80\xae\xf0\x80\x80\xae/\xf0\x80\x80\xae\xf0\x80\x80\xae/\xf0\x80\x80\xae\xf0\x80\x80\xae/\xf0\x80\x80\xae\xf0\x80\x80\xae/\xf0\x80\x80\xae\xf0\x80\x80\xae/boot.ini' 'GET \\../%f0%80%80%ae%f0%80%80%ae/%f0%80%80%ae%f0%80%80%ae/%f0%80%80%ae%f0%80%80%ae/%f0%80%80%ae%f0%80%80%ae/%f0%80%80%ae%f0%80%80%ae/%f0%80%80%ae%f0%80%80%ae/%f0%80%80%ae%f0%80%80%ae/%f0%80%80%ae%f0%80%80%ae/%f0%80%80%ae%f0%80%80%ae/%f0%80%80%ae%f0%80%80%ae/%f0%80%80%ae%f0%80%80%ae/%f0%80%80%ae%f0%80%80%ae/boot.ini HTTP/1.0'
[Sat May 01 04:47:38.387146 2021] [core:error] [pid 11052:tid 25248] [client 10.1.60.24:49104] AH00126: Invalid URI in request '\xf8\x80\x80\x80\xae\xf8\x80\x80\x80\xae/\xf8\x80\x80\x80\xae\xf8\x80\x80\x80\xae/\xf8\x80\x80\x80\xae\xf8\x80\x80\x80\xae/\xf8\x80\x80\x80\xae\xf8\x80\x80\x80\xae/\xf8\x80\x80\x80\xae\xf8\x80\x80\x80\xae/\xf8\x80\x80\x80\xae\xf8\x80\x80\x80\xae/\xf8\x80\x80\x80\xae\xf8\x80\x80\x80\xae/\xf8\x80\x80\x80\xae\xf8\x80\x80\x80\xae/\xf8\x80\x80\x80\xae\xf8\x80\x80\x80\xae/\xf8\x80\x80\x80\xae\xf8\x80\x80\x80\xae/\xf8\x80\x80\x80\xae\xf8\x80\x80\x80\xae/\xf8\x80\x80\x80\xae\xf8\x80\x80\x80\xae/boot.ini' 'GET \\../%f8%80%80%80%ae%f8%80%80%80%ae/%f8%80%80%80%ae%f8%80%80%80%ae/%f8%80%80%80%ae%f8%80%80%80%ae/%f8%80%80%80%ae%f8%80%80%80%ae/%f8%80%80%80%ae%f8%80%80%80%ae/%f8%80%80%80%ae%f8%80%80%80%ae/%f8%80%80%80%ae%f8%80%80%80%ae/%f8%80%80%80%ae%f8%80%80%80%ae/%f8%80%80%80%ae%f8%80%80%80%ae/%f8%80%80%80%ae%f8%80%80%80%ae/%f8%80%80%80%ae%f8%80%80%80%ae/%f8%80%80%80%ae%f8%80%80%80%ae/boot.ini HTTP/1.0'
[Sat May 01 04:47:38.433140 2021] [core:error] [pid 11052:tid 25248] [client 10.1.60.24:49144] AH00126: Invalid URI in request 'phpinfo.php' 'GET \\../phpinfo.php HTTP/1.0'
[Sat May 01 04:47:38.483146 2021] [core:error] [pid 11052:tid 25248] [client 10.1.60.24:49172] AH00126: Invalid URI in request 'info.php' 'GET \\../info.php HTTP/1.0'
[Sat May 01 04:47:38.533153 2021] [core:error] [pid 11052:tid 25248] [client 10.1.60.24:49200] AH00126: Invalid URI in request 'php.php' 'GET \\../php.php HTTP/1.0'
[Sat May 01 04:47:38.589164 2021] [core:error] [pid 11052:tid 25248] [client 10.1.60.24:49236] AH00126: Invalid URI in request 'phptest.php' 'GET \\../phptest.php HTTP/1.0'
[Sat May 01 04:47:38.619168 2021] [core:error] [pid 11052:tid 25224] [client 10.1.60.24:49250] AH00126: Invalid URI in request 'boot.ini' 'GET \\../assets/%2e%2e/%2e%2e/%2e%2e/%2e%2e/%2e%2e/%2e%2e/%2e%2e/%2e%2e/%2e%2e/%2e%2e/%2e%2e/%2e%2e/boot.ini HTTP/1.0'
[Sat May 01 04:47:38.649165 2021] [core:error] [pid 11052:tid 25248] [client 10.1.60.24:49270] AH00126: Invalid URI in request 'phpinfo.php3' 'GET \\../phpinfo.php3 HTTP/1.0'
[Sat May 01 04:47:38.680169 2021] [core:error] [pid 11052:tid 25224] [client 10.1.60.24:49294] AH00126: Invalid URI in request 'assets/\xc0\xae\xc0\xae/\xc0\xae\xc0\xae/\xc0\xae\xc0\xae/\xc0\xae\xc0\xae/\xc0\xae\xc0\xae/\xc0\xae\xc0\xae/\xc0\xae\xc0\xae/\xc0\xae\xc0\xae/\xc0\xae\xc0\xae/\xc0\xae\xc0\xae/\xc0\xae\xc0\xae/\xc0\xae\xc0\xae/boot.ini' 'GET \\../assets/%c0%ae%c0%ae/%c0%ae%c0%ae/%c0%ae%c0%ae/%c0%ae%c0%ae/%c0%ae%c0%ae/%c0%ae%c0%ae/%c0%ae%c0%ae/%c0%ae%c0%ae/%c0%ae%c0%ae/%c0%ae%c0%ae/%c0%ae%c0%ae/%c0%ae%c0%ae/boot.ini HTTP/1.0'
[Sat May 01 04:47:38.701171 2021] [core:error] [pid 11052:tid 25248] [client 10.1.60.24:49314] AH00126: Invalid URI in request 'info.php3' 'GET \\../info.php3 HTTP/1.0'
[Sat May 01 04:47:38.734175 2021] [core:error] [pid 11052:tid 25224] [client 10.1.60.24:49346] AH00126: Invalid URI in request 'assets/\xe0\x80\xae\xe0\x80\xae/\xe0\x80\xae\xe0\x80\xae/\xe0\x80\xae\xe0\x80\xae/\xe0\x80\xae\xe0\x80\xae/\xe0\x80\xae\xe0\x80\xae/\xe0\x80\xae\xe0\x80\xae/\xe0\x80\xae\xe0\x80\xae/\xe0\x80\xae\xe0\x80\xae/\xe0\x80\xae\xe0\x80\xae/\xe0\x80\xae\xe0\x80\xae/\xe0\x80\xae\xe0\x80\xae/\xe0\x80\xae\xe0\x80\xae/boot.ini' 'GET \\../assets/%e0%80%ae%e0%80%ae/%e0%80%ae%e0%80%ae/%e0%80%ae%e0%80%ae/%e0%80%ae%e0%80%ae/%e0%80%ae%e0%80%ae/%e0%80%ae%e0%80%ae/%e0%80%ae%e0%80%ae/%e0%80%ae%e0%80%ae/%e0%80%ae%e0%80%ae/%e0%80%ae%e0%80%ae/%e0%80%ae%e0%80%ae/%e0%80%ae%e0%80%ae/boot.ini HTTP/1.0'
[Sat May 01 04:47:38.751180 2021] [core:error] [pid 11052:tid 25248] [client 10.1.60.24:49366] AH00126: Invalid URI in request 'phptest.php3' 'GET \\../phptest.php3 HTTP/1.0'
[Sat May 01 04:47:38.785181 2021] [core:error] [pid 11052:tid 25224] [client 10.1.60.24:49388] AH00126: Invalid URI in request 'assets/\xf0\x80\x80\xae\xf0\x80\x80\xae/\xf0\x80\x80\xae\xf0\x80\x80\xae/\xf0\x80\x80\xae\xf0\x80\x80\xae/\xf0\x80\x80\xae\xf0\x80\x80\xae/\xf0\x80\x80\xae\xf0\x80\x80\xae/\xf0\x80\x80\xae\xf0\x80\x80\xae/\xf0\x80\x80\xae\xf0\x80\x80\xae/\xf0\x80\x80\xae\xf0\x80\x80\xae/\xf0\x80\x80\xae\xf0\x80\x80\xae/\xf0\x80\x80\xae\xf0\x80\x80\xae/\xf0\x80\x80\xae\xf0\x80\x80\xae/\xf0\x80\x80\xae\xf0\x80\x80\xae/boot.ini' 'GET \\../assets/%f0%80%80%ae%f0%80%80%ae/%f0%80%80%ae%f0%80%80%ae/%f0%80%80%ae%f0%80%80%ae/%f0%80%80%ae%f0%80%80%ae/%f0%80%80%ae%f0%80%80%ae/%f0%80%80%ae%f0%80%80%ae/%f0%80%80%ae%f0%80%80%ae/%f0%80%80%ae%f0%80%80%ae/%f0%80%80%ae%f0%80%80%ae/%f0%80%80%ae%f0%80%80%ae/%f0%80%80%ae%f0%80%80%ae/%f0%80%80%ae%f0%80%80%ae/boot.ini HTTP/1.0'
[Sat May 01 04:47:38.810194 2021] [core:error] [pid 11052:tid 25248] [client 10.1.60.24:49400] AH00126: Invalid URI in request '' 'GET \\../ HTTP/1.0'
[Sat May 01 04:47:38.838185 2021] [core:error] [pid 11052:tid 25224] [client 10.1.60.24:49426] AH00126: Invalid URI in request 'assets/\xf8\x80\x80\x80\xae\xf8\x80\x80\x80\xae/\xf8\x80\x80\x80\xae\xf8\x80\x80\x80\xae/\xf8\x80\x80\x80\xae\xf8\x80\x80\x80\xae/\xf8\x80\x80\x80\xae\xf8\x80\x80\x80\xae/\xf8\x80\x80\x80\xae\xf8\x80\x80\x80\xae/\xf8\x80\x80\x80\xae\xf8\x80\x80\x80\xae/\xf8\x80\x80\x80\xae\xf8\x80\x80\x80\xae/\xf8\x80\x80\x80\xae\xf8\x80\x80\x80\xae/\xf8\x80\x80\x80\xae\xf8\x80\x80\x80\xae/\xf8\x80\x80\x80\xae\xf8\x80\x80\x80\xae/\xf8\x80\x80\x80\xae\xf8\x80\x80\x80\xae/\xf8\x80\x80\x80\xae\xf8\x80\x80\x80\xae/boot.ini' 'GET \\../assets/%f8%80%80%80%ae%f8%80%80%80%ae/%f8%80%80%80%ae%f8%80%80%80%ae/%f8%80%80%80%ae%f8%80%80%80%ae/%f8%80%80%80%ae%f8%80%80%80%ae/%f8%80%80%80%ae%f8%80%80%80%ae/%f8%80%80%80%ae%f8%80%80%80%ae/%f8%80%80%80%ae%f8%80%80%80%ae/%f8%80%80%80%ae%f8%80%80%80%ae/%f8%80%80%80%ae%f8%80%80%80%ae/%f8%80%80%80%ae%f8%80%80%80%ae/%f8%80%80%80%ae%f8%80%80%80%ae/%f8%80%80%80%ae%f8%80%80%80%ae/boot.ini HTTP/1.0'
[Sat May 01 04:47:38.868188 2021] [core:error] [pid 11052:tid 25248] [client 10.1.60.24:49456] AH00126: Invalid URI in request '' 'get \\../ HTTP/1.0'
[Sat May 01 04:47:38.888191 2021] [core:error] [pid 11052:tid 25224] [client 10.1.60.24:49470] AH00126: Invalid URI in request 'assets/phpinfo.php' 'GET \\../assets/phpinfo.php HTTP/1.0'
[Sat May 01 04:47:38.918197 2021] [core:error] [pid 11052:tid 25248] [client 10.1.60.24:49504] AH00126: Invalid URI in request 'redirect.asp' 'GET \\../redirect.asp?url=<script>alert(5341)</script> HTTP/1.0'
[Sat May 01 04:47:38.939198 2021] [core:error] [pid 11052:tid 25224] [client 10.1.60.24:49518] AH00126: Invalid URI in request 'assets/info.php' 'GET \\../assets/info.php HTTP/1.0'
[Sat May 01 04:47:38.963390 2021] [core:error] [pid 11052:tid 25248] [client 10.1.60.24:49540] AH00126: Invalid URI in request '_mmDBScripts/MMHTTPDB.asp' 'GET \\../_mmDBScripts/MMHTTPDB.asp HTTP/1.0'
[Sat May 01 04:47:38.999392 2021] [core:error] [pid 11052:tid 25224] [client 10.1.60.24:49562] AH00126: Invalid URI in request 'assets/php.php' 'GET \\../assets/php.php HTTP/1.0'
[Sat May 01 04:47:39.011396 2021] [core:error] [pid 11052:tid 25248] [client 10.1.60.24:49596] AH00126: Invalid URI in request '_mmServerScripts/MMHTTPDB.asp' 'GET \\../_mmServerScripts/MMHTTPDB.asp HTTP/1.0'
[Sat May 01 04:47:39.060402 2021] [core:error] [pid 11052:tid 25224] [client 10.1.60.24:49666] AH00126: Invalid URI in request 'assets/phptest.php' 'GET \\../assets/phptest.php HTTP/1.0'
[Sat May 01 04:47:39.063397 2021] [core:error] [pid 11052:tid 25248] [client 10.1.60.24:49688] AH00126: Invalid URI in request 'cmd.exe' 'GET \\../cmd.exe?/c+dir HTTP/1.0'
[Sat May 01 04:47:39.111406 2021] [core:error] [pid 11052:tid 25224] [client 10.1.60.24:49792] AH00126: Invalid URI in request 'assets/phpinfo.php3' 'GET \\../assets/phpinfo.php3 HTTP/1.0'
[Sat May 01 04:47:39.117407 2021] [core:error] [pid 11052:tid 25248] [client 10.1.60.24:49798] AH00126: Invalid URI in request 'phpinfo.php' 'GET \\../phpinfo.php HTTP/1.0'
[Sat May 01 04:47:39.162413 2021] [core:error] [pid 11052:tid 25224] [client 10.1.60.24:49890] AH00126: Invalid URI in request 'assets/info.php3' 'GET \\../assets/info.php3 HTTP/1.0'
[Sat May 01 04:47:39.168413 2021] [core:error] [pid 11052:tid 25248] [client 10.1.60.24:49902] AH00126: Invalid URI in request '.user.ini' 'GET \\../.user.ini HTTP/1.0'
[Sat May 01 04:47:39.219419 2021] [core:error] [pid 11052:tid 25224] [client 10.1.60.24:49972] AH00126: Invalid URI in request 'assets/phptest.php3' 'GET \\../assets/phptest.php3 HTTP/1.0'
[Sat May 01 04:47:39.227420 2021] [core:error] [pid 11052:tid 25248] [client 10.1.60.24:49988] AH00126: Invalid URI in request 'boot.ini' 'GET \\../assets/img/%2e%2e/%2e%2e/%2e%2e/%2e%2e/%2e%2e/%2e%2e/%2e%2e/%2e%2e/%2e%2e/%2e%2e/%2e%2e/%2e%2e/boot.ini HTTP/1.0'
[Sat May 01 04:47:39.277439 2021] [core:error] [pid 11052:tid 25224] [client 10.1.60.24:50078] AH00126: Invalid URI in request 'assets/' 'GET \\../assets/ HTTP/1.0'
[Sat May 01 04:47:39.279429 2021] [core:error] [pid 11052:tid 25248] [client 10.1.60.24:50092] AH00126: Invalid URI in request 'assets/img/\xc0\xae\xc0\xae/\xc0\xae\xc0\xae/\xc0\xae\xc0\xae/\xc0\xae\xc0\xae/\xc0\xae\xc0\xae/\xc0\xae\xc0\xae/\xc0\xae\xc0\xae/\xc0\xae\xc0\xae/\xc0\xae\xc0\xae/\xc0\xae\xc0\xae/\xc0\xae\xc0\xae/\xc0\xae\xc0\xae/boot.ini' 'GET \\../assets/img/%c0%ae%c0%ae/%c0%ae%c0%ae/%c0%ae%c0%ae/%c0%ae%c0%ae/%c0%ae%c0%ae/%c0%ae%c0%ae/%c0%ae%c0%ae/%c0%ae%c0%ae/%c0%ae%c0%ae/%c0%ae%c0%ae/%c0%ae%c0%ae/%c0%ae%c0%ae/boot.ini HTTP/1.0'
[Sat May 01 04:47:39.328439 2021] [core:error] [pid 11052:tid 25224] [client 10.1.60.24:50198] AH00126: Invalid URI in request 'assets/' 'get \\../assets/ HTTP/1.0'
[Sat May 01 04:47:39.340434 2021] [core:error] [pid 11052:tid 25248] [client 10.1.60.24:50204] AH00126: Invalid URI in request 'assets/img/\xe0\x80\xae\xe0\x80\xae/\xe0\x80\xae\xe0\x80\xae/\xe0\x80\xae\xe0\x80\xae/\xe0\x80\xae\xe0\x80\xae/\xe0\x80\xae\xe0\x80\xae/\xe0\x80\xae\xe0\x80\xae/\xe0\x80\xae\xe0\x80\xae/\xe0\x80\xae\xe0\x80\xae/\xe0\x80\xae\xe0\x80\xae/\xe0\x80\xae\xe0\x80\xae/\xe0\x80\xae\xe0\x80\xae/\xe0\x80\xae\xe0\x80\xae/boot.ini' 'GET \\../assets/img/%e0%80%ae%e0%80%ae/%e0%80%ae%e0%80%ae/%e0%80%ae%e0%80%ae/%e0%80%ae%e0%80%ae/%e0%80%ae%e0%80%ae/%e0%80%ae%e0%80%ae/%e0%80%ae%e0%80%ae/%e0%80%ae%e0%80%ae/%e0%80%ae%e0%80%ae/%e0%80%ae%e0%80%ae/%e0%80%ae%e0%80%ae/%e0%80%ae%e0%80%ae/boot.ini HTTP/1.0'
[Sat May 01 04:47:39.390446 2021] [core:error] [pid 11052:tid 25224] [client 10.1.60.24:50302] AH00126: Invalid URI in request 'assets/redirect.asp' 'GET \\../assets/redirect.asp?url=<script>alert(5341)</script> HTTP/1.0'
[Sat May 01 04:47:39.401439 2021] [core:error] [pid 11052:tid 25248] [client 10.1.60.24:50318] AH00126: Invalid URI in request 'assets/img/\xf0\x80\x80\xae\xf0\x80\x80\xae/\xf0\x80\x80\xae\xf0\x80\x80\xae/\xf0\x80\x80\xae\xf0\x80\x80\xae/\xf0\x80\x80\xae\xf0\x80\x80\xae/\xf0\x80\x80\xae\xf0\x80\x80\xae/\xf0\x80\x80\xae\xf0\x80\x80\xae/\xf0\x80\x80\xae\xf0\x80\x80\xae/\xf0\x80\x80\xae\xf0\x80\x80\xae/\xf0\x80\x80\xae\xf0\x80\x80\xae/\xf0\x80\x80\xae\xf0\x80\x80\xae/\xf0\x80\x80\xae\xf0\x80\x80\xae/\xf0\x80\x80\xae\xf0\x80\x80\xae/boot.ini' 'GET \\../assets/img/%f0%80%80%ae%f0%80%80%ae/%f0%80%80%ae%f0%80%80%ae/%f0%80%80%ae%f0%80%80%ae/%f0%80%80%ae%f0%80%80%ae/%f0%80%80%ae%f0%80%80%ae/%f0%80%80%ae%f0%80%80%ae/%f0%80%80%ae%f0%80%80%ae/%f0%80%80%ae%f0%80%80%ae/%f0%80%80%ae%f0%80%80%ae/%f0%80%80%ae%f0%80%80%ae/%f0%80%80%ae%f0%80%80%ae/%f0%80%80%ae%f0%80%80%ae/boot.ini HTTP/1.0'
[Sat May 01 04:47:39.447449 2021] [core:error] [pid 11052:tid 25224] [client 10.1.60.24:50418] AH00126: Invalid URI in request 'assets/_mmDBScripts/MMHTTPDB.asp' 'GET \\../assets/_mmDBScripts/MMHTTPDB.asp HTTP/1.0'
[Sat May 01 04:47:39.456446 2021] [core:error] [pid 11052:tid 25248] [client 10.1.60.24:50444] AH00126: Invalid URI in request 'assets/img/\xf8\x80\x80\x80\xae\xf8\x80\x80\x80\xae/\xf8\x80\x80\x80\xae\xf8\x80\x80\x80\xae/\xf8\x80\x80\x80\xae\xf8\x80\x80\x80\xae/\xf8\x80\x80\x80\xae\xf8\x80\x80\x80\xae/\xf8\x80\x80\x80\xae\xf8\x80\x80\x80\xae/\xf8\x80\x80\x80\xae\xf8\x80\x80\x80\xae/\xf8\x80\x80\x80\xae\xf8\x80\x80\x80\xae/\xf8\x80\x80\x80\xae\xf8\x80\x80\x80\xae/\xf8\x80\x80\x80\xae\xf8\x80\x80\x80\xae/\xf8\x80\x80\x80\xae\xf8\x80\x80\x80\xae/\xf8\x80\x80\x80\xae\xf8\x80\x80\x80\xae/\xf8\x80\x80\x80\xae\xf8\x80\x80\x80\xae/boot.ini' 'GET \\../assets/img/%f8%80%80%80%ae%f8%80%80%80%ae/%f8%80%80%80%ae%f8%80%80%80%ae/%f8%80%80%80%ae%f8%80%80%80%ae/%f8%80%80%80%ae%f8%80%80%80%ae/%f8%80%80%80%ae%f8%80%80%80%ae/%f8%80%80%80%ae%f8%80%80%80%ae/%f8%80%80%80%ae%f8%80%80%80%ae/%f8%80%80%80%ae%f8%80%80%80%ae/%f8%80%80%80%ae%f8%80%80%80%ae/%f8%80%80%80%ae%f8%80%80%80%ae/%f8%80%80%80%ae%f8%80%80%80%ae/%f8%80%80%80%ae%f8%80%80%80%ae/boot.ini HTTP/1.0'
[Sat May 01 04:47:39.497458 2021] [core:error] [pid 11052:tid 25224] [client 10.1.60.24:50494] AH00126: Invalid URI in request 'assets/_mmServerScripts/MMHTTPDB.asp' 'GET \\../assets/_mmServerScripts/MMHTTPDB.asp HTTP/1.0'
[Sat May 01 04:47:39.502470 2021] [core:error] [pid 11052:tid 25248] [client 10.1.60.24:50502] AH00126: Invalid URI in request 'assets/img/phpinfo.php' 'GET \\../assets/img/phpinfo.php HTTP/1.0'
[Sat May 01 04:47:39.548464 2021] [core:error] [pid 11052:tid 25224] [client 10.1.60.24:50536] AH00126: Invalid URI in request 'assets/cmd.exe' 'GET \\../assets/cmd.exe?/c+dir HTTP/1.0'
[Sat May 01 04:47:39.554467 2021] [core:error] [pid 11052:tid 25248] [client 10.1.60.24:50540] AH00126: Invalid URI in request 'assets/img/info.php' 'GET \\../assets/img/info.php HTTP/1.0'
[Sat May 01 04:47:39.593472 2021] [core:error] [pid 11052:tid 25224] [client 10.1.60.24:50570] AH00126: Invalid URI in request 'assets/phpinfo.php' 'GET \\../assets/phpinfo.php HTTP/1.0'
[Sat May 01 04:47:39.601478 2021] [core:error] [pid 11052:tid 25248] [client 10.1.60.24:50574] AH00126: Invalid URI in request 'assets/img/php.php' 'GET \\../assets/img/php.php HTTP/1.0'
[Sat May 01 04:47:39.647471 2021] [core:error] [pid 11052:tid 25224] [client 10.1.60.24:50606] AH00126: Invalid URI in request 'assets/.user.ini' 'GET \\../assets/.user.ini HTTP/1.0'
[Sat May 01 04:47:39.655468 2021] [core:error] [pid 11052:tid 25248] [client 10.1.60.24:50612] AH00126: Invalid URI in request 'assets/img/phptest.php' 'GET \\../assets/img/phptest.php HTTP/1.0'
[Sat May 01 04:47:39.707479 2021] [core:error] [pid 11052:tid 25248] [client 10.1.60.24:50644] AH00126: Invalid URI in request 'assets/img/phpinfo.php3' 'GET \\../assets/img/phpinfo.php3 HTTP/1.0'
[Sat May 01 04:47:39.759479 2021] [core:error] [pid 11052:tid 25248] [client 10.1.60.24:50692] AH00126: Invalid URI in request 'assets/img/info.php3' 'GET \\../assets/img/info.php3 HTTP/1.0'
[Sat May 01 04:47:39.816496 2021] [core:error] [pid 11052:tid 25248] [client 10.1.60.24:50726] AH00126: Invalid URI in request 'assets/img/phptest.php3' 'GET \\../assets/img/phptest.php3 HTTP/1.0'
[Sat May 01 04:47:39.867502 2021] [core:error] [pid 11052:tid 25248] [client 10.1.60.24:50770] AH00126: Invalid URI in request 'assets/img/' 'GET \\../assets/img/ HTTP/1.0'
[Sat May 01 04:47:39.918505 2021] [core:error] [pid 11052:tid 25248] [client 10.1.60.24:50808] AH00126: Invalid URI in request 'assets/img/' 'get \\../assets/img/ HTTP/1.0'
[Sat May 01 04:47:39.970512 2021] [core:error] [pid 11052:tid 25248] [client 10.1.60.24:50848] AH00126: Invalid URI in request 'assets/img/redirect.asp' 'GET \\../assets/img/redirect.asp?url=<script>alert(5341)</script> HTTP/1.0'
[Sat May 01 04:47:40.025517 2021] [core:error] [pid 11052:tid 25248] [client 10.1.60.24:50890] AH00126: Invalid URI in request 'assets/img/_mmDBScripts/MMHTTPDB.asp' 'GET \\../assets/img/_mmDBScripts/MMHTTPDB.asp HTTP/1.0'
[Sat May 01 04:47:40.075522 2021] [core:error] [pid 11052:tid 25248] [client 10.1.60.24:50932] AH00126: Invalid URI in request 'assets/img/_mmServerScripts/MMHTTPDB.asp' 'GET \\../assets/img/_mmServerScripts/MMHTTPDB.asp HTTP/1.0'
[Sat May 01 04:47:40.125557 2021] [core:error] [pid 11052:tid 25248] [client 10.1.60.24:50968] AH00126: Invalid URI in request 'assets/img/cmd.exe' 'GET \\../assets/img/cmd.exe?/c+dir HTTP/1.0'
[Sat May 01 04:47:40.176569 2021] [core:error] [pid 11052:tid 25248] [client 10.1.60.24:51004] AH00126: Invalid URI in request 'assets/img/phpinfo.php' 'GET \\../assets/img/phpinfo.php HTTP/1.0'
[Sat May 01 04:47:40.227540 2021] [core:error] [pid 11052:tid 25248] [client 10.1.60.24:51044] AH00126: Invalid URI in request 'assets/img/.user.ini' 'GET \\../assets/img/.user.ini HTTP/1.0'
[Sat May 01 04:47:40.854616 2021] [core:error] [pid 11052:tid 25256] [client 10.1.60.24:51412] AH00126: Invalid URI in request 'boot.ini' 'GET /assets/%2e%2e/%2e%2e/%2e%2e/%2e%2e/%2e%2e/%2e%2e/%2e%2e/%2e%2e/%2e%2e/%2e%2e/%2e%2e/%2e%2e/boot.ini HTTP/1.0'
[Sat May 01 04:47:42.186783 2021] [core:error] [pid 11052:tid 25256] [client 10.1.60.24:52468] AH00126: Invalid URI in request 'boot.ini' 'GET /assets/assets/%2e%2e/%2e%2e/%2e%2e/%2e%2e/%2e%2e/%2e%2e/%2e%2e/%2e%2e/%2e%2e/%2e%2e/%2e%2e/%2e%2e/boot.ini HTTP/1.0'
[Sat May 01 04:47:42.425965 2021] [core:error] [pid 11052:tid 25256] [client 10.1.60.24:52676] AH00126: Invalid URI in request 'boot.ini' 'GET /assets/assets/img/%2e%2e/%2e%2e/%2e%2e/%2e%2e/%2e%2e/%2e%2e/%2e%2e/%2e%2e/%2e%2e/%2e%2e/%2e%2e/%2e%2e/boot.ini HTTP/1.0'
[Sat May 01 04:47:43.169054 2021] [core:error] [pid 11052:tid 25216] [client 10.1.60.24:53334] AH00135: Invalid method in request get /assets/assets/ HTTP/1.0
[Sat May 01 04:47:43.379078 2021] [core:error] [pid 11052:tid 25248] [client 10.1.60.24:53424] AH00135: Invalid method in request get /assets/assets/img/ HTTP/1.0
[Sat May 01 04:47:43.757127 2021] [core:error] [pid 11052:tid 25216] [client 10.1.60.24:53750] AH00126: Invalid URI in request 'boot.ini' 'GET /assets/img/assets/%2e%2e/%2e%2e/%2e%2e/%2e%2e/%2e%2e/%2e%2e/%2e%2e/%2e%2e/%2e%2e/%2e%2e/%2e%2e/%2e%2e/boot.ini HTTP/1.0'
[Sat May 01 04:47:43.817141 2021] [core:error] [pid 11052:tid 25256] [client 10.1.60.24:53776] AH00126: Invalid URI in request 'boot.ini' 'GET /assets/img/assets/img/%2e%2e/%2e%2e/%2e%2e/%2e%2e/%2e%2e/%2e%2e/%2e%2e/%2e%2e/%2e%2e/%2e%2e/%2e%2e/%2e%2e/boot.ini HTTP/1.0'
[Sat May 01 04:47:44.717241 2021] [core:error] [pid 11052:tid 25216] [client 10.1.60.24:54458] AH00135: Invalid method in request get /assets/img/assets/ HTTP/1.0
[Sat May 01 04:47:44.783249 2021] [core:error] [pid 11052:tid 25256] [client 10.1.60.24:54508] AH00135: Invalid method in request get /assets/img/assets/img/ HTTP/1.0
[Sat May 01 04:48:43.921151 2021] [core:error] [pid 11052:tid 25232] [client 10.1.60.24:50722] AH00126: Invalid URI in request 'boot.ini' 'GET /assets/%2e%2e/%2e%2e/%2e%2e/%2e%2e/%2e%2e/%2e%2e/%2e%2e/%2e%2e/%2e%2e/%2e%2e/%2e%2e/%2e%2e/boot.ini HTTP/1.0'
[Sat May 01 04:48:44.683235 2021] [core:error] [pid 11052:tid 25232] [client 10.1.60.24:53572] AH00135: Invalid method in request get /assets/ HTTP/1.0
[Sat May 01 04:52:19.118605 2021] [core:error] [pid 11052:tid 25224] [client 10.1.60.24:41600] AH00126: Invalid URI in request 'mediawiki-1.16.0beta2' 'GET mediawiki-1.16.0beta2 HTTP/1.0'
[Sat May 01 04:52:19.168676 2021] [core:error] [pid 11052:tid 25224] [client 10.1.60.24:41640] AH00126: Invalid URI in request 'bad397' 'GET bad397 HTTP/1.0'
[Sat May 01 04:52:23.354658 2021] [core:error] [pid 11052:tid 25232] [client 10.1.60.24:45962] AH00126: Invalid URI in request 'false_56024' 'GET false_56024 HTTP/1.0'
[Sat May 01 04:52:27.839482 2021] [core:error] [pid 11052:tid 25248] [client 10.1.60.24:52182] AH00126: Invalid URI in request 'CMS/' 'GET CMS/ HTTP/1.0'
[Sat May 01 04:52:27.890578 2021] [core:error] [pid 11052:tid 25248] [client 10.1.60.24:52228] AH00126: Invalid URI in request 'bad397/' 'GET bad397/ HTTP/1.0'
[Sat May 01 04:52:27.942623 2021] [core:error] [pid 11052:tid 25248] [client 10.1.60.24:52364] AH00126: Invalid URI in request 'cms/' 'GET cms/ HTTP/1.0'
[Sat May 01 04:52:29.062380 2021] [core:error] [pid 11052:tid 25240] [client 10.1.60.24:58644] AH00126: Invalid URI in request 'boards/' 'GET boards/ HTTP/1.0'
[Sat May 01 04:52:38.949645 2021] [core:error] [pid 11052:tid 25224] [client 10.1.60.24:53096] AH00126: Invalid URI in request 'boot.ini' 'GET /servlet/com.livesoftware.jrun.plugins.ssi.SSIFilter/../../../../../../../boot.ini HTTP/1.0'
[Sat May 01 04:52:39.002719 2021] [core:error] [pid 11052:tid 25224] [client 10.1.60.24:53194] AH00126: Invalid URI in request 'winnt/system32/cmd.exe' 'GET /../../../../../../../winnt/system32/cmd.exe?type+c:\\boot.ini HTTP/1.0'
[Sat May 01 04:52:39.394414 2021] [core:error] [pid 11052:tid 25232] [client 10.1.60.24:54012] AH00126: Invalid URI in request 'js/' 'GET js/ HTTP/1.0'
[Sat May 01 04:52:39.453505 2021] [core:error] [pid 11052:tid 25232] [client 10.1.60.24:54140] AH00126: Invalid URI in request 'js/jquery/' 'GET js/jquery/ HTTP/1.0'
[Sat May 01 04:52:39.506574 2021] [core:error] [pid 11052:tid 25232] [client 10.1.60.24:54342] AH00126: Invalid URI in request 'js/bad397/' 'GET js/bad397/ HTTP/1.0'
[Sat May 01 04:52:39.558641 2021] [core:error] [pid 11052:tid 25232] [client 10.1.60.24:54466] AH00126: Invalid URI in request 'jquery/' 'GET jquery/ HTTP/1.0'
[Sat May 01 04:52:39.610721 2021] [core:error] [pid 11052:tid 25232] [client 10.1.60.24:54564] AH00126: Invalid URI in request 'lib/jquery/' 'GET lib/jquery/ HTTP/1.0'
[Sat May 01 04:52:39.661788 2021] [core:error] [pid 11052:tid 25232] [client 10.1.60.24:54662] AH00126: Invalid URI in request 'lib/bad397/' 'GET lib/bad397/ HTTP/1.0'
[Sat May 01 04:52:39.708854 2021] [core:error] [pid 11052:tid 25232] [client 10.1.60.24:54772] AH00126: Invalid URI in request 'lib/jquery.js/' 'GET lib/jquery.js/ HTTP/1.0'
[Sat May 01 04:52:39.758959 2021] [core:error] [pid 11052:tid 25232] [client 10.1.60.24:54870] AH00126: Invalid URI in request 'lib/js/jquery/' 'GET lib/js/jquery/ HTTP/1.0'
[Sat May 01 04:52:39.812003 2021] [core:error] [pid 11052:tid 25232] [client 10.1.60.24:54978] AH00126: Invalid URI in request 'lib/js/bad397/' 'GET lib/js/bad397/ HTTP/1.0'
[Sat May 01 04:52:39.860073 2021] [core:error] [pid 11052:tid 25232] [client 10.1.60.24:55120] AH00126: Invalid URI in request 'jswiz/dist/lib' 'GET jswiz/dist/lib HTTP/1.0'
[Sat May 01 04:52:39.910153 2021] [core:error] [pid 11052:tid 25232] [client 10.1.60.24:55272] AH00126: Invalid URI in request 'jswiz/dist/bad397' 'GET jswiz/dist/bad397 HTTP/1.0'
[Sat May 01 04:52:42.039179 2021] [core:error] [pid 11052:tid 25232] [client 10.1.60.24:58030] AH00135: Invalid method in request get \\assets/assets/ HTTP/1.0
[Sat May 01 04:52:43.304000 2021] [core:error] [pid 11052:tid 25240] [client 10.1.60.24:60474] AH00135: Invalid method in request get \\assets/assets/img/ HTTP/1.0
[Sat May 01 04:52:44.355479 2021] [core:error] [pid 11052:tid 25240] [client 10.1.60.24:33830] AH00135: Invalid method in request get \\assets/../ HTTP/1.0
[Sat May 01 04:52:45.375114 2021] [core:error] [pid 11052:tid 25240] [client 10.1.60.24:35296] AH00135: Invalid method in request get \\assets/../assets/ HTTP/1.0
[Sat May 01 04:52:46.635924 2021] [core:error] [pid 11052:tid 25240] [client 10.1.60.24:37240] AH00135: Invalid method in request get \\assets/../assets/img/ HTTP/1.0
[Sat May 01 04:52:47.681730 2021] [core:error] [pid 11052:tid 25240] [client 10.1.60.24:38812] AH00135: Invalid method in request get \\assets/img/assets/ HTTP/1.0
[Sat May 01 04:52:48.691175 2021] [core:error] [pid 11052:tid 25240] [client 10.1.60.24:40444] AH00135: Invalid method in request get \\assets/img/assets/img/ HTTP/1.0
[Sat May 01 04:52:49.963989 2021] [core:error] [pid 11052:tid 25240] [client 10.1.60.24:42304] AH00135: Invalid method in request get /assets/assets/assets/ HTTP/1.0
[Sat May 01 04:52:50.998469 2021] [core:error] [pid 11052:tid 25240] [client 10.1.60.24:43702] AH00135: Invalid method in request get /assets/assets/assets/img/ HTTP/1.0
[Sat May 01 04:52:52.022941 2021] [core:error] [pid 11052:tid 25240] [client 10.1.60.24:45698] AH00135: Invalid method in request get /assets/assets/img/assets/ HTTP/1.0
[Sat May 01 04:52:53.285725 2021] [core:error] [pid 11052:tid 25232] [client 10.1.60.24:47660] AH00135: Invalid method in request get /assets/assets/img/assets/img/ HTTP/1.0
[Sat May 01 04:52:54.338432 2021] [core:error] [pid 11052:tid 25232] [client 10.1.60.24:49216] AH00135: Invalid method in request get /assets/img/assets/assets/ HTTP/1.0
[Sat May 01 04:52:55.344870 2021] [core:error] [pid 11052:tid 25240] [client 10.1.60.24:50646] AH00135: Invalid method in request get /assets/img/assets/assets/img/ HTTP/1.0
[Sat May 01 04:52:56.618960 2021] [core:error] [pid 11052:tid 25240] [client 10.1.60.24:52356] AH00135: Invalid method in request get /assets/img/assets/img/assets/ HTTP/1.0
[Sat May 01 04:52:57.657446 2021] [core:error] [pid 11052:tid 25240] [client 10.1.60.24:53838] AH00135: Invalid method in request get /assets/img/assets/img/assets/img/ HTTP/1.0
[Sat May 01 04:55:10.368978 2021] [core:error] [pid 11052:tid 25248] [client 10.1.60.24:43932] AH00126: Invalid URI in request 'boot.ini' 'GET \\assets/assets/%2e%2e/%2e%2e/%2e%2e/%2e%2e/%2e%2e/%2e%2e/%2e%2e/%2e%2e/%2e%2e/%2e%2e/%2e%2e/%2e%2e/boot.ini HTTP/1.0'
[Sat May 01 04:55:11.370408 2021] [core:error] [pid 11052:tid 25248] [client 10.1.60.24:44782] AH00135: Invalid method in request get \\assets/assets/ HTTP/1.0
[Sat May 01 04:55:11.947221 2021] [core:error] [pid 11052:tid 25248] [client 10.1.60.24:45228] AH00126: Invalid URI in request 'boot.ini' 'GET \\assets/assets/img/%2e%2e/%2e%2e/%2e%2e/%2e%2e/%2e%2e/%2e%2e/%2e%2e/%2e%2e/%2e%2e/%2e%2e/%2e%2e/%2e%2e/boot.ini HTTP/1.0'
[Sat May 01 04:55:12.171543 2021] [core:error] [pid 11052:tid 25248] [client 10.1.60.24:45378] AH00126: Invalid URI in request 'boot.ini' 'GET \\assets/../%2e%2e/%2e%2e/%2e%2e/%2e%2e/%2e%2e/%2e%2e/%2e%2e/%2e%2e/%2e%2e/%2e%2e/%2e%2e/%2e%2e/boot.ini HTTP/1.0'
[Sat May 01 04:55:12.945646 2021] [core:error] [pid 11052:tid 25224] [client 10.1.60.24:45996] AH00135: Invalid method in request get \\assets/assets/img/ HTTP/1.0
[Sat May 01 04:55:13.086894 2021] [core:error] [pid 11052:tid 25240] [client 10.1.60.24:46078] AH00126: Invalid URI in request 'assets/img/' 'GET \\assets/../../assets/img/ HTTP/1.0'
[Sat May 01 04:55:13.138928 2021] [core:error] [pid 11052:tid 25240] [client 10.1.60.24:46124] AH00135: Invalid method in request get \\assets/../ HTTP/1.0
[Sat May 01 04:55:13.530490 2021] [core:error] [pid 11052:tid 25224] [client 10.1.60.24:46392] AH00126: Invalid URI in request 'boot.ini' 'GET \\assets/../assets/%2e%2e/%2e%2e/%2e%2e/%2e%2e/%2e%2e/%2e%2e/%2e%2e/%2e%2e/%2e%2e/%2e%2e/%2e%2e/%2e%2e/boot.ini HTTP/1.0'
[Sat May 01 04:55:13.726762 2021] [core:error] [pid 11052:tid 25240] [client 10.1.60.24:46498] AH00126: Invalid URI in request 'boot.ini' 'GET \\assets/../assets/img/%2e%2e/%2e%2e/%2e%2e/%2e%2e/%2e%2e/%2e%2e/%2e%2e/%2e%2e/%2e%2e/%2e%2e/%2e%2e/%2e%2e/boot.ini HTTP/1.0'
[Sat May 01 04:55:14.592000 2021] [core:error] [pid 11052:tid 25224] [client 10.1.60.24:46968] AH00135: Invalid method in request get \\assets/../assets/ HTTP/1.0
[Sat May 01 04:55:14.764246 2021] [core:error] [pid 11052:tid 25240] [client 10.1.60.24:47080] AH00135: Invalid method in request get \\assets/../assets/img/ HTTP/1.0
[Sat May 01 04:55:15.172834 2021] [core:error] [pid 11052:tid 25224] [client 10.1.60.24:47374] AH00126: Invalid URI in request 'boot.ini' 'GET \\assets/img/assets/%2e%2e/%2e%2e/%2e%2e/%2e%2e/%2e%2e/%2e%2e/%2e%2e/%2e%2e/%2e%2e/%2e%2e/%2e%2e/%2e%2e/boot.ini HTTP/1.0'
[Sat May 01 04:55:15.345072 2021] [core:error] [pid 11052:tid 25240] [client 10.1.60.24:47512] AH00126: Invalid URI in request 'boot.ini' 'GET \\assets/img/assets/img/%2e%2e/%2e%2e/%2e%2e/%2e%2e/%2e%2e/%2e%2e/%2e%2e/%2e%2e/%2e%2e/%2e%2e/%2e%2e/%2e%2e/boot.ini HTTP/1.0'
[Sat May 01 04:55:16.163464 2021] [core:error] [pid 11052:tid 25224] [client 10.1.60.24:47978] AH00135: Invalid method in request get \\assets/img/assets/ HTTP/1.0
[Sat May 01 04:55:16.324689 2021] [core:error] [pid 11052:tid 25240] [client 10.1.60.24:48122] AH00135: Invalid method in request get \\assets/img/assets/img/ HTTP/1.0
[Sat May 01 04:55:16.758303 2021] [core:error] [pid 11052:tid 25224] [client 10.1.60.24:48356] AH00126: Invalid URI in request 'boot.ini' 'GET /assets/assets/assets/%2e%2e/%2e%2e/%2e%2e/%2e%2e/%2e%2e/%2e%2e/%2e%2e/%2e%2e/%2e%2e/%2e%2e/%2e%2e/%2e%2e/boot.ini HTTP/1.0'
[Sat May 01 04:55:16.895500 2021] [core:error] [pid 11052:tid 25240] [client 10.1.60.24:48436] AH00126: Invalid URI in request 'boot.ini' 'GET /assets/assets/assets/img/%2e%2e/%2e%2e/%2e%2e/%2e%2e/%2e%2e/%2e%2e/%2e%2e/%2e%2e/%2e%2e/%2e%2e/%2e%2e/%2e%2e/boot.ini HTTP/1.0'
[Sat May 01 04:55:17.747872 2021] [core:error] [pid 11052:tid 25224] [client 10.1.60.24:49084] AH00135: Invalid method in request get /assets/assets/assets/ HTTP/1.0
[Sat May 01 04:55:17.891075 2021] [core:error] [pid 11052:tid 25232] [client 10.1.60.24:49218] AH00135: Invalid method in request get /assets/assets/assets/img/ HTTP/1.0
[Sat May 01 04:55:18.481039 2021] [core:error] [pid 11052:tid 25232] [client 10.1.60.24:50010] AH00126: Invalid URI in request 'boot.ini' 'GET /assets/assets/img/assets/%2e%2e/%2e%2e/%2e%2e/%2e%2e/%2e%2e/%2e%2e/%2e%2e/%2e%2e/%2e%2e/%2e%2e/%2e%2e/%2e%2e/boot.ini HTTP/1.0'
[Sat May 01 04:55:19.473884 2021] [core:error] [pid 11052:tid 25232] [client 10.1.60.24:51254] AH00135: Invalid method in request get /assets/assets/img/assets/ HTTP/1.0
[Sat May 01 04:55:20.093767 2021] [core:error] [pid 11052:tid 25232] [client 10.1.60.24:51740] AH00126: Invalid URI in request 'boot.ini' 'GET /assets/assets/img/assets/img/%2e%2e/%2e%2e/%2e%2e/%2e%2e/%2e%2e/%2e%2e/%2e%2e/%2e%2e/%2e%2e/%2e%2e/%2e%2e/%2e%2e/boot.ini HTTP/1.0'
[Sat May 01 04:55:21.084332 2021] [core:error] [pid 11052:tid 25232] [client 10.1.60.24:52268] AH00135: Invalid method in request get /assets/assets/img/assets/img/ HTTP/1.0
[Sat May 01 04:55:21.884655 2021] [core:error] [pid 11052:tid 25232] [client 10.1.60.24:52802] AH00126: Invalid URI in request 'boot.ini' 'GET /assets/img/assets/assets/%2e%2e/%2e%2e/%2e%2e/%2e%2e/%2e%2e/%2e%2e/%2e%2e/%2e%2e/%2e%2e/%2e%2e/%2e%2e/%2e%2e/boot.ini HTTP/1.0'
[Sat May 01 04:55:21.886734 2021] [core:error] [pid 11052:tid 25224] [client 10.1.60.24:52808] AH00126: Invalid URI in request 'boot.ini' 'GET /assets/img/assets/assets/img/%2e%2e/%2e%2e/%2e%2e/%2e%2e/%2e%2e/%2e%2e/%2e%2e/%2e%2e/%2e%2e/%2e%2e/%2e%2e/%2e%2e/boot.ini HTTP/1.0'
[Sat May 01 04:55:22.058905 2021] [core:error] [pid 11052:tid 25240] [client 10.1.60.24:52966] AH00126: Invalid URI in request 'boot.ini' 'GET /assets/img/assets/img/assets/%2e%2e/%2e%2e/%2e%2e/%2e%2e/%2e%2e/%2e%2e/%2e%2e/%2e%2e/%2e%2e/%2e%2e/%2e%2e/%2e%2e/boot.ini HTTP/1.0'
[Sat May 01 04:55:22.835008 2021] [core:error] [pid 11052:tid 25232] [client 10.1.60.24:53492] AH00135: Invalid method in request get /assets/img/assets/assets/ HTTP/1.0
[Sat May 01 04:55:22.876067 2021] [core:error] [pid 11052:tid 25224] [client 10.1.60.24:53506] AH00135: Invalid method in request get /assets/img/assets/assets/img/ HTTP/1.0
[Sat May 01 04:55:23.021273 2021] [core:error] [pid 11052:tid 25240] [client 10.1.60.24:53614] AH00135: Invalid method in request get /assets/img/assets/img/assets/ HTTP/1.0
[Sat May 01 04:55:23.414838 2021] [core:error] [pid 11052:tid 25232] [client 10.1.60.24:53858] AH00126: Invalid URI in request 'boot.ini' 'GET /assets/img/assets/img/assets/img/%2e%2e/%2e%2e/%2e%2e/%2e%2e/%2e%2e/%2e%2e/%2e%2e/%2e%2e/%2e%2e/%2e%2e/%2e%2e/%2e%2e/boot.ini HTTP/1.0'
[Sat May 01 04:55:23.653175 2021] [core:error] [pid 11052:tid 25240] [client 10.1.60.24:50066] AH00126: Invalid URI in request 'boot.ini' 'GET /downloads/%2e%2e/%2e%2e/%2e%2e/%2e%2e/%2e%2e/%2e%2e/%2e%2e/%2e%2e/%2e%2e/%2e%2e/%2e%2e/%2e%2e/boot.ini HTTP/1.0'
[Sat May 01 04:55:24.391278 2021] [core:error] [pid 11052:tid 25232] [client 10.1.60.24:54644] AH00135: Invalid method in request get /assets/img/assets/img/assets/img/ HTTP/1.0
[Sat May 01 04:55:24.972054 2021] [core:error] [pid 11052:tid 25232] [client 10.1.60.24:51006] AH00126: Invalid URI in request 'boot.ini' 'GET \\%2e%2e/%2e%2e/%2e%2e/%2e%2e/%2e%2e/%2e%2e/%2e%2e/%2e%2e/%2e%2e/%2e%2e/%2e%2e/%2e%2e/boot.ini HTTP/1.0'
[Sat May 01 04:55:47.997638 2021] [core:error] [pid 11052:tid 25224] [client 10.1.60.24:46032] AH00126: Invalid URI in request 'boot.ini' 'GET /%2e%2e/%2e%2e/%2e%2e/%2e%2e/%2e%2e/%2e%2e/%2e%2e/%2e%2e/%2e%2e/%2e%2e/%2e%2e/%2e%2e/boot.ini HTTP/1.0'
[Sat May 01 04:56:26.550152 2021] [proxy_http:error] [pid 11052:tid 25240] (OS 10060)A connection attempt failed because the connected party did not properly respond after a period of time, or established connection failed because connected host has failed to respond.  : [client 10.1.60.24:51792] AH01102: error reading status line from remote server 10.1.242.238:7111
[Sat May 01 04:56:26.550152 2021] [proxy:error] [pid 11052:tid 25240] [client 10.1.60.24:51792] AH00898: Error reading from remote server returned by /
[Sat May 01 04:56:27.458449 2021] [proxy_http:error] [pid 11052:tid 25248] (OS 10060)A connection attempt failed because the connected party did not properly respond after a period of time, or established connection failed because connected host has failed to respond.  : [client 10.1.60.24:52594] AH01102: error reading status line from remote server 10.1.242.238:7112
[Sat May 01 04:56:27.458449 2021] [proxy:error] [pid 11052:tid 25248] [client 10.1.60.24:52594] AH00898: Error reading from remote server returned by /
[Sat May 01 04:56:31.870029 2021] [core:error] [pid 11052:tid 25232] [client 10.1.60.24:57124] AH00126: Invalid URI in request 'boot.ini' 'GET /%2e%2e/%2e%2e/%2e%2e/%2e%2e/%2e%2e/%2e%2e/%2e%2e/%2e%2e/%2e%2e/%2e%2e/%2e%2e/%2e%2e/boot.ini HTTP/1.0'
[Sat May 01 04:56:32.079333 2021] [core:error] [pid 11052:tid 25224] [client 10.1.60.24:57302] AH00126: Invalid URI in request '"><script>alert(73541);</script>' 'GET /../"><script>alert(73541);</script> HTTP/1.0'
[Sat May 01 04:56:32.563022 2021] [core:error] [pid 11052:tid 25216] [client 10.1.60.24:57692] AH00126: Invalid URI in request 'makebook-2.2/bookfile.html' 'GET /../../makebook-2.2/bookfile.html HTTP/1.1'
[Sat May 01 04:56:32.630132 2021] [core:error] [pid 11052:tid 25240] [client 10.1.60.24:57750] AH00126: Invalid URI in request 'boot.ini' 'GET /../../boot.ini HTTP/1.0'
[Sat May 01 04:56:32.685204 2021] [core:error] [pid 11052:tid 25240] [client 10.1.60.24:57804] AH00126: Invalid URI in request 'boot.ini' 'GET /../boot.ini HTTP/1.0'
[Sat May 01 04:56:33.230003 2021] [core:error] [pid 11052:tid 25232] [client 10.1.60.24:58262] AH00126: Invalid URI in request 'boot.ini' 'GET /../../../../../../../../../boot.ini HTTP/1.0'
[Sat May 01 04:56:33.281072 2021] [core:error] [pid 11052:tid 25232] [client 10.1.60.24:58306] AH00126: Invalid URI in request 'boot.ini' 'GET /..\\..\\..\\..\\..\\..\\..\\..\\..\\boot.ini HTTP/1.0'
[Sat May 01 04:56:33.405223 2021] [core:error] [pid 11052:tid 25232] [client 10.1.60.24:58392] AH00126: Invalid URI in request 'boot.ini' 'GET /.././.././.././.././.././.././.././.././.././boot.ini HTTP/1.0'
[Sat May 01 04:56:34.678040 2021] [core:error] [pid 11052:tid 25216] [client 10.1.60.24:59798] AH00126: Invalid URI in request 'boot.ini' 'GET //../../../../../../../boot.ini HTTP/1.0'
[Sat May 01 04:56:34.832255 2021] [core:error] [pid 11052:tid 25232] [client 10.1.60.24:59974] AH00126: Invalid URI in request 'boot.ini' 'GET //../../../../../../../../../../../../../../../../../../../../../boot.ini HTTP/1.0'
[Sat May 01 04:56:34.882332 2021] [core:error] [pid 11052:tid 25232] [client 10.1.60.24:60046] AH00126: Invalid URI in request 'passwd' 'GET //../../../../../../../../../../../../../../../../../../../../../passwd HTTP/1.0'
[Sat May 01 04:56:35.197774 2021] [core:error] [pid 11052:tid 25232] [client 10.1.60.24:60422] AH00126: Invalid URI in request 'boot.ini' 'GET /\\...\\..\\..\\..\\..\\..\\..\\boot.ini HTTP/1.0'
[Sat May 01 04:56:35.518231 2021] [core:error] [pid 11052:tid 25232] [client 10.1.60.24:60820] AH00126: Invalid URI in request 'boot.ini' 'GET /../../../../../../../../../../../../../../../boot.ini HTTP/1.0'
[Sat May 01 04:56:35.578324 2021] [core:error] [pid 11052:tid 25232] [client 10.1.60.24:60902] AH00126: Invalid URI in request 'boot.ini' 'GET /../../../../../../../../../../../../../../../boot.ini HTTP/1.0'
[Sat May 01 04:56:36.517666 2021] [core:error] [pid 11052:tid 25240] [client 10.1.60.24:34508] AH00126: Invalid URI in request 'winnt/win.ini' 'GET /../../../../../../../../../../winnt/win.ini HTTP/1.0'
[Sat May 01 04:56:37.937679 2021] [core:error] [pid 11052:tid 25240] [client 10.1.60.24:36468] AH00126: Invalid URI in request 'boot.ini' 'GET //syshelp/../../../../../../boot.ini HTTP/1.0'
[Sat May 01 04:56:37.990755 2021] [core:error] [pid 11052:tid 25240] [client 10.1.60.24:36540] AH00126: Invalid URI in request 'boot.ini' 'GET //samples/../../../../../../boot.ini HTTP/1.0'
[Sat May 01 04:56:39.852412 2021] [core:error] [pid 11052:tid 22108] [client 10.1.60.24:39176] AH00126: Invalid URI in request 'config.dat' 'GET /../config.dat HTTP/1.0'
[Sat May 01 04:56:41.073165 2021] [core:error] [pid 11052:tid 22108] [client 10.1.60.24:40750] AH00126: Invalid URI in request 'abcd' 'GET abcd HTTP/1.0'
[Sat May 01 04:56:41.124227 2021] [core:error] [pid 11052:tid 22108] [client 10.1.60.24:40814] AH00126: Invalid URI in request 'abcd' 'GET abcd HTTP/1.1'
[Sat May 01 04:56:50.516786 2021] [core:error] [pid 11052:tid 21780] [client 10.1.60.24:53490] AH00126: Invalid URI in request '' 'GET /../../../../../../../ HTTP/1.0'
[Sat May 01 04:56:52.882309 2021] [core:error] [pid 11052:tid 20148] [client 10.1.60.24:56692] AH00126: Invalid URI in request '' 'GET /../../../../../../../../../ HTTP/1.0'
[Sat May 01 04:56:57.096483 2021] [core:error] [pid 11052:tid 21780] [client 10.1.60.24:33138] AH00126: Invalid URI in request 'boot.ini::$DATA' 'GET /../../../../../../../../../../../boot.ini::$DATA HTTP/1.0'
[Sat May 01 04:57:38.142896 2021] [proxy_http:error] [pid 11052:tid 25224] (70008)Partial results are valid but processing is incomplete: [client 10.1.60.24:36738] AH01095: prefetch request body failed to 10.1.242.250:7111 (10.1.242.250) from 10.1.60.24 ()
[Sat May 01 04:57:41.292755 2021] [proxy_http:error] [pid 11052:tid 22108] (70008)Partial results are valid but processing is incomplete: [client 10.1.60.24:40968] AH01095: prefetch request body failed to 10.1.242.238:7111 (10.1.242.238) from 10.1.60.24 ()
[Sat May 01 04:57:42.841685 2021] [proxy_http:error] [pid 11052:tid 21620] (OS 10060)A connection attempt failed because the connected party did not properly respond after a period of time, or established connection failed because connected host has failed to respond.  : [client 10.1.60.24:42266] AH01102: error reading status line from remote server 10.1.242.238:7112
[Sat May 01 04:57:42.841685 2021] [proxy:error] [pid 11052:tid 21620] [client 10.1.60.24:42266] AH00898: Error reading from remote server returned by /
[Sat May 01 04:57:52.419458 2021] [proxy_http:error] [pid 11052:tid 22228] (70008)Partial results are valid but processing is incomplete: [client 10.1.60.24:50904] AH01095: prefetch request body failed to 10.1.242.251:7112 (10.1.242.251) from 10.1.60.24 ()
[Sat May 01 04:57:56.038881 2021] [proxy_http:error] [pid 11052:tid 20148] (OS 10060)A connection attempt failed because the connected party did not properly respond after a period of time, or established connection failed because connected host has failed to respond.  : [client 10.1.60.24:59790] AH01102: error reading status line from remote server 10.1.242.238:7112
[Sat May 01 04:57:56.038881 2021] [proxy:error] [pid 11052:tid 20148] [client 10.1.60.24:59790] AH00898: Error reading from remote server returned by /
[Sat May 01 04:57:57.782906 2021] [proxy_http:error] [pid 11052:tid 21780] (70008)Partial results are valid but processing is incomplete: [client 10.1.60.24:33918] AH01095: prefetch request body failed to 10.1.242.250:7111 (10.1.242.250) from 10.1.60.24 ()
[Sat May 01 04:57:59.273780 2021] [core:error] [pid 11052:tid 21780] [client 10.1.60.24:60910] AH00126: Invalid URI in request 'boot.ini' 'GET /../../../../../../../../../../../boot.ini HTTP/1.0'
[Sat May 01 04:58:29.755934 2021] [core:error] [pid 11052:tid 22108] [client 10.1.60.24:44250] AH00126: Invalid URI in request 'boot.ini' 'GET /console/%2e%2e/%2e%2e/%2e%2e/%2e%2e/%2e%2e/%2e%2e/%2e%2e/%2e%2e/%2e%2e/%2e%2e/%2e%2e/%2e%2e/boot.ini HTTP/1.0'
[Sat May 01 04:58:36.139127 2021] [core:error] [pid 11052:tid 25224] [client 10.1.60.24:50662] AH00135: Invalid method in request get \\assets/assets/assets/ HTTP/1.0
[Sat May 01 04:58:39.446759 2021] [core:error] [pid 11052:tid 25224] [client 10.1.60.24:53970] AH00135: Invalid method in request get \\assets/assets/assets/img/ HTTP/1.0
[Sat May 01 04:58:42.766708 2021] [core:error] [pid 11052:tid 20148] [client 10.1.60.24:57410] AH00135: Invalid method in request get \\assets/assets/img/assets/ HTTP/1.0
[Sat May 01 04:58:46.079009 2021] [core:error] [pid 11052:tid 20148] [client 10.1.60.24:32956] AH00135: Invalid method in request get \\assets/assets/img/assets/img/ HTTP/1.0
[Sat May 01 04:59:11.585960 2021] [core:error] [pid 11052:tid 22108] [client 10.1.60.24:50172] AH00135: Invalid method in request get \\assets/../assets/assets/ HTTP/1.0
[Sat May 01 04:59:14.913926 2021] [core:error] [pid 11052:tid 20148] [client 10.1.60.24:53002] AH00135: Invalid method in request get \\assets/../assets/assets/img/ HTTP/1.0
[Sat May 01 04:59:18.220303 2021] [core:error] [pid 11052:tid 21620] [client 10.1.60.24:55472] AH00135: Invalid method in request get \\assets/../assets/../ HTTP/1.0
[Sat May 01 04:59:21.555459 2021] [core:error] [pid 11052:tid 25224] [client 10.1.60.24:56968] AH00135: Invalid method in request get \\assets/../assets/../assets/ HTTP/1.0
