[Sat May 01 05:06:34.075796 2021] [core:error] [pid 11052:tid 20148] [client 10.1.60.24:52608] AH00126: Invalid URI in request 'boot.ini' 'GET \\assets/../assets/assets/img/assets/../assets/img/%2e%2e/%2e%2e/%2e%2e/%2e%2e/%2e%2e/%2e%2e/%2e%2e/%2e%2e/%2e%2e/%2e%2e/%2e%2e/%2e%2e/boot.ini HTTP/1.0'
[Sat May 01 05:06:34.134816 2021] [core:error] [pid 11052:tid 22228] [client 10.1.60.24:52684] AH00135: Invalid method in request get \\assets/../assets/assets/img/assets/assets/ HTTP/1.0
[Sat May 01 05:06:34.276855 2021] [core:error] [pid 11052:tid 22108] [client 10.1.60.24:52908] AH00135: Invalid method in request get \\assets/../assets/assets/img/assets/assets/img/ HTTP/1.0
[Sat May 01 05:06:34.312860 2021] [core:error] [pid 11052:tid 25224] [client 10.1.60.24:52954] AH00135: Invalid method in request get \\assets/../assets/assets/img/assets/../assets/ HTTP/1.0
[Sat May 01 05:06:34.321866 2021] [core:error] [pid 11052:tid 25248] [client 10.1.60.24:52966] AH00126: Invalid URI in request 'boot.ini' 'GET \\assets/../assets/assets/img/../assets/assets/%2e%2e/%2e%2e/%2e%2e/%2e%2e/%2e%2e/%2e%2e/%2e%2e/%2e%2e/%2e%2e/%2e%2e/%2e%2e/%2e%2e/boot.ini HTTP/1.0'
[Sat May 01 05:06:34.322866 2021] [core:error] [pid 11052:tid 20148] [client 10.1.60.24:52970] AH00135: Invalid method in request get \\assets/../assets/assets/img/assets/../ HTTP/1.0
[Sat May 01 05:06:34.640967 2021] [core:error] [pid 11052:tid 25248] [client 10.1.60.24:53460] AH00126: Invalid URI in request 'boot.ini' 'GET \\assets/../assets/assets/img/../assets/assets/img/%2e%2e/%2e%2e/%2e%2e/%2e%2e/%2e%2e/%2e%2e/%2e%2e/%2e%2e/%2e%2e/%2e%2e/%2e%2e/%2e%2e/boot.ini HTTP/1.0'
[Sat May 01 05:06:34.716983 2021] [core:error] [pid 11052:tid 21620] [client 10.1.60.24:53568] AH00126: Invalid URI in request 'boot.ini' 'GET \\assets/../assets/assets/img/../assets/../%2e%2e/%2e%2e/%2e%2e/%2e%2e/%2e%2e/%2e%2e/%2e%2e/%2e%2e/%2e%2e/%2e%2e/%2e%2e/%2e%2e/boot.ini HTTP/1.0'
[Sat May 01 05:06:34.860027 2021] [core:error] [pid 11052:tid 22108] [client 10.1.60.24:53770] AH00126: Invalid URI in request 'boot.ini' 'GET \\assets/../assets/assets/img/../assets/../assets/%2e%2e/%2e%2e/%2e%2e/%2e%2e/%2e%2e/%2e%2e/%2e%2e/%2e%2e/%2e%2e/%2e%2e/%2e%2e/%2e%2e/boot.ini HTTP/1.0'
[Sat May 01 05:06:34.880033 2021] [core:error] [pid 11052:tid 25224] [client 10.1.60.24:53790] AH00126: Invalid URI in request 'boot.ini' 'GET \\assets/../assets/assets/img/../assets/../assets/img/%2e%2e/%2e%2e/%2e%2e/%2e%2e/%2e%2e/%2e%2e/%2e%2e/%2e%2e/%2e%2e/%2e%2e/%2e%2e/%2e%2e/boot.ini HTTP/1.0'
[Sat May 01 05:06:34.910033 2021] [core:error] [pid 11052:tid 25240] [client 10.1.60.24:53832] AH00135: Invalid method in request get \\assets/../assets/assets/img/assets/../assets/img/ HTTP/1.0
[Sat May 01 05:06:34.918034 2021] [core:error] [pid 11052:tid 20148] [client 10.1.60.24:53850] AH00126: Invalid URI in request 'boot.ini' 'GET \\assets/../assets/assets/img/../assets/img/assets/%2e%2e/%2e%2e/%2e%2e/%2e%2e/%2e%2e/%2e%2e/%2e%2e/%2e%2e/%2e%2e/%2e%2e/%2e%2e/%2e%2e/boot.ini HTTP/1.0'
[Sat May 01 05:06:35.162115 2021] [core:error] [pid 11052:tid 22228] [client 10.1.60.24:54298] AH00135: Invalid method in request get \\assets/../assets/assets/img/../assets/assets/ HTTP/1.0
[Sat May 01 05:06:35.490212 2021] [core:error] [pid 11052:tid 25248] [client 10.1.60.24:54812] AH00135: Invalid method in request get \\assets/../assets/assets/img/../assets/assets/img/ HTTP/1.0
[Sat May 01 05:06:35.509286 2021] [core:error] [pid 11052:tid 21620] [client 10.1.60.24:54842] AH00126: Invalid URI in request 'boot.ini' 'GET \\assets/../assets/assets/img/../assets/img/assets/img/%2e%2e/%2e%2e/%2e%2e/%2e%2e/%2e%2e/%2e%2e/%2e%2e/%2e%2e/%2e%2e/%2e%2e/%2e%2e/%2e%2e/boot.ini HTTP/1.0'
[Sat May 01 05:06:35.565243 2021] [core:error] [pid 11052:tid 20148] [client 10.1.60.24:54946] AH00135: Invalid method in request get \\assets/../assets/assets/img/../assets/../ HTTP/1.0
[Sat May 01 05:06:35.709273 2021] [core:error] [pid 11052:tid 25240] [client 10.1.60.24:55180] AH00135: Invalid method in request get \\assets/../assets/assets/img/../assets/../assets/ HTTP/1.0
[Sat May 01 05:06:35.740285 2021] [core:error] [pid 11052:tid 25224] [client 10.1.60.24:55216] AH00135: Invalid method in request get \\assets/../assets/assets/img/../assets/../assets/img/ HTTP/1.0
[Sat May 01 05:06:35.767287 2021] [core:error] [pid 11052:tid 22108] [client 10.1.60.24:55260] AH00135: Invalid method in request get \\assets/../assets/assets/img/../assets/img/assets/ HTTP/1.0
[Sat May 01 05:06:35.780297 2021] [core:error] [pid 11052:tid 22228] [client 10.1.60.24:55266] AH00126: Invalid URI in request 'boot.ini' 'GET \\assets/../assets/assets/img/../assets/img/../%2e%2e/%2e%2e/%2e%2e/%2e%2e/%2e%2e/%2e%2e/%2e%2e/%2e%2e/%2e%2e/%2e%2e/%2e%2e/%2e%2e/boot.ini HTTP/1.0'
[Sat May 01 05:06:36.077541 2021] [core:error] [pid 11052:tid 25248] [client 10.1.60.24:55652] AH00126: Invalid URI in request 'boot.ini' 'GET \\assets/../assets/assets/img/../assets/img/../assets/%2e%2e/%2e%2e/%2e%2e/%2e%2e/%2e%2e/%2e%2e/%2e%2e/%2e%2e/%2e%2e/%2e%2e/%2e%2e/%2e%2e/boot.ini HTTP/1.0'
[Sat May 01 05:06:36.140572 2021] [core:error] [pid 11052:tid 20148] [client 10.1.60.24:55738] AH00126: Invalid URI in request 'boot.ini' 'GET \\assets/../assets/assets/img/../assets/img/../assets/img/%2e%2e/%2e%2e/%2e%2e/%2e%2e/%2e%2e/%2e%2e/%2e%2e/%2e%2e/%2e%2e/%2e%2e/%2e%2e/%2e%2e/boot.ini HTTP/1.0'
[Sat May 01 05:06:36.296619 2021] [core:error] [pid 11052:tid 25240] [client 10.1.60.24:55956] AH00126: Invalid URI in request 'boot.ini' 'GET \\assets/../assets/../assets/assets/assets/%2e%2e/%2e%2e/%2e%2e/%2e%2e/%2e%2e/%2e%2e/%2e%2e/%2e%2e/%2e%2e/%2e%2e/%2e%2e/%2e%2e/boot.ini HTTP/1.0'
[Sat May 01 05:06:36.326633 2021] [core:error] [pid 11052:tid 25224] [client 10.1.60.24:55990] AH00126: Invalid URI in request 'boot.ini' 'GET \\assets/../assets/../assets/assets/assets/img/%2e%2e/%2e%2e/%2e%2e/%2e%2e/%2e%2e/%2e%2e/%2e%2e/%2e%2e/%2e%2e/%2e%2e/%2e%2e/%2e%2e/boot.ini HTTP/1.0'
[Sat May 01 05:06:36.344619 2021] [core:error] [pid 11052:tid 21620] [client 10.1.60.24:56018] AH00135: Invalid method in request get \\assets/../assets/assets/img/../assets/img/assets/img/ HTTP/1.0
[Sat May 01 05:06:36.358629 2021] [core:error] [pid 11052:tid 22108] [client 10.1.60.24:56032] AH00126: Invalid URI in request 'boot.ini' 'GET \\assets/../assets/../assets/assets/../%2e%2e/%2e%2e/%2e%2e/%2e%2e/%2e%2e/%2e%2e/%2e%2e/%2e%2e/%2e%2e/%2e%2e/%2e%2e/%2e%2e/boot.ini HTTP/1.0'
[Sat May 01 05:06:36.615701 2021] [core:error] [pid 11052:tid 22228] [client 10.1.60.24:56320] AH00135: Invalid method in request get \\assets/../assets/assets/img/../assets/img/../ HTTP/1.0
[Sat May 01 05:06:36.904785 2021] [core:error] [pid 11052:tid 25264] [client 10.1.60.24:56682] AH00135: Invalid method in request get \\assets/../assets/assets/img/../assets/img/../assets/ HTTP/1.0
[Sat May 01 05:06:36.922789 2021] [core:error] [pid 11052:tid 21620] [client 10.1.60.24:56700] AH00126: Invalid URI in request 'boot.ini' 'GET \\assets/../assets/../assets/assets/../assets/%2e%2e/%2e%2e/%2e%2e/%2e%2e/%2e%2e/%2e%2e/%2e%2e/%2e%2e/%2e%2e/%2e%2e/%2e%2e/%2e%2e/boot.ini HTTP/1.0'
[Sat May 01 05:06:36.987811 2021] [core:error] [pid 11052:tid 20148] [client 10.1.60.24:56776] AH00135: Invalid method in request get \\assets/../assets/assets/img/../assets/img/../assets/img/ HTTP/1.0
[Sat May 01 05:06:37.138848 2021] [core:error] [pid 11052:tid 25224] [client 10.1.60.24:56958] AH00135: Invalid method in request get \\assets/../assets/../assets/assets/assets/img/ HTTP/1.0
[Sat May 01 05:06:37.144858 2021] [core:error] [pid 11052:tid 25240] [client 10.1.60.24:56964] AH00135: Invalid method in request get \\assets/../assets/../assets/assets/assets/ HTTP/1.0
[Sat May 01 05:06:37.164858 2021] [core:error] [pid 11052:tid 22228] [client 10.1.60.24:56986] AH00126: Invalid URI in request 'boot.ini' 'GET \\assets/../assets/../assets/assets/../assets/img/%2e%2e/%2e%2e/%2e%2e/%2e%2e/%2e%2e/%2e%2e/%2e%2e/%2e%2e/%2e%2e/%2e%2e/%2e%2e/%2e%2e/boot.ini HTTP/1.0'
[Sat May 01 05:06:37.199869 2021] [core:error] [pid 11052:tid 25224] [client 10.1.60.24:57020] AH00135: Invalid method in request get \\assets/../assets/../assets/assets/../ HTTP/1.0
[Sat May 01 05:06:37.508958 2021] [core:error] [pid 11052:tid 25248] [client 10.1.60.24:57372] AH00126: Invalid URI in request 'boot.ini' 'GET \\assets/../assets/../assets/../../%2e%2e/%2e%2e/%2e%2e/%2e%2e/%2e%2e/%2e%2e/%2e%2e/%2e%2e/%2e%2e/%2e%2e/%2e%2e/%2e%2e/boot.ini HTTP/1.0'
[Sat May 01 05:06:37.567979 2021] [core:error] [pid 11052:tid 25248] [client 10.1.60.24:57438] AH00126: Invalid URI in request '\xc0\xae\xc0\xae/\xc0\xae\xc0\xae/\xc0\xae\xc0\xae/\xc0\xae\xc0\xae/\xc0\xae\xc0\xae/\xc0\xae\xc0\xae/\xc0\xae\xc0\xae/\xc0\xae\xc0\xae/\xc0\xae\xc0\xae/\xc0\xae\xc0\xae/\xc0\xae\xc0\xae/\xc0\xae\xc0\xae/boot.ini' 'GET \\assets/../assets/../assets/../../%c0%ae%c0%ae/%c0%ae%c0%ae/%c0%ae%c0%ae/%c0%ae%c0%ae/%c0%ae%c0%ae/%c0%ae%c0%ae/%c0%ae%c0%ae/%c0%ae%c0%ae/%c0%ae%c0%ae/%c0%ae%c0%ae/%c0%ae%c0%ae/%c0%ae%c0%ae/boot.ini HTTP/1.0'
[Sat May 01 05:06:37.583985 2021] [core:error] [pid 11052:tid 20148] [client 10.1.60.24:57466] AH00126: Invalid URI in request 'boot.ini' 'GET \\assets/../assets/../assets/../../assets/%2e%2e/%2e%2e/%2e%2e/%2e%2e/%2e%2e/%2e%2e/%2e%2e/%2e%2e/%2e%2e/%2e%2e/%2e%2e/%2e%2e/boot.ini HTTP/1.0'
[Sat May 01 05:06:37.618996 2021] [core:error] [pid 11052:tid 25248] [client 10.1.60.24:57496] AH00126: Invalid URI in request '\xe0\x80\xae\xe0\x80\xae/\xe0\x80\xae\xe0\x80\xae/\xe0\x80\xae\xe0\x80\xae/\xe0\x80\xae\xe0\x80\xae/\xe0\x80\xae\xe0\x80\xae/\xe0\x80\xae\xe0\x80\xae/\xe0\x80\xae\xe0\x80\xae/\xe0\x80\xae\xe0\x80\xae/\xe0\x80\xae\xe0\x80\xae/\xe0\x80\xae\xe0\x80\xae/\xe0\x80\xae\xe0\x80\xae/\xe0\x80\xae\xe0\x80\xae/boot.ini' 'GET \\assets/../assets/../assets/../../%e0%80%ae%e0%80%ae/%e0%80%ae%e0%80%ae/%e0%80%ae%e0%80%ae/%e0%80%ae%e0%80%ae/%e0%80%ae%e0%80%ae/%e0%80%ae%e0%80%ae/%e0%80%ae%e0%80%ae/%e0%80%ae%e0%80%ae/%e0%80%ae%e0%80%ae/%e0%80%ae%e0%80%ae/%e0%80%ae%e0%80%ae/%e0%80%ae%e0%80%ae/boot.ini HTTP/1.0'
[Sat May 01 05:06:37.634993 2021] [core:error] [pid 11052:tid 20148] [client 10.1.60.24:57508] AH00126: Invalid URI in request 'assets/\xc0\xae\xc0\xae/\xc0\xae\xc0\xae/\xc0\xae\xc0\xae/\xc0\xae\xc0\xae/\xc0\xae\xc0\xae/\xc0\xae\xc0\xae/\xc0\xae\xc0\xae/\xc0\xae\xc0\xae/\xc0\xae\xc0\xae/\xc0\xae\xc0\xae/\xc0\xae\xc0\xae/\xc0\xae\xc0\xae/boot.ini' 'GET \\assets/../assets/../assets/../../assets/%c0%ae%c0%ae/%c0%ae%c0%ae/%c0%ae%c0%ae/%c0%ae%c0%ae/%c0%ae%c0%ae/%c0%ae%c0%ae/%c0%ae%c0%ae/%c0%ae%c0%ae/%c0%ae%c0%ae/%c0%ae%c0%ae/%c0%ae%c0%ae/%c0%ae%c0%ae/boot.ini HTTP/1.0'
[Sat May 01 05:06:37.680006 2021] [core:error] [pid 11052:tid 25248] [client 10.1.60.24:57544] AH00126: Invalid URI in request '\xf0\x80\x80\xae\xf0\x80\x80\xae/\xf0\x80\x80\xae\xf0\x80\x80\xae/\xf0\x80\x80\xae\xf0\x80\x80\xae/\xf0\x80\x80\xae\xf0\x80\x80\xae/\xf0\x80\x80\xae\xf0\x80\x80\xae/\xf0\x80\x80\xae\xf0\x80\x80\xae/\xf0\x80\x80\xae\xf0\x80\x80\xae/\xf0\x80\x80\xae\xf0\x80\x80\xae/\xf0\x80\x80\xae\xf0\x80\x80\xae/\xf0\x80\x80\xae\xf0\x80\x80\xae/\xf0\x80\x80\xae\xf0\x80\x80\xae/\xf0\x80\x80\xae\xf0\x80\x80\xae/boot.ini' 'GET \\assets/../assets/../assets/../../%f0%80%80%ae%f0%80%80%ae/%f0%80%80%ae%f0%80%80%ae/%f0%80%80%ae%f0%80%80%ae/%f0%80%80%ae%f0%80%80%ae/%f0%80%80%ae%f0%80%80%ae/%f0%80%80%ae%f0%80%80%ae/%f0%80%80%ae%f0%80%80%ae/%f0%80%80%ae%f0%80%80%ae/%f0%80%80%ae%f0%80%80%ae/%f0%80%80%ae%f0%80%80%ae/%f0%80%80%ae%f0%80%80%ae/%f0%80%80%ae%f0%80%80%ae/boot.ini HTTP/1.0'
[Sat May 01 05:06:37.691011 2021] [core:error] [pid 11052:tid 20148] [client 10.1.60.24:57560] AH00126: Invalid URI in request 'assets/\xe0\x80\xae\xe0\x80\xae/\xe0\x80\xae\xe0\x80\xae/\xe0\x80\xae\xe0\x80\xae/\xe0\x80\xae\xe0\x80\xae/\xe0\x80\xae\xe0\x80\xae/\xe0\x80\xae\xe0\x80\xae/\xe0\x80\xae\xe0\x80\xae/\xe0\x80\xae\xe0\x80\xae/\xe0\x80\xae\xe0\x80\xae/\xe0\x80\xae\xe0\x80\xae/\xe0\x80\xae\xe0\x80\xae/\xe0\x80\xae\xe0\x80\xae/boot.ini' 'GET \\assets/../assets/../assets/../../assets/%e0%80%ae%e0%80%ae/%e0%80%ae%e0%80%ae/%e0%80%ae%e0%80%ae/%e0%80%ae%e0%80%ae/%e0%80%ae%e0%80%ae/%e0%80%ae%e0%80%ae/%e0%80%ae%e0%80%ae/%e0%80%ae%e0%80%ae/%e0%80%ae%e0%80%ae/%e0%80%ae%e0%80%ae/%e0%80%ae%e0%80%ae/%e0%80%ae%e0%80%ae/boot.ini HTTP/1.0'
[Sat May 01 05:06:37.721015 2021] [core:error] [pid 11052:tid 21620] [client 10.1.60.24:57584] AH00126: Invalid URI in request 'boot.ini' 'GET \\assets/../assets/../assets/../../assets/img/%2e%2e/%2e%2e/%2e%2e/%2e%2e/%2e%2e/%2e%2e/%2e%2e/%2e%2e/%2e%2e/%2e%2e/%2e%2e/%2e%2e/boot.ini HTTP/1.0'
[Sat May 01 05:06:37.729017 2021] [core:error] [pid 11052:tid 25240] [client 10.1.60.24:57602] AH00126: Invalid URI in request 'boot.ini' 'GET \\assets/../assets/../assets/assets/img/assets/%2e%2e/%2e%2e/%2e%2e/%2e%2e/%2e%2e/%2e%2e/%2e%2e/%2e%2e/%2e%2e/%2e%2e/%2e%2e/%2e%2e/boot.ini HTTP/1.0'
[Sat May 01 05:06:37.739021 2021] [core:error] [pid 11052:tid 25248] [client 10.1.60.24:57612] AH00126: Invalid URI in request '\xf8\x80\x80\x80\xae\xf8\x80\x80\x80\xae/\xf8\x80\x80\x80\xae\xf8\x80\x80\x80\xae/\xf8\x80\x80\x80\xae\xf8\x80\x80\x80\xae/\xf8\x80\x80\x80\xae\xf8\x80\x80\x80\xae/\xf8\x80\x80\x80\xae\xf8\x80\x80\x80\xae/\xf8\x80\x80\x80\xae\xf8\x80\x80\x80\xae/\xf8\x80\x80\x80\xae\xf8\x80\x80\x80\xae/\xf8\x80\x80\x80\xae\xf8\x80\x80\x80\xae/\xf8\x80\x80\x80\xae\xf8\x80\x80\x80\xae/\xf8\x80\x80\x80\xae\xf8\x80\x80\x80\xae/\xf8\x80\x80\x80\xae\xf8\x80\x80\x80\xae/\xf8\x80\x80\x80\xae\xf8\x80\x80\x80\xae/boot.ini' 'GET \\assets/../assets/../assets/../../%f8%80%80%80%ae%f8%80%80%80%ae/%f8%80%80%80%ae%f8%80%80%80%ae/%f8%80%80%80%ae%f8%80%80%80%ae/%f8%80%80%80%ae%f8%80%80%80%ae/%f8%80%80%80%ae%f8%80%80%80%ae/%f8%80%80%80%ae%f8%80%80%80%ae/%f8%80%80%80%ae%f8%80%80%80%ae/%f8%80%80%80%ae%f8%80%80%80%ae/%f8%80%80%80%ae%f8%80%80%80%ae/%f8%80%80%80%ae%f8%80%80%80%ae/%f8%80%80%80%ae%f8%80%80%80%ae/%f8%80%80%80%ae%f8%80%80%80%ae/boot.ini HTTP/1.0'
[Sat May 01 05:06:37.743022 2021] [core:error] [pid 11052:tid 20148] [client 10.1.60.24:57626] AH00126: Invalid URI in request 'assets/\xf0\x80\x80\xae\xf0\x80\x80\xae/\xf0\x80\x80\xae\xf0\x80\x80\xae/\xf0\x80\x80\xae\xf0\x80\x80\xae/\xf0\x80\x80\xae\xf0\x80\x80\xae/\xf0\x80\x80\xae\xf0\x80\x80\xae/\xf0\x80\x80\xae\xf0\x80\x80\xae/\xf0\x80\x80\xae\xf0\x80\x80\xae/\xf0\x80\x80\xae\xf0\x80\x80\xae/\xf0\x80\x80\xae\xf0\x80\x80\xae/\xf0\x80\x80\xae\xf0\x80\x80\xae/\xf0\x80\x80\xae\xf0\x80\x80\xae/\xf0\x80\x80\xae\xf0\x80\x80\xae/boot.ini' 'GET \\assets/../assets/../assets/../../assets/%f0%80%80%ae%f0%80%80%ae/%f0%80%80%ae%f0%80%80%ae/%f0%80%80%ae%f0%80%80%ae/%f0%80%80%ae%f0%80%80%ae/%f0%80%80%ae%f0%80%80%ae/%f0%80%80%ae%f0%80%80%ae/%f0%80%80%ae%f0%80%80%ae/%f0%80%80%ae%f0%80%80%ae/%f0%80%80%ae%f0%80%80%ae/%f0%80%80%ae%f0%80%80%ae/%f0%80%80%ae%f0%80%80%ae/%f0%80%80%ae%f0%80%80%ae/boot.ini HTTP/1.0'
[Sat May 01 05:06:37.771031 2021] [core:error] [pid 11052:tid 21620] [client 10.1.60.24:57664] AH00126: Invalid URI in request 'assets/img/\xc0\xae\xc0\xae/\xc0\xae\xc0\xae/\xc0\xae\xc0\xae/\xc0\xae\xc0\xae/\xc0\xae\xc0\xae/\xc0\xae\xc0\xae/\xc0\xae\xc0\xae/\xc0\xae\xc0\xae/\xc0\xae\xc0\xae/\xc0\xae\xc0\xae/\xc0\xae\xc0\xae/\xc0\xae\xc0\xae/boot.ini' 'GET \\assets/../assets/../assets/../../assets/img/%c0%ae%c0%ae/%c0%ae%c0%ae/%c0%ae%c0%ae/%c0%ae%c0%ae/%c0%ae%c0%ae/%c0%ae%c0%ae/%c0%ae%c0%ae/%c0%ae%c0%ae/%c0%ae%c0%ae/%c0%ae%c0%ae/%c0%ae%c0%ae/%c0%ae%c0%ae/boot.ini HTTP/1.0'
[Sat May 01 05:06:37.777040 2021] [core:error] [pid 11052:tid 25224] [client 10.1.60.24:57676] AH00135: Invalid method in request get \\assets/../assets/../assets/assets/../assets/ HTTP/1.0
[Sat May 01 05:06:37.781038 2021] [core:error] [pid 11052:tid 25240] [client 10.1.60.24:57680] AH00126: Invalid URI in request 'boot.ini' 'GET \\assets/../assets/../assets/assets/img/assets/img/%2e%2e/%2e%2e/%2e%2e/%2e%2e/%2e%2e/%2e%2e/%2e%2e/%2e%2e/%2e%2e/%2e%2e/%2e%2e/%2e%2e/boot.ini HTTP/1.0'
[Sat May 01 05:06:37.794041 2021] [core:error] [pid 11052:tid 20148] [client 10.1.60.24:57700] AH00126: Invalid URI in request 'assets/\xf8\x80\x80\x80\xae\xf8\x80\x80\x80\xae/\xf8\x80\x80\x80\xae\xf8\x80\x80\x80\xae/\xf8\x80\x80\x80\xae\xf8\x80\x80\x80\xae/\xf8\x80\x80\x80\xae\xf8\x80\x80\x80\xae/\xf8\x80\x80\x80\xae\xf8\x80\x80\x80\xae/\xf8\x80\x80\x80\xae\xf8\x80\x80\x80\xae/\xf8\x80\x80\x80\xae\xf8\x80\x80\x80\xae/\xf8\x80\x80\x80\xae\xf8\x80\x80\x80\xae/\xf8\x80\x80\x80\xae\xf8\x80\x80\x80\xae/\xf8\x80\x80\x80\xae\xf8\x80\x80\x80\xae/\xf8\x80\x80\x80\xae\xf8\x80\x80\x80\xae/\xf8\x80\x80\x80\xae\xf8\x80\x80\x80\xae/boot.ini' 'GET \\assets/../assets/../assets/../../assets/%f8%80%80%80%ae%f8%80%80%80%ae/%f8%80%80%80%ae%f8%80%80%80%ae/%f8%80%80%80%ae%f8%80%80%80%ae/%f8%80%80%80%ae%f8%80%80%80%ae/%f8%80%80%80%ae%f8%80%80%80%ae/%f8%80%80%80%ae%f8%80%80%80%ae/%f8%80%80%80%ae%f8%80%80%80%ae/%f8%80%80%80%ae%f8%80%80%80%ae/%f8%80%80%80%ae%f8%80%80%80%ae/%f8%80%80%80%ae%f8%80%80%80%ae/%f8%80%80%80%ae%f8%80%80%80%ae/%f8%80%80%80%ae%f8%80%80%80%ae/boot.ini HTTP/1.0'
[Sat May 01 05:06:37.800038 2021] [core:error] [pid 11052:tid 25248] [client 10.1.60.24:57694] AH00126: Invalid URI in request 'phpinfo.php' 'GET \\assets/../assets/../assets/../../phpinfo.php HTTP/1.0'
[Sat May 01 05:06:37.830047 2021] [core:error] [pid 11052:tid 21620] [client 10.1.60.24:57724] AH00126: Invalid URI in request 'assets/img/\xe0\x80\xae\xe0\x80\xae/\xe0\x80\xae\xe0\x80\xae/\xe0\x80\xae\xe0\x80\xae/\xe0\x80\xae\xe0\x80\xae/\xe0\x80\xae\xe0\x80\xae/\xe0\x80\xae\xe0\x80\xae/\xe0\x80\xae\xe0\x80\xae/\xe0\x80\xae\xe0\x80\xae/\xe0\x80\xae\xe0\x80\xae/\xe0\x80\xae\xe0\x80\xae/\xe0\x80\xae\xe0\x80\xae/\xe0\x80\xae\xe0\x80\xae/boot.ini' 'GET \\assets/../assets/../assets/../../assets/img/%e0%80%ae%e0%80%ae/%e0%80%ae%e0%80%ae/%e0%80%ae%e0%80%ae/%e0%80%ae%e0%80%ae/%e0%80%ae%e0%80%ae/%e0%80%ae%e0%80%ae/%e0%80%ae%e0%80%ae/%e0%80%ae%e0%80%ae/%e0%80%ae%e0%80%ae/%e0%80%ae%e0%80%ae/%e0%80%ae%e0%80%ae/%e0%80%ae%e0%80%ae/boot.ini HTTP/1.0'
[Sat May 01 05:06:37.850054 2021] [core:error] [pid 11052:tid 20148] [client 10.1.60.24:57756] AH00126: Invalid URI in request 'assets/phpinfo.php' 'GET \\assets/../assets/../assets/../../assets/phpinfo.php HTTP/1.0'
[Sat May 01 05:06:37.858055 2021] [core:error] [pid 11052:tid 25248] [client 10.1.60.24:57762] AH00126: Invalid URI in request 'info.php' 'GET \\assets/../assets/../assets/../../info.php HTTP/1.0'
[Sat May 01 05:06:37.890064 2021] [core:error] [pid 11052:tid 21620] [client 10.1.60.24:57788] AH00126: Invalid URI in request 'assets/img/\xf0\x80\x80\xae\xf0\x80\x80\xae/\xf0\x80\x80\xae\xf0\x80\x80\xae/\xf0\x80\x80\xae\xf0\x80\x80\xae/\xf0\x80\x80\xae\xf0\x80\x80\xae/\xf0\x80\x80\xae\xf0\x80\x80\xae/\xf0\x80\x80\xae\xf0\x80\x80\xae/\xf0\x80\x80\xae\xf0\x80\x80\xae/\xf0\x80\x80\xae\xf0\x80\x80\xae/\xf0\x80\x80\xae\xf0\x80\x80\xae/\xf0\x80\x80\xae\xf0\x80\x80\xae/\xf0\x80\x80\xae\xf0\x80\x80\xae/\xf0\x80\x80\xae\xf0\x80\x80\xae/boot.ini' 'GET \\assets/../assets/../assets/../../assets/img/%f0%80%80%ae%f0%80%80%ae/%f0%80%80%ae%f0%80%80%ae/%f0%80%80%ae%f0%80%80%ae/%f0%80%80%ae%f0%80%80%ae/%f0%80%80%ae%f0%80%80%ae/%f0%80%80%ae%f0%80%80%ae/%f0%80%80%ae%f0%80%80%ae/%f0%80%80%ae%f0%80%80%ae/%f0%80%80%ae%f0%80%80%ae/%f0%80%80%ae%f0%80%80%ae/%f0%80%80%ae%f0%80%80%ae/%f0%80%80%ae%f0%80%80%ae/boot.ini HTTP/1.0'
[Sat May 01 05:06:37.901071 2021] [core:error] [pid 11052:tid 20148] [client 10.1.60.24:57812] AH00126: Invalid URI in request 'assets/info.php' 'GET \\assets/../assets/../assets/../../assets/info.php HTTP/1.0'
[Sat May 01 05:06:37.908080 2021] [core:error] [pid 11052:tid 25248] [client 10.1.60.24:57828] AH00126: Invalid URI in request 'php.php' 'GET \\assets/../assets/../assets/../../php.php HTTP/1.0'
[Sat May 01 05:06:37.947097 2021] [core:error] [pid 11052:tid 21620] [client 10.1.60.24:57850] AH00126: Invalid URI in request 'assets/img/\xf8\x80\x80\x80\xae\xf8\x80\x80\x80\xae/\xf8\x80\x80\x80\xae\xf8\x80\x80\x80\xae/\xf8\x80\x80\x80\xae\xf8\x80\x80\x80\xae/\xf8\x80\x80\x80\xae\xf8\x80\x80\x80\xae/\xf8\x80\x80\x80\xae\xf8\x80\x80\x80\xae/\xf8\x80\x80\x80\xae\xf8\x80\x80\x80\xae/\xf8\x80\x80\x80\xae\xf8\x80\x80\x80\xae/\xf8\x80\x80\x80\xae\xf8\x80\x80\x80\xae/\xf8\x80\x80\x80\xae\xf8\x80\x80\x80\xae/\xf8\x80\x80\x80\xae\xf8\x80\x80\x80\xae/\xf8\x80\x80\x80\xae\xf8\x80\x80\x80\xae/\xf8\x80\x80\x80\xae\xf8\x80\x80\x80\xae/boot.ini' 'GET \\assets/../assets/../assets/../../assets/img/%f8%80%80%80%ae%f8%80%80%80%ae/%f8%80%80%80%ae%f8%80%80%80%ae/%f8%80%80%80%ae%f8%80%80%80%ae/%f8%80%80%80%ae%f8%80%80%80%ae/%f8%80%80%80%ae%f8%80%80%80%ae/%f8%80%80%80%ae%f8%80%80%80%ae/%f8%80%80%80%ae%f8%80%80%80%ae/%f8%80%80%80%ae%f8%80%80%80%ae/%f8%80%80%80%ae%f8%80%80%80%ae/%f8%80%80%80%ae%f8%80%80%80%ae/%f8%80%80%80%ae%f8%80%80%80%ae/%f8%80%80%80%ae%f8%80%80%80%ae/boot.ini HTTP/1.0'
[Sat May 01 05:06:37.952088 2021] [core:error] [pid 11052:tid 20148] [client 10.1.60.24:57858] AH00126: Invalid URI in request 'assets/php.php' 'GET \\assets/../assets/../assets/../../assets/php.php HTTP/1.0'
[Sat May 01 05:06:37.959114 2021] [core:error] [pid 11052:tid 25248] [client 10.1.60.24:57872] AH00126: Invalid URI in request 'phptest.php' 'GET \\assets/../assets/../assets/../../phptest.php HTTP/1.0'
[Sat May 01 05:06:37.998099 2021] [core:error] [pid 11052:tid 21620] [client 10.1.60.24:57910] AH00126: Invalid URI in request 'assets/img/phpinfo.php' 'GET \\assets/../assets/../assets/../../assets/img/phpinfo.php HTTP/1.0'
[Sat May 01 05:06:38.005100 2021] [core:error] [pid 11052:tid 20148] [client 10.1.60.24:57916] AH00126: Invalid URI in request 'assets/phptest.php' 'GET \\assets/../assets/../assets/../../assets/phptest.php HTTP/1.0'
[Sat May 01 05:06:38.019104 2021] [core:error] [pid 11052:tid 22228] [client 10.1.60.24:57932] AH00135: Invalid method in request get \\assets/../assets/../assets/assets/../assets/img/ HTTP/1.0
[Sat May 01 05:06:38.021105 2021] [core:error] [pid 11052:tid 25248] [client 10.1.60.24:57920] AH00126: Invalid URI in request 'phpinfo.php3' 'GET \\assets/../assets/../assets/../../phpinfo.php3 HTTP/1.0'
[Sat May 01 05:06:38.047114 2021] [core:error] [pid 11052:tid 21620] [client 10.1.60.24:57988] AH00126: Invalid URI in request 'assets/img/info.php' 'GET \\assets/../assets/../assets/../../assets/img/info.php HTTP/1.0'
[Sat May 01 05:06:38.059112 2021] [core:error] [pid 11052:tid 20148] [client 10.1.60.24:57996] AH00126: Invalid URI in request 'assets/phpinfo.php3' 'GET \\assets/../assets/../assets/../../assets/phpinfo.php3 HTTP/1.0'
[Sat May 01 05:06:38.078173 2021] [core:error] [pid 11052:tid 25248] [client 10.1.60.24:58010] AH00126: Invalid URI in request 'info.php3' 'GET \\assets/../assets/../assets/../../info.php3 HTTP/1.0'
[Sat May 01 05:06:38.098125 2021] [core:error] [pid 11052:tid 21620] [client 10.1.60.24:58036] AH00126: Invalid URI in request 'assets/img/php.php' 'GET \\assets/../assets/../assets/../../assets/img/php.php HTTP/1.0'
[Sat May 01 05:06:38.119129 2021] [core:error] [pid 11052:tid 20148] [client 10.1.60.24:58060] AH00126: Invalid URI in request 'assets/info.php3' 'GET \\assets/../assets/../assets/../../assets/info.php3 HTTP/1.0'
[Sat May 01 05:06:38.123131 2021] [core:error] [pid 11052:tid 25248] [client 10.1.60.24:58082] AH00126: Invalid URI in request 'phptest.php3' 'GET \\assets/../assets/../assets/../../phptest.php3 HTTP/1.0'
[Sat May 01 05:06:38.149143 2021] [core:error] [pid 11052:tid 21620] [client 10.1.60.24:58098] AH00126: Invalid URI in request 'assets/img/phptest.php' 'GET \\assets/../assets/../assets/../../assets/img/phptest.php HTTP/1.0'
[Sat May 01 05:06:38.176164 2021] [core:error] [pid 11052:tid 25248] [client 10.1.60.24:58130] AH00126: Invalid URI in request '' 'GET \\assets/../assets/../assets/../../ HTTP/1.0'
[Sat May 01 05:06:38.180151 2021] [core:error] [pid 11052:tid 20148] [client 10.1.60.24:58122] AH00126: Invalid URI in request 'assets/phptest.php3' 'GET \\assets/../assets/../assets/../../assets/phptest.php3 HTTP/1.0'
[Sat May 01 05:06:38.210160 2021] [core:error] [pid 11052:tid 21620] [client 10.1.60.24:58152] AH00126: Invalid URI in request 'assets/img/phpinfo.php3' 'GET \\assets/../assets/../assets/../../assets/img/phpinfo.php3 HTTP/1.0'
[Sat May 01 05:06:38.223163 2021] [core:error] [pid 11052:tid 25248] [client 10.1.60.24:58174] AH00126: Invalid URI in request '' 'get \\assets/../assets/../assets/../../ HTTP/1.0'
[Sat May 01 05:06:38.232168 2021] [core:error] [pid 11052:tid 20148] [client 10.1.60.24:58180] AH00126: Invalid URI in request 'assets/' 'GET \\assets/../assets/../assets/../../assets/ HTTP/1.0'
[Sat May 01 05:06:38.265172 2021] [core:error] [pid 11052:tid 21620] [client 10.1.60.24:58212] AH00126: Invalid URI in request 'assets/img/info.php3' 'GET \\assets/../assets/../assets/../../assets/img/info.php3 HTTP/1.0'
[Sat May 01 05:06:38.279176 2021] [core:error] [pid 11052:tid 25248] [client 10.1.60.24:58228] AH00126: Invalid URI in request 'redirect.asp' 'GET \\assets/../assets/../assets/../../redirect.asp?url=<script>alert(5341)</script> HTTP/1.0'
[Sat May 01 05:06:38.283178 2021] [core:error] [pid 11052:tid 20148] [client 10.1.60.24:58238] AH00126: Invalid URI in request 'assets/' 'get \\assets/../assets/../assets/../../assets/ HTTP/1.0'
[Sat May 01 05:06:38.316199 2021] [core:error] [pid 11052:tid 21620] [client 10.1.60.24:58274] AH00126: Invalid URI in request 'assets/img/phptest.php3' 'GET \\assets/../assets/../assets/../../assets/img/phptest.php3 HTTP/1.0'
[Sat May 01 05:06:38.340203 2021] [core:error] [pid 11052:tid 20148] [client 10.1.60.24:58292] AH00126: Invalid URI in request 'assets/redirect.asp' 'GET \\assets/../assets/../assets/../../assets/redirect.asp?url=<script>alert(5341)</script> HTTP/1.0'
[Sat May 01 05:06:38.340203 2021] [core:error] [pid 11052:tid 25248] [client 10.1.60.24:58288] AH00126: Invalid URI in request '_mmDBScripts/MMHTTPDB.asp' 'GET \\assets/../assets/../assets/../../_mmDBScripts/MMHTTPDB.asp HTTP/1.0'
[Sat May 01 05:06:38.358206 2021] [core:error] [pid 11052:tid 25224] [client 10.1.60.24:58308] AH00126: Invalid URI in request 'boot.ini' 'GET \\assets/../assets/../assets/assets/img/../%2e%2e/%2e%2e/%2e%2e/%2e%2e/%2e%2e/%2e%2e/%2e%2e/%2e%2e/%2e%2e/%2e%2e/%2e%2e/%2e%2e/boot.ini HTTP/1.0'
[Sat May 01 05:06:38.371202 2021] [core:error] [pid 11052:tid 21620] [client 10.1.60.24:58314] AH00126: Invalid URI in request 'assets/img/' 'GET \\assets/../assets/../assets/../../assets/img/ HTTP/1.0'
[Sat May 01 05:06:38.391220 2021] [core:error] [pid 11052:tid 22228] [client 10.1.60.24:58338] AH00126: Invalid URI in request 'assets/_mmDBScripts/MMHTTPDB.asp' 'GET \\assets/../assets/../assets/../../assets/_mmDBScripts/MMHTTPDB.asp HTTP/1.0'
[Sat May 01 05:06:38.392218 2021] [core:error] [pid 11052:tid 25248] [client 10.1.60.24:58340] AH00126: Invalid URI in request '_mmServerScripts/MMHTTPDB.asp' 'GET \\assets/../assets/../assets/../../_mmServerScripts/MMHTTPDB.asp HTTP/1.0'
[Sat May 01 05:06:38.422237 2021] [core:error] [pid 11052:tid 21620] [client 10.1.60.24:58362] AH00126: Invalid URI in request 'assets/img/' 'get \\assets/../assets/../assets/../../assets/img/ HTTP/1.0'
[Sat May 01 05:06:38.442241 2021] [core:error] [pid 11052:tid 22228] [client 10.1.60.24:58382] AH00126: Invalid URI in request 'assets/_mmServerScripts/MMHTTPDB.asp' 'GET \\assets/../assets/../assets/../../assets/_mmServerScripts/MMHTTPDB.asp HTTP/1.0'
[Sat May 01 05:06:38.443224 2021] [core:error] [pid 11052:tid 25248] [client 10.1.60.24:58386] AH00126: Invalid URI in request 'cmd.exe' 'GET \\assets/../assets/../assets/../../cmd.exe?/c+dir HTTP/1.0'
[Sat May 01 05:06:38.474238 2021] [core:error] [pid 11052:tid 21620] [client 10.1.60.24:58426] AH00126: Invalid URI in request 'assets/img/redirect.asp' 'GET \\assets/../assets/../assets/../../assets/img/redirect.asp?url=<script>alert(5341)</script> HTTP/1.0'
[Sat May 01 05:06:38.491240 2021] [core:error] [pid 11052:tid 25248] [client 10.1.60.24:58444] AH00126: Invalid URI in request 'phpinfo.php' 'GET \\assets/../assets/../assets/../../phpinfo.php HTTP/1.0'
[Sat May 01 05:06:38.493761 2021] [core:error] [pid 11052:tid 22108] [client 10.1.60.24:58440] AH00126: Invalid URI in request 'assets/cmd.exe' 'GET \\assets/../assets/../assets/../../assets/cmd.exe?/c+dir HTTP/1.0'
[Sat May 01 05:06:38.524250 2021] [core:error] [pid 11052:tid 21620] [client 10.1.60.24:58468] AH00126: Invalid URI in request 'assets/img/_mmDBScripts/MMHTTPDB.asp' 'GET \\assets/../assets/../assets/../../assets/img/_mmDBScripts/MMHTTPDB.asp HTTP/1.0'
[Sat May 01 05:06:38.543255 2021] [core:error] [pid 11052:tid 25248] [client 10.1.60.24:58488] AH00126: Invalid URI in request '.user.ini' 'GET \\assets/../assets/../assets/../../.user.ini HTTP/1.0'
[Sat May 01 05:06:38.544254 2021] [core:error] [pid 11052:tid 22108] [client 10.1.60.24:58492] AH00126: Invalid URI in request 'assets/phpinfo.php' 'GET \\assets/../assets/../assets/../../assets/phpinfo.php HTTP/1.0'
[Sat May 01 05:06:38.554257 2021] [core:error] [pid 11052:tid 22228] [client 10.1.60.24:58504] AH00135: Invalid method in request get \\assets/../assets/../assets/assets/img/assets/ HTTP/1.0
[Sat May 01 05:06:38.576270 2021] [core:error] [pid 11052:tid 21620] [client 10.1.60.24:58518] AH00126: Invalid URI in request 'assets/img/_mmServerScripts/MMHTTPDB.asp' 'GET \\assets/../assets/../assets/../../assets/img/_mmServerScripts/MMHTTPDB.asp HTTP/1.0'
[Sat May 01 05:06:38.595269 2021] [core:error] [pid 11052:tid 22108] [client 10.1.60.24:58532] AH00126: Invalid URI in request 'assets/.user.ini' 'GET \\assets/../assets/../assets/../../assets/.user.ini HTTP/1.0'
[Sat May 01 05:06:38.607276 2021] [core:error] [pid 11052:tid 25248] [client 10.1.60.24:58544] AH00126: Invalid URI in request 'boot.ini' 'GET \\assets/../assets/../assets/assets/img/../assets/img/%2e%2e/%2e%2e/%2e%2e/%2e%2e/%2e%2e/%2e%2e/%2e%2e/%2e%2e/%2e%2e/%2e%2e/%2e%2e/%2e%2e/boot.ini HTTP/1.0'
[Sat May 01 05:06:38.609275 2021] [core:error] [pid 11052:tid 20148] [client 10.1.60.24:58534] AH00126: Invalid URI in request 'boot.ini' 'GET \\assets/../assets/../assets/assets/img/../assets/%2e%2e/%2e%2e/%2e%2e/%2e%2e/%2e%2e/%2e%2e/%2e%2e/%2e%2e/%2e%2e/%2e%2e/%2e%2e/%2e%2e/boot.ini HTTP/1.0'
[Sat May 01 05:06:38.625276 2021] [core:error] [pid 11052:tid 21620] [client 10.1.60.24:58590] AH00126: Invalid URI in request 'assets/img/cmd.exe' 'GET \\assets/../assets/../assets/../../assets/img/cmd.exe?/c+dir HTTP/1.0'
[Sat May 01 05:06:38.637284 2021] [core:error] [pid 11052:tid 25240] [client 10.1.60.24:58596] AH00135: Invalid method in request get \\assets/../assets/../assets/assets/img/assets/img/ HTTP/1.0
[Sat May 01 05:06:38.665294 2021] [core:error] [pid 11052:tid 22108] [client 10.1.60.24:58612] AH00126: Invalid URI in request 'boot.ini' 'GET \\assets/../assets/../assets/../assets/assets/%2e%2e/%2e%2e/%2e%2e/%2e%2e/%2e%2e/%2e%2e/%2e%2e/%2e%2e/%2e%2e/%2e%2e/%2e%2e/%2e%2e/boot.ini HTTP/1.0'
[Sat May 01 05:06:38.676292 2021] [core:error] [pid 11052:tid 21620] [client 10.1.60.24:58630] AH00126: Invalid URI in request 'assets/img/phpinfo.php' 'GET \\assets/../assets/../assets/../../assets/img/phpinfo.php HTTP/1.0'
[Sat May 01 05:06:38.726306 2021] [core:error] [pid 11052:tid 21620] [client 10.1.60.24:58678] AH00126: Invalid URI in request 'assets/img/.user.ini' 'GET \\assets/../assets/../assets/../../assets/img/.user.ini HTTP/1.0'
[Sat May 01 05:06:38.785324 2021] [core:error] [pid 11052:tid 21620] [client 10.1.60.24:58752] AH00126: Invalid URI in request 'boot.ini' 'GET \\assets/../assets/../assets/../assets/assets/img/%2e%2e/%2e%2e/%2e%2e/%2e%2e/%2e%2e/%2e%2e/%2e%2e/%2e%2e/%2e%2e/%2e%2e/%2e%2e/%2e%2e/boot.ini HTTP/1.0'
[Sat May 01 05:06:39.147585 2021] [core:error] [pid 11052:tid 22228] [client 10.1.60.24:59136] AH00126: Invalid URI in request 'boot.ini' 'GET \\assets/../assets/../assets/../assets/../%2e%2e/%2e%2e/%2e%2e/%2e%2e/%2e%2e/%2e%2e/%2e%2e/%2e%2e/%2e%2e/%2e%2e/%2e%2e/%2e%2e/boot.ini HTTP/1.0'
[Sat May 01 05:06:39.175594 2021] [core:error] [pid 11052:tid 25224] [client 10.1.60.24:59174] AH00135: Invalid method in request get \\assets/../assets/../assets/assets/img/../ HTTP/1.0
[Sat May 01 05:06:39.227610 2021] [core:error] [pid 11052:tid 25240] [client 10.1.60.24:59260] AH00126: Invalid URI in request 'boot.ini' 'GET \\assets/../assets/../assets/../assets/../assets/%2e%2e/%2e%2e/%2e%2e/%2e%2e/%2e%2e/%2e%2e/%2e%2e/%2e%2e/%2e%2e/%2e%2e/%2e%2e/%2e%2e/boot.ini HTTP/1.0'
[Sat May 01 05:06:39.438671 2021] [core:error] [pid 11052:tid 25248] [client 10.1.60.24:59492] AH00135: Invalid method in request get \\assets/../assets/../assets/assets/img/../assets/img/ HTTP/1.0
[Sat May 01 05:06:39.464678 2021] [core:error] [pid 11052:tid 20148] [client 10.1.60.24:59524] AH00135: Invalid method in request get \\assets/../assets/../assets/assets/img/../assets/ HTTP/1.0
[Sat May 01 05:06:39.515695 2021] [core:error] [pid 11052:tid 22108] [client 10.1.60.24:59608] AH00135: Invalid method in request get \\assets/../assets/../assets/../assets/assets/ HTTP/1.0
[Sat May 01 05:06:39.628737 2021] [core:error] [pid 11052:tid 25248] [client 10.1.60.24:59746] AH00135: Invalid method in request get \\assets/../assets/../assets/../assets/assets/img/ HTTP/1.0
[Sat May 01 05:06:39.750762 2021] [core:error] [pid 11052:tid 25264] [client 10.1.60.24:59908] AH00126: Invalid URI in request 'boot.ini' 'GET \\assets/../assets/../assets/../assets/../assets/img/%2e%2e/%2e%2e/%2e%2e/%2e%2e/%2e%2e/%2e%2e/%2e%2e/%2e%2e/%2e%2e/%2e%2e/%2e%2e/%2e%2e/boot.ini HTTP/1.0'
[Sat May 01 05:06:39.982832 2021] [core:error] [pid 11052:tid 22228] [client 10.1.60.24:60144] AH00135: Invalid method in request get \\assets/../assets/../assets/../assets/../ HTTP/1.0
[Sat May 01 05:06:40.044857 2021] [core:error] [pid 11052:tid 25224] [client 10.1.60.24:60206] AH00126: Invalid URI in request 'boot.ini' 'GET \\assets/../assets/../assets/../assets/img/assets/img/%2e%2e/%2e%2e/%2e%2e/%2e%2e/%2e%2e/%2e%2e/%2e%2e/%2e%2e/%2e%2e/%2e%2e/%2e%2e/%2e%2e/boot.ini HTTP/1.0'
[Sat May 01 05:06:40.044857 2021] [core:error] [pid 11052:tid 20148] [client 10.1.60.24:60204] AH00126: Invalid URI in request 'boot.ini' 'GET \\assets/../assets/../assets/../assets/img/assets/%2e%2e/%2e%2e/%2e%2e/%2e%2e/%2e%2e/%2e%2e/%2e%2e/%2e%2e/%2e%2e/%2e%2e/%2e%2e/%2e%2e/boot.ini HTTP/1.0'
[Sat May 01 05:06:40.069853 2021] [core:error] [pid 11052:tid 25248] [client 10.1.60.24:60232] AH00135: Invalid method in request get \\assets/../assets/../assets/../assets/../assets/ HTTP/1.0
[Sat May 01 05:06:40.099867 2021] [core:error] [pid 11052:tid 22108] [client 10.1.60.24:60258] AH00126: Invalid URI in request 'boot.ini' 'GET \\assets/../assets/../assets/../assets/img/../%2e%2e/%2e%2e/%2e%2e/%2e%2e/%2e%2e/%2e%2e/%2e%2e/%2e%2e/%2e%2e/%2e%2e/%2e%2e/%2e%2e/boot.ini HTTP/1.0'
[Sat May 01 05:06:40.205899 2021] [core:error] [pid 11052:tid 25240] [client 10.1.60.24:60394] AH00126: Invalid URI in request 'boot.ini' 'GET \\assets/../assets/../assets/../assets/img/../assets/%2e%2e/%2e%2e/%2e%2e/%2e%2e/%2e%2e/%2e%2e/%2e%2e/%2e%2e/%2e%2e/%2e%2e/%2e%2e/%2e%2e/boot.ini HTTP/1.0'
[Sat May 01 05:06:40.548996 2021] [core:error] [pid 11052:tid 22228] [client 10.1.60.24:60782] AH00126: Invalid URI in request 'boot.ini' 'GET \\assets/../assets/../assets/../assets/img/../assets/img/%2e%2e/%2e%2e/%2e%2e/%2e%2e/%2e%2e/%2e%2e/%2e%2e/%2e%2e/%2e%2e/%2e%2e/%2e%2e/%2e%2e/boot.ini HTTP/1.0'
[Sat May 01 05:06:40.591003 2021] [core:error] [pid 11052:tid 25248] [client 10.1.60.24:60808] AH00135: Invalid method in request get \\assets/../assets/../assets/../assets/../assets/img/ HTTP/1.0
[Sat May 01 05:06:40.665021 2021] [core:error] [pid 11052:tid 25240] [client 10.1.60.24:60892] AH00126: Invalid URI in request 'boot.ini' 'GET \\assets/../assets/../assets/img/assets/assets/%2e%2e/%2e%2e/%2e%2e/%2e%2e/%2e%2e/%2e%2e/%2e%2e/%2e%2e/%2e%2e/%2e%2e/%2e%2e/%2e%2e/boot.ini HTTP/1.0'
[Sat May 01 05:06:40.869089 2021] [core:error] [pid 11052:tid 20148] [client 10.1.60.24:32858] AH00135: Invalid method in request get \\assets/../assets/../assets/../assets/img/assets/img/ HTTP/1.0
[Sat May 01 05:06:40.871083 2021] [core:error] [pid 11052:tid 25224] [client 10.1.60.24:32860] AH00135: Invalid method in request get \\assets/../assets/../assets/../assets/img/assets/ HTTP/1.0
[Sat May 01 05:06:40.950109 2021] [core:error] [pid 11052:tid 22108] [client 10.1.60.24:32924] AH00135: Invalid method in request get \\assets/../assets/../assets/../assets/img/../ HTTP/1.0
[Sat May 01 05:06:41.042133 2021] [core:error] [pid 11052:tid 21620] [client 10.1.60.24:32988] AH00135: Invalid method in request get \\assets/../assets/../assets/../assets/img/../assets/ HTTP/1.0
[Sat May 01 05:06:41.164173 2021] [core:error] [pid 11052:tid 25248] [client 10.1.60.24:33076] AH00126: Invalid URI in request 'boot.ini' 'GET \\assets/../assets/../assets/img/assets/assets/img/%2e%2e/%2e%2e/%2e%2e/%2e%2e/%2e%2e/%2e%2e/%2e%2e/%2e%2e/%2e%2e/%2e%2e/%2e%2e/%2e%2e/boot.ini HTTP/1.0'
[Sat May 01 05:06:41.372232 2021] [core:error] [pid 11052:tid 22228] [client 10.1.60.24:33326] AH00135: Invalid method in request get \\assets/../assets/../assets/../assets/img/../assets/img/ HTTP/1.0
[Sat May 01 05:06:41.459255 2021] [core:error] [pid 11052:tid 20148] [client 10.1.60.24:33438] AH00126: Invalid URI in request 'boot.ini' 'GET \\assets/../assets/../assets/img/assets/../%2e%2e/%2e%2e/%2e%2e/%2e%2e/%2e%2e/%2e%2e/%2e%2e/%2e%2e/%2e%2e/%2e%2e/%2e%2e/%2e%2e/boot.ini HTTP/1.0'
[Sat May 01 05:06:41.480261 2021] [core:error] [pid 11052:tid 25248] [client 10.1.60.24:33476] AH00126: Invalid URI in request 'boot.ini' 'GET \\assets/../assets/../assets/img/assets/../assets/%2e%2e/%2e%2e/%2e%2e/%2e%2e/%2e%2e/%2e%2e/%2e%2e/%2e%2e/%2e%2e/%2e%2e/%2e%2e/%2e%2e/boot.ini HTTP/1.0'
[Sat May 01 05:06:41.512266 2021] [core:error] [pid 11052:tid 20148] [client 10.1.60.24:33518] AH00135: Invalid method in request get \\assets/../assets/../assets/img/assets/assets/ HTTP/1.0
[Sat May 01 05:06:41.534275 2021] [core:error] [pid 11052:tid 25248] [client 10.1.60.24:33558] AH00126: Invalid URI in request 'boot.ini' 'GET \\assets/../assets/../assets/img/assets/../assets/img/%2e%2e/%2e%2e/%2e%2e/%2e%2e/%2e%2e/%2e%2e/%2e%2e/%2e%2e/%2e%2e/%2e%2e/%2e%2e/%2e%2e/boot.ini HTTP/1.0'
[Sat May 01 05:06:41.639304 2021] [core:error] [pid 11052:tid 22228] [client 10.1.60.24:33680] AH00126: Invalid URI in request 'boot.ini' 'GET \\assets/../assets/../assets/img/assets/img/assets/%2e%2e/%2e%2e/%2e%2e/%2e%2e/%2e%2e/%2e%2e/%2e%2e/%2e%2e/%2e%2e/%2e%2e/%2e%2e/%2e%2e/boot.ini HTTP/1.0'
[Sat May 01 05:06:41.948524 2021] [core:error] [pid 11052:tid 20148] [client 10.1.60.24:34004] AH00126: Invalid URI in request 'boot.ini' 'GET \\assets/../assets/../assets/img/assets/img/assets/img/%2e%2e/%2e%2e/%2e%2e/%2e%2e/%2e%2e/%2e%2e/%2e%2e/%2e%2e/%2e%2e/%2e%2e/%2e%2e/%2e%2e/boot.ini HTTP/1.0'
[Sat May 01 05:06:41.999544 2021] [core:error] [pid 11052:tid 25224] [client 10.1.60.24:34056] AH00135: Invalid method in request get \\assets/../assets/../assets/img/assets/assets/img/ HTTP/1.0
[Sat May 01 05:06:42.090577 2021] [core:error] [pid 11052:tid 21620] [client 10.1.60.24:34162] AH00126: Invalid URI in request 'boot.ini' 'GET \\assets/../assets/../assets/img/assets/img/../%2e%2e/%2e%2e/%2e%2e/%2e%2e/%2e%2e/%2e%2e/%2e%2e/%2e%2e/%2e%2e/%2e%2e/%2e%2e/%2e%2e/boot.ini HTTP/1.0'
[Sat May 01 05:06:42.308629 2021] [core:error] [pid 11052:tid 25240] [client 10.1.60.24:34520] AH00135: Invalid method in request get \\assets/../assets/../assets/img/assets/../ HTTP/1.0
[Sat May 01 05:06:42.316630 2021] [core:error] [pid 11052:tid 25224] [client 10.1.60.24:34540] AH00135: Invalid method in request get \\assets/../assets/../assets/img/assets/../assets/ HTTP/1.0
[Sat May 01 05:06:42.374669 2021] [core:error] [pid 11052:tid 25248] [client 10.1.60.24:34656] AH00135: Invalid method in request get \\assets/../assets/../assets/img/assets/../assets/img/ HTTP/1.0
[Sat May 01 05:06:42.452672 2021] [core:error] [pid 11052:tid 22228] [client 10.1.60.24:34796] AH00135: Invalid method in request get \\assets/../assets/../assets/img/assets/img/assets/ HTTP/1.0
[Sat May 01 05:06:42.585747 2021] [core:error] [pid 11052:tid 22108] [client 10.1.60.24:34940] AH00126: Invalid URI in request 'boot.ini' 'GET \\assets/../assets/../assets/img/assets/img/../assets/%2e%2e/%2e%2e/%2e%2e/%2e%2e/%2e%2e/%2e%2e/%2e%2e/%2e%2e/%2e%2e/%2e%2e/%2e%2e/%2e%2e/boot.ini HTTP/1.0'
[Sat May 01 05:06:42.786765 2021] [core:error] [pid 11052:tid 20148] [client 10.1.60.24:35140] AH00135: Invalid method in request get \\assets/../assets/../assets/img/assets/img/assets/img/ HTTP/1.0
[Sat May 01 05:06:42.888795 2021] [core:error] [pid 11052:tid 25240] [client 10.1.60.24:35248] AH00126: Invalid URI in request 'boot.ini' 'GET \\assets/../assets/../assets/img/assets/img/../assets/img/%2e%2e/%2e%2e/%2e%2e/%2e%2e/%2e%2e/%2e%2e/%2e%2e/%2e%2e/%2e%2e/%2e%2e/%2e%2e/%2e%2e/boot.ini HTTP/1.0'
[Sat May 01 05:06:42.905800 2021] [core:error] [pid 11052:tid 25248] [client 10.1.60.24:35270] AH00126: Invalid URI in request 'boot.ini' 'GET \\assets/../assets/../assets/img/../../%2e%2e/%2e%2e/%2e%2e/%2e%2e/%2e%2e/%2e%2e/%2e%2e/%2e%2e/%2e%2e/%2e%2e/%2e%2e/%2e%2e/boot.ini HTTP/1.0'
[Sat May 01 05:06:42.943813 2021] [core:error] [pid 11052:tid 21620] [client 10.1.60.24:35314] AH00135: Invalid method in request get \\assets/../assets/../assets/img/assets/img/../ HTTP/1.0
[Sat May 01 05:06:42.969819 2021] [core:error] [pid 11052:tid 25224] [client 10.1.60.24:35328] AH00126: Invalid URI in request 'boot.ini' 'GET \\assets/../assets/../assets/img/../../assets/%2e%2e/%2e%2e/%2e%2e/%2e%2e/%2e%2e/%2e%2e/%2e%2e/%2e%2e/%2e%2e/%2e%2e/%2e%2e/%2e%2e/boot.ini HTTP/1.0'
[Sat May 01 05:06:43.027844 2021] [core:error] [pid 11052:tid 22228] [client 10.1.60.24:35402] AH00126: Invalid URI in request 'boot.ini' 'GET \\assets/../assets/../assets/img/../../assets/img/%2e%2e/%2e%2e/%2e%2e/%2e%2e/%2e%2e/%2e%2e/%2e%2e/%2e%2e/%2e%2e/%2e%2e/%2e%2e/%2e%2e/boot.ini HTTP/1.0'
[Sat May 01 05:06:43.365940 2021] [core:error] [pid 11052:tid 20148] [client 10.1.60.24:35778] AH00126: Invalid URI in request 'boot.ini' 'GET \\assets/../assets/../assets/img/../assets/assets/%2e%2e/%2e%2e/%2e%2e/%2e%2e/%2e%2e/%2e%2e/%2e%2e/%2e%2e/%2e%2e/%2e%2e/%2e%2e/%2e%2e/boot.ini HTTP/1.0'
[Sat May 01 05:06:43.451971 2021] [core:error] [pid 11052:tid 22108] [client 10.1.60.24:35864] AH00135: Invalid method in request get \\assets/../assets/../assets/img/assets/img/../assets/ HTTP/1.0
[Sat May 01 05:06:43.509978 2021] [core:error] [pid 11052:tid 21620] [client 10.1.60.24:35928] AH00126: Invalid URI in request 'boot.ini' 'GET \\assets/../assets/../assets/img/../assets/assets/img/%2e%2e/%2e%2e/%2e%2e/%2e%2e/%2e%2e/%2e%2e/%2e%2e/%2e%2e/%2e%2e/%2e%2e/%2e%2e/%2e%2e/boot.ini HTTP/1.0'
[Sat May 01 05:06:43.701036 2021] [core:error] [pid 11052:tid 25240] [client 10.1.60.24:36132] AH00135: Invalid method in request get \\assets/../assets/../assets/img/assets/img/../assets/img/ HTTP/1.0
[Sat May 01 05:06:43.739078 2021] [core:error] [pid 11052:tid 22228] [client 10.1.60.24:36170] AH00135: Invalid method in request get \\assets/../assets/../assets/img/../../ HTTP/1.0
[Sat May 01 05:06:43.831064 2021] [core:error] [pid 11052:tid 22108] [client 10.1.60.24:36274] AH00135: Invalid method in request get \\assets/../assets/../assets/img/../../assets/ HTTP/1.0
[Sat May 01 05:06:43.864076 2021] [core:error] [pid 11052:tid 25248] [client 10.1.60.24:36306] AH00135: Invalid method in request get \\assets/../assets/../assets/img/../../assets/img/ HTTP/1.0
[Sat May 01 05:06:44.026129 2021] [core:error] [pid 11052:tid 25240] [client 10.1.60.24:36456] AH00126: Invalid URI in request 'boot.ini' 'GET \\assets/../assets/../assets/img/../assets/../%2e%2e/%2e%2e/%2e%2e/%2e%2e/%2e%2e/%2e%2e/%2e%2e/%2e%2e/%2e%2e/%2e%2e/%2e%2e/%2e%2e/boot.ini HTTP/1.0'
[Sat May 01 05:06:44.210176 2021] [core:error] [pid 11052:tid 20148] [client 10.1.60.24:36652] AH00135: Invalid method in request get \\assets/../assets/../assets/img/../assets/assets/ HTTP/1.0
[Sat May 01 05:06:44.288200 2021] [core:error] [pid 11052:tid 25224] [client 10.1.60.24:36742] AH00126: Invalid URI in request 'boot.ini' 'GET \\assets/../assets/../assets/img/../assets/../assets/%2e%2e/%2e%2e/%2e%2e/%2e%2e/%2e%2e/%2e%2e/%2e%2e/%2e%2e/%2e%2e/%2e%2e/%2e%2e/%2e%2e/boot.ini HTTP/1.0'
[Sat May 01 05:06:44.315209 2021] [core:error] [pid 11052:tid 22228] [client 10.1.60.24:36772] AH00126: Invalid URI in request 'boot.ini' 'GET \\assets/../assets/../assets/img/../assets/../assets/img/%2e%2e/%2e%2e/%2e%2e/%2e%2e/%2e%2e/%2e%2e/%2e%2e/%2e%2e/%2e%2e/%2e%2e/%2e%2e/%2e%2e/boot.ini HTTP/1.0'
[Sat May 01 05:06:44.363221 2021] [core:error] [pid 11052:tid 21620] [client 10.1.60.24:36828] AH00135: Invalid method in request get \\assets/../assets/../assets/img/../assets/assets/img/ HTTP/1.0
[Sat May 01 05:06:44.432256 2021] [core:error] [pid 11052:tid 22108] [client 10.1.60.24:36882] AH00126: Invalid URI in request 'boot.ini' 'GET \\assets/../assets/../assets/img/../assets/img/assets/%2e%2e/%2e%2e/%2e%2e/%2e%2e/%2e%2e/%2e%2e/%2e%2e/%2e%2e/%2e%2e/%2e%2e/%2e%2e/%2e%2e/boot.ini HTTP/1.0'
[Sat May 01 05:06:44.441240 2021] [core:error] [pid 11052:tid 25248] [client 10.1.60.24:36902] AH00126: Invalid URI in request 'boot.ini' 'GET \\assets/../assets/../assets/img/../assets/img/assets/img/%2e%2e/%2e%2e/%2e%2e/%2e%2e/%2e%2e/%2e%2e/%2e%2e/%2e%2e/%2e%2e/%2e%2e/%2e%2e/%2e%2e/boot.ini HTTP/1.0'
[Sat May 01 05:06:44.812399 2021] [core:error] [pid 11052:tid 20148] [client 10.1.60.24:37336] AH00126: Invalid URI in request 'boot.ini' 'GET \\assets/../assets/../assets/img/../assets/img/../%2e%2e/%2e%2e/%2e%2e/%2e%2e/%2e%2e/%2e%2e/%2e%2e/%2e%2e/%2e%2e/%2e%2e/%2e%2e/%2e%2e/boot.ini HTTP/1.0'
[Sat May 01 05:06:44.878368 2021] [core:error] [pid 11052:tid 25240] [client 10.1.60.24:37406] AH00135: Invalid method in request get \\assets/../assets/../assets/img/../assets/../ HTTP/1.0
[Sat May 01 05:06:44.953396 2021] [core:error] [pid 11052:tid 25248] [client 10.1.60.24:37490] AH00126: Invalid URI in request 'boot.ini' 'GET \\assets/../assets/../assets/img/../assets/img/../assets/%2e%2e/%2e%2e/%2e%2e/%2e%2e/%2e%2e/%2e%2e/%2e%2e/%2e%2e/%2e%2e/%2e%2e/%2e%2e/%2e%2e/boot.ini HTTP/1.0'
[Sat May 01 05:06:45.130444 2021] [core:error] [pid 11052:tid 25224] [client 10.1.60.24:37700] AH00135: Invalid method in request get \\assets/../assets/../assets/img/../assets/../assets/ HTTP/1.0
[Sat May 01 05:06:45.162463 2021] [core:error] [pid 11052:tid 21620] [client 10.1.60.24:37742] AH00135: Invalid method in request get \\assets/../assets/../assets/img/../assets/../assets/img/ HTTP/1.0
[Sat May 01 05:06:45.284495 2021] [core:error] [pid 11052:tid 22108] [client 10.1.60.24:37912] AH00135: Invalid method in request get \\assets/../assets/../assets/img/../assets/img/assets/ HTTP/1.0
[Sat May 01 05:06:45.286491 2021] [core:error] [pid 11052:tid 22228] [client 10.1.60.24:37914] AH00135: Invalid method in request get \\assets/../assets/../assets/img/../assets/img/assets/img/ HTTP/1.0
[Sat May 01 05:06:45.447532 2021] [core:error] [pid 11052:tid 25240] [client 10.1.60.24:38084] AH00126: Invalid URI in request 'boot.ini' 'GET \\assets/../assets/../assets/img/../assets/img/../assets/img/%2e%2e/%2e%2e/%2e%2e/%2e%2e/%2e%2e/%2e%2e/%2e%2e/%2e%2e/%2e%2e/%2e%2e/%2e%2e/%2e%2e/boot.ini HTTP/1.0'
[Sat May 01 05:06:45.653592 2021] [core:error] [pid 11052:tid 25224] [client 10.1.60.24:38308] AH00135: Invalid method in request get \\assets/../assets/../assets/img/../assets/img/../ HTTP/1.0
[Sat May 01 05:06:45.737616 2021] [core:error] [pid 11052:tid 20148] [client 10.1.60.24:38376] AH00126: Invalid URI in request 'boot.ini' 'GET \\assets/../assets/img/assets/assets/assets/%2e%2e/%2e%2e/%2e%2e/%2e%2e/%2e%2e/%2e%2e/%2e%2e/%2e%2e/%2e%2e/%2e%2e/%2e%2e/%2e%2e/boot.ini HTTP/1.0'
[Sat May 01 05:06:45.746623 2021] [core:error] [pid 11052:tid 25248] [client 10.1.60.24:38382] AH00126: Invalid URI in request 'boot.ini' 'GET \\assets/../assets/img/assets/assets/assets/img/%2e%2e/%2e%2e/%2e%2e/%2e%2e/%2e%2e/%2e%2e/%2e%2e/%2e%2e/%2e%2e/%2e%2e/%2e%2e/%2e%2e/boot.ini HTTP/1.0'
[Sat May 01 05:06:45.820640 2021] [core:error] [pid 11052:tid 25240] [client 10.1.60.24:38450] AH00135: Invalid method in request get \\assets/../assets/../assets/img/../assets/img/../assets/ HTTP/1.0
[Sat May 01 05:06:45.869652 2021] [core:error] [pid 11052:tid 22228] [client 10.1.60.24:38508] AH00126: Invalid URI in request 'boot.ini' 'GET \\assets/../assets/img/assets/assets/../%2e%2e/%2e%2e/%2e%2e/%2e%2e/%2e%2e/%2e%2e/%2e%2e/%2e%2e/%2e%2e/%2e%2e/%2e%2e/%2e%2e/boot.ini HTTP/1.0'
[Sat May 01 05:06:45.870653 2021] [core:error] [pid 11052:tid 22108] [client 10.1.60.24:38512] AH00126: Invalid URI in request 'boot.ini' 'GET \\assets/../assets/img/assets/assets/../assets/%2e%2e/%2e%2e/%2e%2e/%2e%2e/%2e%2e/%2e%2e/%2e%2e/%2e%2e/%2e%2e/%2e%2e/%2e%2e/%2e%2e/boot.ini HTTP/1.0'
[Sat May 01 05:06:46.240765 2021] [core:error] [pid 11052:tid 25224] [client 10.1.60.24:38896] AH00126: Invalid URI in request 'boot.ini' 'GET \\assets/../assets/img/assets/assets/../assets/img/%2e%2e/%2e%2e/%2e%2e/%2e%2e/%2e%2e/%2e%2e/%2e%2e/%2e%2e/%2e%2e/%2e%2e/%2e%2e/%2e%2e/boot.ini HTTP/1.0'
[Sat May 01 05:06:46.270771 2021] [core:error] [pid 11052:tid 21620] [client 10.1.60.24:38936] AH00135: Invalid method in request get \\assets/../assets/../assets/img/../assets/img/../assets/img/ HTTP/1.0
[Sat May 01 05:06:46.423815 2021] [core:error] [pid 11052:tid 25240] [client 10.1.60.24:39094] AH00126: Invalid URI in request 'boot.ini' 'GET \\assets/../assets/img/assets/../../%2e%2e/%2e%2e/%2e%2e/%2e%2e/%2e%2e/%2e%2e/%2e%2e/%2e%2e/%2e%2e/%2e%2e/%2e%2e/%2e%2e/boot.ini HTTP/1.0'
[Sat May 01 05:06:46.561854 2021] [core:error] [pid 11052:tid 20148] [client 10.1.60.24:39248] AH00135: Invalid method in request get \\assets/../assets/img/assets/assets/assets/ HTTP/1.0
[Sat May 01 05:06:46.589864 2021] [core:error] [pid 11052:tid 21620] [client 10.1.60.24:39290] AH00135: Invalid method in request get \\assets/../assets/img/assets/assets/assets/img/ HTTP/1.0
