[Sat May 01 05:06:46.718901 2021] [core:error] [pid 11052:tid 22228] [client 10.1.60.24:39472] AH00135: Invalid method in request get \\assets/../assets/img/assets/assets/../ HTTP/1.0
[Sat May 01 05:06:46.732914 2021] [core:error] [pid 11052:tid 25248] [client 10.1.60.24:39484] AH00135: Invalid method in request get \\assets/../assets/img/assets/assets/../assets/ HTTP/1.0
[Sat May 01 05:06:46.875946 2021] [core:error] [pid 11052:tid 22108] [client 10.1.60.24:39656] AH00126: Invalid URI in request 'boot.ini' 'GET \\assets/../assets/img/assets/../../assets/%2e%2e/%2e%2e/%2e%2e/%2e%2e/%2e%2e/%2e%2e/%2e%2e/%2e%2e/%2e%2e/%2e%2e/%2e%2e/%2e%2e/boot.ini HTTP/1.0'
[Sat May 01 05:06:47.093008 2021] [core:error] [pid 11052:tid 25224] [client 10.1.60.24:39898] AH00135: Invalid method in request get \\assets/../assets/img/assets/assets/../assets/img/ HTTP/1.0
[Sat May 01 05:06:47.147046 2021] [core:error] [pid 11052:tid 20148] [client 10.1.60.24:39960] AH00126: Invalid URI in request 'boot.ini' 'GET \\assets/../assets/img/assets/../../assets/img/%2e%2e/%2e%2e/%2e%2e/%2e%2e/%2e%2e/%2e%2e/%2e%2e/%2e%2e/%2e%2e/%2e%2e/%2e%2e/%2e%2e/boot.ini HTTP/1.0'
[Sat May 01 05:06:47.178034 2021] [core:error] [pid 11052:tid 21620] [client 10.1.60.24:39994] AH00126: Invalid URI in request 'boot.ini' 'GET \\assets/../assets/img/assets/assets/img/assets/%2e%2e/%2e%2e/%2e%2e/%2e%2e/%2e%2e/%2e%2e/%2e%2e/%2e%2e/%2e%2e/%2e%2e/%2e%2e/%2e%2e/boot.ini HTTP/1.0'
[Sat May 01 05:06:47.249054 2021] [core:error] [pid 11052:tid 25240] [client 10.1.60.24:40066] AH00135: Invalid method in request get \\assets/../assets/img/assets/../../ HTTP/1.0
[Sat May 01 05:06:47.293067 2021] [core:error] [pid 11052:tid 22228] [client 10.1.60.24:40118] AH00126: Invalid URI in request 'boot.ini' 'GET \\assets/../assets/img/assets/assets/img/assets/img/%2e%2e/%2e%2e/%2e%2e/%2e%2e/%2e%2e/%2e%2e/%2e%2e/%2e%2e/%2e%2e/%2e%2e/%2e%2e/%2e%2e/boot.ini HTTP/1.0'
[Sat May 01 05:06:47.330079 2021] [core:error] [pid 11052:tid 25248] [client 10.1.60.24:40178] AH00126: Invalid URI in request 'boot.ini' 'GET \\assets/../assets/img/assets/assets/img/../%2e%2e/%2e%2e/%2e%2e/%2e%2e/%2e%2e/%2e%2e/%2e%2e/%2e%2e/%2e%2e/%2e%2e/%2e%2e/%2e%2e/boot.ini HTTP/1.0'
[Sat May 01 05:06:47.677175 2021] [core:error] [pid 11052:tid 25224] [client 10.1.60.24:40828] AH00126: Invalid URI in request 'boot.ini' 'GET \\assets/../assets/img/assets/assets/img/../assets/%2e%2e/%2e%2e/%2e%2e/%2e%2e/%2e%2e/%2e%2e/%2e%2e/%2e%2e/%2e%2e/%2e%2e/%2e%2e/%2e%2e/boot.ini HTTP/1.0'
[Sat May 01 05:06:47.716183 2021] [core:error] [pid 11052:tid 22108] [client 10.1.60.24:40902] AH00135: Invalid method in request get \\assets/../assets/img/assets/../../assets/ HTTP/1.0
[Sat May 01 05:06:47.837220 2021] [core:error] [pid 11052:tid 25240] [client 10.1.60.24:41082] AH00126: Invalid URI in request 'boot.ini' 'GET \\assets/../assets/img/assets/assets/img/../assets/img/%2e%2e/%2e%2e/%2e%2e/%2e%2e/%2e%2e/%2e%2e/%2e%2e/%2e%2e/%2e%2e/%2e%2e/%2e%2e/%2e%2e/boot.ini HTTP/1.0'
[Sat May 01 05:06:47.976258 2021] [core:error] [pid 11052:tid 20148] [client 10.1.60.24:41276] AH00135: Invalid method in request get \\assets/../assets/img/assets/../../assets/img/ HTTP/1.0
[Sat May 01 05:06:48.017271 2021] [core:error] [pid 11052:tid 22108] [client 10.1.60.24:41324] AH00135: Invalid method in request get \\assets/../assets/img/assets/assets/img/assets/ HTTP/1.0
[Sat May 01 05:06:48.122448 2021] [core:error] [pid 11052:tid 22228] [client 10.1.60.24:41456] AH00135: Invalid method in request get \\assets/../assets/img/assets/assets/img/assets/img/ HTTP/1.0
[Sat May 01 05:06:48.185467 2021] [core:error] [pid 11052:tid 25248] [client 10.1.60.24:41540] AH00135: Invalid method in request get \\assets/../assets/img/assets/assets/img/../ HTTP/1.0
[Sat May 01 05:06:48.292501 2021] [core:error] [pid 11052:tid 21620] [client 10.1.60.24:41634] AH00126: Invalid URI in request 'boot.ini' 'GET \\assets/../assets/img/assets/../assets/assets/%2e%2e/%2e%2e/%2e%2e/%2e%2e/%2e%2e/%2e%2e/%2e%2e/%2e%2e/%2e%2e/%2e%2e/%2e%2e/%2e%2e/boot.ini HTTP/1.0'
[Sat May 01 05:06:48.517565 2021] [core:error] [pid 11052:tid 25224] [client 10.1.60.24:41838] AH00135: Invalid method in request get \\assets/../assets/img/assets/assets/img/../assets/ HTTP/1.0
[Sat May 01 05:06:48.540572 2021] [core:error] [pid 11052:tid 25240] [client 10.1.60.24:41868] AH00126: Invalid URI in request 'boot.ini' 'GET \\assets/../assets/img/assets/../assets/assets/img/%2e%2e/%2e%2e/%2e%2e/%2e%2e/%2e%2e/%2e%2e/%2e%2e/%2e%2e/%2e%2e/%2e%2e/%2e%2e/%2e%2e/boot.ini HTTP/1.0'
[Sat May 01 05:06:48.590586 2021] [core:error] [pid 11052:tid 22108] [client 10.1.60.24:41900] AH00126: Invalid URI in request 'boot.ini' 'GET \\assets/../assets/img/assets/../assets/../%2e%2e/%2e%2e/%2e%2e/%2e%2e/%2e%2e/%2e%2e/%2e%2e/%2e%2e/%2e%2e/%2e%2e/%2e%2e/%2e%2e/boot.ini HTTP/1.0'
[Sat May 01 05:06:48.664605 2021] [core:error] [pid 11052:tid 20148] [client 10.1.60.24:41954] AH00135: Invalid method in request get \\assets/../assets/img/assets/assets/img/../assets/img/ HTTP/1.0
[Sat May 01 05:06:48.698616 2021] [core:error] [pid 11052:tid 22228] [client 10.1.60.24:41978] AH00126: Invalid URI in request 'boot.ini' 'GET \\assets/../assets/img/assets/../assets/../assets/%2e%2e/%2e%2e/%2e%2e/%2e%2e/%2e%2e/%2e%2e/%2e%2e/%2e%2e/%2e%2e/%2e%2e/%2e%2e/%2e%2e/boot.ini HTTP/1.0'
[Sat May 01 05:06:48.758632 2021] [core:error] [pid 11052:tid 25248] [client 10.1.60.24:42030] AH00126: Invalid URI in request 'boot.ini' 'GET \\assets/../assets/img/assets/../assets/../assets/img/%2e%2e/%2e%2e/%2e%2e/%2e%2e/%2e%2e/%2e%2e/%2e%2e/%2e%2e/%2e%2e/%2e%2e/%2e%2e/%2e%2e/boot.ini HTTP/1.0'
[Sat May 01 05:06:49.107737 2021] [core:error] [pid 11052:tid 22228] [client 10.1.60.24:42296] AH00126: Invalid URI in request 'boot.ini' 'GET \\assets/../assets/img/assets/../assets/img/assets/%2e%2e/%2e%2e/%2e%2e/%2e%2e/%2e%2e/%2e%2e/%2e%2e/%2e%2e/%2e%2e/%2e%2e/%2e%2e/%2e%2e/boot.ini HTTP/1.0'
[Sat May 01 05:06:49.112734 2021] [core:error] [pid 11052:tid 21620] [client 10.1.60.24:42298] AH00135: Invalid method in request get \\assets/../assets/img/assets/../assets/assets/ HTTP/1.0
[Sat May 01 05:06:49.233771 2021] [core:error] [pid 11052:tid 20148] [client 10.1.60.24:42388] AH00126: Invalid URI in request 'boot.ini' 'GET \\assets/../assets/img/assets/../assets/img/assets/img/%2e%2e/%2e%2e/%2e%2e/%2e%2e/%2e%2e/%2e%2e/%2e%2e/%2e%2e/%2e%2e/%2e%2e/%2e%2e/%2e%2e/boot.ini HTTP/1.0'
[Sat May 01 05:06:49.366807 2021] [core:error] [pid 11052:tid 25240] [client 10.1.60.24:42498] AH00135: Invalid method in request get \\assets/../assets/img/assets/../assets/assets/img/ HTTP/1.0
[Sat May 01 05:06:49.426825 2021] [core:error] [pid 11052:tid 22108] [client 10.1.60.24:42568] AH00135: Invalid method in request get \\assets/../assets/img/assets/../assets/../ HTTP/1.0
[Sat May 01 05:06:49.533861 2021] [core:error] [pid 11052:tid 25224] [client 10.1.60.24:42698] AH00135: Invalid method in request get \\assets/../assets/img/assets/../assets/../assets/ HTTP/1.0
[Sat May 01 05:06:49.604875 2021] [core:error] [pid 11052:tid 25248] [client 10.1.60.24:42778] AH00135: Invalid method in request get \\assets/../assets/img/assets/../assets/../assets/img/ HTTP/1.0
[Sat May 01 05:06:49.702904 2021] [core:error] [pid 11052:tid 21780] [client 10.1.60.24:42868] AH00126: Invalid URI in request 'boot.ini' 'GET \\assets/../assets/img/assets/../assets/img/../%2e%2e/%2e%2e/%2e%2e/%2e%2e/%2e%2e/%2e%2e/%2e%2e/%2e%2e/%2e%2e/%2e%2e/%2e%2e/%2e%2e/boot.ini HTTP/1.0'
[Sat May 01 05:06:49.940973 2021] [core:error] [pid 11052:tid 25240] [client 10.1.60.24:43100] AH00126: Invalid URI in request 'boot.ini' 'GET \\assets/../assets/img/assets/../assets/img/../assets/%2e%2e/%2e%2e/%2e%2e/%2e%2e/%2e%2e/%2e%2e/%2e%2e/%2e%2e/%2e%2e/%2e%2e/%2e%2e/%2e%2e/boot.ini HTTP/1.0'
[Sat May 01 05:06:49.946982 2021] [core:error] [pid 11052:tid 22228] [client 10.1.60.24:43110] AH00135: Invalid method in request get \\assets/../assets/img/assets/../assets/img/assets/ HTTP/1.0
[Sat May 01 05:06:50.007992 2021] [core:error] [pid 11052:tid 21620] [client 10.1.60.24:43172] AH00126: Invalid URI in request 'boot.ini' 'GET \\assets/../assets/img/assets/../assets/img/../assets/img/%2e%2e/%2e%2e/%2e%2e/%2e%2e/%2e%2e/%2e%2e/%2e%2e/%2e%2e/%2e%2e/%2e%2e/%2e%2e/%2e%2e/boot.ini HTTP/1.0'
[Sat May 01 05:06:50.065013 2021] [core:error] [pid 11052:tid 20148] [client 10.1.60.24:43228] AH00135: Invalid method in request get \\assets/../assets/img/assets/../assets/img/assets/img/ HTTP/1.0
[Sat May 01 05:06:50.106019 2021] [core:error] [pid 11052:tid 25224] [client 10.1.60.24:43270] AH00126: Invalid URI in request 'boot.ini' 'GET \\assets/../assets/img/assets/img/assets/assets/%2e%2e/%2e%2e/%2e%2e/%2e%2e/%2e%2e/%2e%2e/%2e%2e/%2e%2e/%2e%2e/%2e%2e/%2e%2e/%2e%2e/boot.ini HTTP/1.0'
[Sat May 01 05:06:50.181043 2021] [core:error] [pid 11052:tid 25248] [client 10.1.60.24:43346] AH00126: Invalid URI in request 'boot.ini' 'GET \\assets/../assets/img/assets/img/assets/assets/icons/%2e%2e/%2e%2e/%2e%2e/%2e%2e/%2e%2e/%2e%2e/%2e%2e/%2e%2e/%2e%2e/%2e%2e/%2e%2e/%2e%2e/boot.ini HTTP/1.0'
[Sat May 01 05:06:50.521146 2021] [core:error] [pid 11052:tid 22228] [client 10.1.60.24:43720] AH00126: Invalid URI in request 'boot.ini' 'GET \\assets/../assets/img/assets/img/assets/../%2e%2e/%2e%2e/%2e%2e/%2e%2e/%2e%2e/%2e%2e/%2e%2e/%2e%2e/%2e%2e/%2e%2e/%2e%2e/%2e%2e/boot.ini HTTP/1.0'
[Sat May 01 05:06:50.570154 2021] [core:error] [pid 11052:tid 21780] [client 10.1.60.24:43772] AH00135: Invalid method in request get \\assets/../assets/img/assets/../assets/img/../ HTTP/1.0
[Sat May 01 05:06:50.636315 2021] [core:error] [pid 11052:tid 20148] [client 10.1.60.24:43846] AH00126: Invalid URI in request 'boot.ini' 'GET \\assets/../assets/img/assets/img/assets/../assets/%2e%2e/%2e%2e/%2e%2e/%2e%2e/%2e%2e/%2e%2e/%2e%2e/%2e%2e/%2e%2e/%2e%2e/%2e%2e/%2e%2e/boot.ini HTTP/1.0'
[Sat May 01 05:06:50.740351 2021] [core:error] [pid 11052:tid 25240] [client 10.1.60.24:43942] AH00135: Invalid method in request get \\assets/../assets/img/assets/../assets/img/../assets/ HTTP/1.0
[Sat May 01 05:06:50.829371 2021] [core:error] [pid 11052:tid 21620] [client 10.1.60.24:44042] AH00135: Invalid method in request get \\assets/../assets/img/assets/../assets/img/../assets/img/ HTTP/1.0
[Sat May 01 05:06:50.934401 2021] [core:error] [pid 11052:tid 25224] [client 10.1.60.24:44148] AH00135: Invalid method in request get \\assets/../assets/img/assets/img/assets/assets/ HTTP/1.0
[Sat May 01 05:06:51.023434 2021] [core:error] [pid 11052:tid 25248] [client 10.1.60.24:44248] AH00135: Invalid method in request get \\assets/../assets/img/assets/img/assets/assets/icons/ HTTP/1.0
[Sat May 01 05:06:51.154473 2021] [core:error] [pid 11052:tid 21620] [client 10.1.60.24:44402] AH00126: Invalid URI in request 'boot.ini' 'GET \\assets/../assets/img/assets/img/assets/../assets/img/%2e%2e/%2e%2e/%2e%2e/%2e%2e/%2e%2e/%2e%2e/%2e%2e/%2e%2e/%2e%2e/%2e%2e/%2e%2e/%2e%2e/boot.ini HTTP/1.0'
[Sat May 01 05:06:51.326514 2021] [core:error] [pid 11052:tid 22228] [client 10.1.60.24:44574] AH00135: Invalid method in request get \\assets/../assets/img/assets/img/assets/../ HTTP/1.0
[Sat May 01 05:06:51.340520 2021] [core:error] [pid 11052:tid 25240] [client 10.1.60.24:44586] AH00126: Invalid URI in request 'boot.ini' 'GET \\assets/../assets/img/assets/img/assets/assets/img/%2e%2e/%2e%2e/%2e%2e/%2e%2e/%2e%2e/%2e%2e/%2e%2e/%2e%2e/%2e%2e/%2e%2e/%2e%2e/%2e%2e/boot.ini HTTP/1.0'
[Sat May 01 05:06:51.409539 2021] [core:error] [pid 11052:tid 21780] [client 10.1.60.24:44656] AH00126: Invalid URI in request 'boot.ini' 'GET \\assets/../assets/img/assets/img/assets/img/assets/%2e%2e/%2e%2e/%2e%2e/%2e%2e/%2e%2e/%2e%2e/%2e%2e/%2e%2e/%2e%2e/%2e%2e/%2e%2e/%2e%2e/boot.ini HTTP/1.0'
[Sat May 01 05:06:51.481555 2021] [core:error] [pid 11052:tid 20148] [client 10.1.60.24:44726] AH00135: Invalid method in request get \\assets/../assets/img/assets/img/assets/../assets/ HTTP/1.0
[Sat May 01 05:06:51.518566 2021] [core:error] [pid 11052:tid 21620] [client 10.1.60.24:44774] AH00126: Invalid URI in request 'boot.ini' 'GET \\assets/../assets/img/assets/img/assets/img/assets/icons/%2e%2e/%2e%2e/%2e%2e/%2e%2e/%2e%2e/%2e%2e/%2e%2e/%2e%2e/%2e%2e/%2e%2e/%2e%2e/%2e%2e/boot.ini HTTP/1.0'
[Sat May 01 05:06:51.611606 2021] [core:error] [pid 11052:tid 20148] [client 10.1.60.24:44892] AH00126: Invalid URI in request 'boot.ini' 'GET \\assets/../assets/img/assets/img/assets/img/../%2e%2e/%2e%2e/%2e%2e/%2e%2e/%2e%2e/%2e%2e/%2e%2e/%2e%2e/%2e%2e/%2e%2e/%2e%2e/%2e%2e/boot.ini HTTP/1.0'
[Sat May 01 05:06:51.913857 2021] [core:error] [pid 11052:tid 22228] [client 10.1.60.24:45204] AH00126: Invalid URI in request 'boot.ini' 'GET \\assets/../assets/img/assets/img/assets/img/../assets/%2e%2e/%2e%2e/%2e%2e/%2e%2e/%2e%2e/%2e%2e/%2e%2e/%2e%2e/%2e%2e/%2e%2e/%2e%2e/%2e%2e/boot.ini HTTP/1.0'
[Sat May 01 05:06:51.997020 2021] [core:error] [pid 11052:tid 20148] [client 10.1.60.24:45302] AH00135: Invalid method in request get \\assets/../assets/img/assets/img/assets/../assets/img/ HTTP/1.0
[Sat May 01 05:06:52.063036 2021] [core:error] [pid 11052:tid 25248] [client 10.1.60.24:45378] AH00126: Invalid URI in request 'boot.ini' 'GET \\assets/../assets/img/assets/img/assets/img/../assets/img/%2e%2e/%2e%2e/%2e%2e/%2e%2e/%2e%2e/%2e%2e/%2e%2e/%2e%2e/%2e%2e/%2e%2e/%2e%2e/%2e%2e/boot.ini HTTP/1.0'
[Sat May 01 05:06:52.189074 2021] [core:error] [pid 11052:tid 25248] [client 10.1.60.24:45514] AH00135: Invalid method in request get \\assets/../assets/img/assets/img/assets/assets/img/ HTTP/1.0
[Sat May 01 05:06:52.249154 2021] [core:error] [pid 11052:tid 25264] [client 10.1.60.24:45594] AH00135: Invalid method in request get \\assets/../assets/img/assets/img/assets/img/assets/ HTTP/1.0
[Sat May 01 05:06:52.366123 2021] [core:error] [pid 11052:tid 25248] [client 10.1.60.24:45798] AH00135: Invalid method in request get \\assets/../assets/img/assets/img/assets/img/assets/icons/ HTTP/1.0
[Sat May 01 05:06:52.466256 2021] [core:error] [pid 11052:tid 25232] [client 10.1.60.24:45918] AH00135: Invalid method in request get \\assets/../assets/img/assets/img/assets/img/../ HTTP/1.0
[Sat May 01 05:06:52.582195 2021] [core:error] [pid 11052:tid 20148] [client 10.1.60.24:46068] AH00126: Invalid URI in request 'boot.ini' 'GET \\assets/../assets/img/assets/img/assets/img/assets/img/%2e%2e/%2e%2e/%2e%2e/%2e%2e/%2e%2e/%2e%2e/%2e%2e/%2e%2e/%2e%2e/%2e%2e/%2e%2e/%2e%2e/boot.ini HTTP/1.0'
[Sat May 01 05:06:52.752240 2021] [core:error] [pid 11052:tid 21620] [client 10.1.60.24:46270] AH00135: Invalid method in request get \\assets/../assets/img/assets/img/assets/img/../assets/ HTTP/1.0
[Sat May 01 05:06:52.778245 2021] [core:error] [pid 11052:tid 22228] [client 10.1.60.24:46298] AH00126: Invalid URI in request 'boot.ini' 'GET \\assets/../assets/img/assets/img/../assets/icons/%2e%2e/%2e%2e/%2e%2e/%2e%2e/%2e%2e/%2e%2e/%2e%2e/%2e%2e/%2e%2e/%2e%2e/%2e%2e/%2e%2e/boot.ini HTTP/1.0'
[Sat May 01 05:06:52.833259 2021] [core:error] [pid 11052:tid 25264] [client 10.1.60.24:46366] AH00126: Invalid URI in request 'boot.ini' 'GET \\assets/../assets/img/assets/img/../../%2e%2e/%2e%2e/%2e%2e/%2e%2e/%2e%2e/%2e%2e/%2e%2e/%2e%2e/%2e%2e/%2e%2e/%2e%2e/%2e%2e/boot.ini HTTP/1.0'
[Sat May 01 05:06:52.909280 2021] [core:error] [pid 11052:tid 25240] [client 10.1.60.24:46454] AH00135: Invalid method in request get \\assets/../assets/img/assets/img/assets/img/../assets/img/ HTTP/1.0
[Sat May 01 05:06:52.942292 2021] [core:error] [pid 11052:tid 25248] [client 10.1.60.24:46490] AH00126: Invalid URI in request 'boot.ini' 'GET \\assets/../assets/img/assets/img/../../assets/%2e%2e/%2e%2e/%2e%2e/%2e%2e/%2e%2e/%2e%2e/%2e%2e/%2e%2e/%2e%2e/%2e%2e/%2e%2e/%2e%2e/boot.ini HTTP/1.0'
[Sat May 01 05:06:53.029316 2021] [core:error] [pid 11052:tid 25232] [client 10.1.60.24:46612] AH00126: Invalid URI in request 'boot.ini' 'GET \\assets/../assets/img/assets/img/../../assets/img/%2e%2e/%2e%2e/%2e%2e/%2e%2e/%2e%2e/%2e%2e/%2e%2e/%2e%2e/%2e%2e/%2e%2e/%2e%2e/%2e%2e/boot.ini HTTP/1.0'
[Sat May 01 05:06:53.372417 2021] [core:error] [pid 11052:tid 25240] [client 10.1.60.24:47058] AH00126: Invalid URI in request 'boot.ini' 'GET \\assets/../assets/img/assets/img/../assets/assets/%2e%2e/%2e%2e/%2e%2e/%2e%2e/%2e%2e/%2e%2e/%2e%2e/%2e%2e/%2e%2e/%2e%2e/%2e%2e/%2e%2e/boot.ini HTTP/1.0'
[Sat May 01 05:06:53.420437 2021] [core:error] [pid 11052:tid 20148] [client 10.1.60.24:47138] AH00135: Invalid method in request get \\assets/../assets/img/assets/img/assets/img/assets/img/ HTTP/1.0
[Sat May 01 05:06:53.488455 2021] [core:error] [pid 11052:tid 22228] [client 10.1.60.24:47216] AH00126: Invalid URI in request 'boot.ini' 'GET \\assets/../assets/img/assets/img/../assets/assets/icons/%2e%2e/%2e%2e/%2e%2e/%2e%2e/%2e%2e/%2e%2e/%2e%2e/%2e%2e/%2e%2e/%2e%2e/%2e%2e/%2e%2e/boot.ini HTTP/1.0'
[Sat May 01 05:06:53.620488 2021] [core:error] [pid 11052:tid 21780] [client 10.1.60.24:47408] AH00135: Invalid method in request get \\assets/../assets/img/assets/img/../assets/icons/ HTTP/1.0
[Sat May 01 05:06:53.692507 2021] [core:error] [pid 11052:tid 21620] [client 10.1.60.24:47512] AH00135: Invalid method in request get \\assets/../assets/img/assets/img/../../ HTTP/1.0
[Sat May 01 05:06:53.801541 2021] [core:error] [pid 11052:tid 25248] [client 10.1.60.24:47696] AH00135: Invalid method in request get \\assets/../assets/img/assets/img/../../assets/ HTTP/1.0
[Sat May 01 05:06:53.886563 2021] [core:error] [pid 11052:tid 25232] [client 10.1.60.24:47828] AH00135: Invalid method in request get \\assets/../assets/img/assets/img/../../assets/img/ HTTP/1.0
[Sat May 01 05:06:54.010786 2021] [core:error] [pid 11052:tid 20148] [client 10.1.60.24:48018] AH00126: Invalid URI in request 'boot.ini' 'GET \\assets/../assets/img/assets/img/../assets/../%2e%2e/%2e%2e/%2e%2e/%2e%2e/%2e%2e/%2e%2e/%2e%2e/%2e%2e/%2e%2e/%2e%2e/%2e%2e/%2e%2e/boot.ini HTTP/1.0'
[Sat May 01 05:06:54.202850 2021] [core:error] [pid 11052:tid 21780] [client 10.1.60.24:48216] AH00126: Invalid URI in request 'boot.ini' 'GET \\assets/../assets/img/assets/img/../assets/../assets/%2e%2e/%2e%2e/%2e%2e/%2e%2e/%2e%2e/%2e%2e/%2e%2e/%2e%2e/%2e%2e/%2e%2e/%2e%2e/%2e%2e/boot.ini HTTP/1.0'
[Sat May 01 05:06:54.233850 2021] [core:error] [pid 11052:tid 25240] [client 10.1.60.24:48236] AH00135: Invalid method in request get \\assets/../assets/img/assets/img/../assets/assets/ HTTP/1.0
[Sat May 01 05:06:54.284867 2021] [core:error] [pid 11052:tid 22228] [client 10.1.60.24:48278] AH00126: Invalid URI in request 'boot.ini' 'GET \\assets/../assets/img/assets/img/../assets/../assets/img/%2e%2e/%2e%2e/%2e%2e/%2e%2e/%2e%2e/%2e%2e/%2e%2e/%2e%2e/%2e%2e/%2e%2e/%2e%2e/%2e%2e/boot.ini HTTP/1.0'
[Sat May 01 05:06:54.346883 2021] [core:error] [pid 11052:tid 21620] [client 10.1.60.24:48330] AH00135: Invalid method in request get \\assets/../assets/img/assets/img/../assets/assets/icons/ HTTP/1.0
[Sat May 01 05:06:54.394901 2021] [core:error] [pid 11052:tid 25248] [client 10.1.60.24:48368] AH00126: Invalid URI in request 'boot.ini' 'GET \\assets/../assets/img/assets/img/../assets/assets/img/%2e%2e/%2e%2e/%2e%2e/%2e%2e/%2e%2e/%2e%2e/%2e%2e/%2e%2e/%2e%2e/%2e%2e/%2e%2e/%2e%2e/boot.ini HTTP/1.0'
[Sat May 01 05:06:54.477921 2021] [core:error] [pid 11052:tid 25232] [client 10.1.60.24:48452] AH00126: Invalid URI in request 'boot.ini' 'GET \\assets/../assets/img/assets/img/../assets/img/assets/%2e%2e/%2e%2e/%2e%2e/%2e%2e/%2e%2e/%2e%2e/%2e%2e/%2e%2e/%2e%2e/%2e%2e/%2e%2e/%2e%2e/boot.ini HTTP/1.0'
[Sat May 01 05:06:54.811024 2021] [core:error] [pid 11052:tid 25240] [client 10.1.60.24:48868] AH00126: Invalid URI in request 'boot.ini' 'GET \\assets/../assets/img/assets/img/../assets/img/assets/icons/%2e%2e/%2e%2e/%2e%2e/%2e%2e/%2e%2e/%2e%2e/%2e%2e/%2e%2e/%2e%2e/%2e%2e/%2e%2e/%2e%2e/boot.ini HTTP/1.0'
[Sat May 01 05:06:54.848027 2021] [core:error] [pid 11052:tid 20148] [client 10.1.60.24:48920] AH00135: Invalid method in request get \\assets/../assets/img/assets/img/../assets/../ HTTP/1.0
[Sat May 01 05:06:54.938050 2021] [core:error] [pid 11052:tid 21620] [client 10.1.60.24:49028] AH00126: Invalid URI in request 'boot.ini' 'GET \\assets/../assets/img/assets/img/../assets/img/../%2e%2e/%2e%2e/%2e%2e/%2e%2e/%2e%2e/%2e%2e/%2e%2e/%2e%2e/%2e%2e/%2e%2e/%2e%2e/%2e%2e/boot.ini HTTP/1.0'
[Sat May 01 05:06:55.026255 2021] [core:error] [pid 11052:tid 21780] [client 10.1.60.24:49144] AH00135: Invalid method in request get \\assets/../assets/img/assets/img/../assets/../assets/ HTTP/1.0
[Sat May 01 05:06:55.120293 2021] [core:error] [pid 11052:tid 22228] [client 10.1.60.24:49262] AH00135: Invalid method in request get \\assets/../assets/img/assets/img/../assets/../assets/img/ HTTP/1.0
[Sat May 01 05:06:55.222309 2021] [core:error] [pid 11052:tid 25248] [client 10.1.60.24:49472] AH00135: Invalid method in request get \\assets/../assets/img/assets/img/../assets/assets/img/ HTTP/1.0
[Sat May 01 05:06:55.326339 2021] [core:error] [pid 11052:tid 21620] [client 10.1.60.24:49630] AH00135: Invalid method in request get \\assets/../assets/img/assets/img/../assets/img/assets/ HTTP/1.0
[Sat May 01 05:06:55.419369 2021] [core:error] [pid 11052:tid 20148] [client 10.1.60.24:49732] AH00126: Invalid URI in request 'boot.ini' 'GET \\assets/../assets/img/assets/img/../assets/img/../assets/%2e%2e/%2e%2e/%2e%2e/%2e%2e/%2e%2e/%2e%2e/%2e%2e/%2e%2e/%2e%2e/%2e%2e/%2e%2e/%2e%2e/boot.ini HTTP/1.0'
[Sat May 01 05:06:55.597430 2021] [core:error] [pid 11052:tid 21780] [client 10.1.60.24:49912] AH00126: Invalid URI in request 'boot.ini' 'GET \\assets/../assets/img/assets/img/../assets/img/../assets/img/%2e%2e/%2e%2e/%2e%2e/%2e%2e/%2e%2e/%2e%2e/%2e%2e/%2e%2e/%2e%2e/%2e%2e/%2e%2e/%2e%2e/boot.ini HTTP/1.0'
[Sat May 01 05:06:55.645439 2021] [core:error] [pid 11052:tid 25240] [client 10.1.60.24:49994] AH00135: Invalid method in request get \\assets/../assets/img/assets/img/../assets/img/assets/icons/ HTTP/1.0
[Sat May 01 05:06:55.679445 2021] [core:error] [pid 11052:tid 22228] [client 10.1.60.24:50014] AH00126: Invalid URI in request 'boot.ini' 'GET \\assets/../assets/img/assets/img/../assets/img/assets/img/%2e%2e/%2e%2e/%2e%2e/%2e%2e/%2e%2e/%2e%2e/%2e%2e/%2e%2e/%2e%2e/%2e%2e/%2e%2e/%2e%2e/boot.ini HTTP/1.0'
[Sat May 01 05:06:55.777471 2021] [core:error] [pid 11052:tid 25232] [client 10.1.60.24:50124] AH00135: Invalid method in request get \\assets/../assets/img/assets/img/../assets/img/../ HTTP/1.0
[Sat May 01 05:06:55.825487 2021] [core:error] [pid 11052:tid 25248] [client 10.1.60.24:50160] AH00126: Invalid URI in request 'boot.ini' 'GET \\assets/../assets/img/../../assets/icons/%2e%2e/%2e%2e/%2e%2e/%2e%2e/%2e%2e/%2e%2e/%2e%2e/%2e%2e/%2e%2e/%2e%2e/%2e%2e/%2e%2e/boot.ini HTTP/1.0'
[Sat May 01 05:06:55.911522 2021] [core:error] [pid 11052:tid 21620] [client 10.1.60.24:50266] AH00126: Invalid URI in request 'boot.ini' 'GET \\assets/../assets/img/../../../%2e%2e/%2e%2e/%2e%2e/%2e%2e/%2e%2e/%2e%2e/%2e%2e/%2e%2e/%2e%2e/%2e%2e/%2e%2e/%2e%2e/boot.ini HTTP/1.0'
[Sat May 01 05:06:55.957529 2021] [core:error] [pid 11052:tid 21620] [client 10.1.60.24:50326] AH00126: Invalid URI in request '\xc0\xae\xc0\xae/\xc0\xae\xc0\xae/\xc0\xae\xc0\xae/\xc0\xae\xc0\xae/\xc0\xae\xc0\xae/\xc0\xae\xc0\xae/\xc0\xae\xc0\xae/\xc0\xae\xc0\xae/\xc0\xae\xc0\xae/\xc0\xae\xc0\xae/\xc0\xae\xc0\xae/\xc0\xae\xc0\xae/boot.ini' 'GET \\assets/../assets/img/../../../%c0%ae%c0%ae/%c0%ae%c0%ae/%c0%ae%c0%ae/%c0%ae%c0%ae/%c0%ae%c0%ae/%c0%ae%c0%ae/%c0%ae%c0%ae/%c0%ae%c0%ae/%c0%ae%c0%ae/%c0%ae%c0%ae/%c0%ae%c0%ae/%c0%ae%c0%ae/boot.ini HTTP/1.0'
[Sat May 01 05:06:56.006546 2021] [core:error] [pid 11052:tid 21620] [client 10.1.60.24:50372] AH00126: Invalid URI in request '\xe0\x80\xae\xe0\x80\xae/\xe0\x80\xae\xe0\x80\xae/\xe0\x80\xae\xe0\x80\xae/\xe0\x80\xae\xe0\x80\xae/\xe0\x80\xae\xe0\x80\xae/\xe0\x80\xae\xe0\x80\xae/\xe0\x80\xae\xe0\x80\xae/\xe0\x80\xae\xe0\x80\xae/\xe0\x80\xae\xe0\x80\xae/\xe0\x80\xae\xe0\x80\xae/\xe0\x80\xae\xe0\x80\xae/\xe0\x80\xae\xe0\x80\xae/boot.ini' 'GET \\assets/../assets/img/../../../%e0%80%ae%e0%80%ae/%e0%80%ae%e0%80%ae/%e0%80%ae%e0%80%ae/%e0%80%ae%e0%80%ae/%e0%80%ae%e0%80%ae/%e0%80%ae%e0%80%ae/%e0%80%ae%e0%80%ae/%e0%80%ae%e0%80%ae/%e0%80%ae%e0%80%ae/%e0%80%ae%e0%80%ae/%e0%80%ae%e0%80%ae/%e0%80%ae%e0%80%ae/boot.ini HTTP/1.0'
[Sat May 01 05:06:56.057568 2021] [core:error] [pid 11052:tid 21620] [client 10.1.60.24:50418] AH00126: Invalid URI in request '\xf0\x80\x80\xae\xf0\x80\x80\xae/\xf0\x80\x80\xae\xf0\x80\x80\xae/\xf0\x80\x80\xae\xf0\x80\x80\xae/\xf0\x80\x80\xae\xf0\x80\x80\xae/\xf0\x80\x80\xae\xf0\x80\x80\xae/\xf0\x80\x80\xae\xf0\x80\x80\xae/\xf0\x80\x80\xae\xf0\x80\x80\xae/\xf0\x80\x80\xae\xf0\x80\x80\xae/\xf0\x80\x80\xae\xf0\x80\x80\xae/\xf0\x80\x80\xae\xf0\x80\x80\xae/\xf0\x80\x80\xae\xf0\x80\x80\xae/\xf0\x80\x80\xae\xf0\x80\x80\xae/boot.ini' 'GET \\assets/../assets/img/../../../%f0%80%80%ae%f0%80%80%ae/%f0%80%80%ae%f0%80%80%ae/%f0%80%80%ae%f0%80%80%ae/%f0%80%80%ae%f0%80%80%ae/%f0%80%80%ae%f0%80%80%ae/%f0%80%80%ae%f0%80%80%ae/%f0%80%80%ae%f0%80%80%ae/%f0%80%80%ae%f0%80%80%ae/%f0%80%80%ae%f0%80%80%ae/%f0%80%80%ae%f0%80%80%ae/%f0%80%80%ae%f0%80%80%ae/%f0%80%80%ae%f0%80%80%ae/boot.ini HTTP/1.0'
[Sat May 01 05:06:56.109574 2021] [core:error] [pid 11052:tid 21620] [client 10.1.60.24:50472] AH00126: Invalid URI in request '\xf8\x80\x80\x80\xae\xf8\x80\x80\x80\xae/\xf8\x80\x80\x80\xae\xf8\x80\x80\x80\xae/\xf8\x80\x80\x80\xae\xf8\x80\x80\x80\xae/\xf8\x80\x80\x80\xae\xf8\x80\x80\x80\xae/\xf8\x80\x80\x80\xae\xf8\x80\x80\x80\xae/\xf8\x80\x80\x80\xae\xf8\x80\x80\x80\xae/\xf8\x80\x80\x80\xae\xf8\x80\x80\x80\xae/\xf8\x80\x80\x80\xae\xf8\x80\x80\x80\xae/\xf8\x80\x80\x80\xae\xf8\x80\x80\x80\xae/\xf8\x80\x80\x80\xae\xf8\x80\x80\x80\xae/\xf8\x80\x80\x80\xae\xf8\x80\x80\x80\xae/\xf8\x80\x80\x80\xae\xf8\x80\x80\x80\xae/boot.ini' 'GET \\assets/../assets/img/../../../%f8%80%80%80%ae%f8%80%80%80%ae/%f8%80%80%80%ae%f8%80%80%80%ae/%f8%80%80%80%ae%f8%80%80%80%ae/%f8%80%80%80%ae%f8%80%80%80%ae/%f8%80%80%80%ae%f8%80%80%80%ae/%f8%80%80%80%ae%f8%80%80%80%ae/%f8%80%80%80%ae%f8%80%80%80%ae/%f8%80%80%80%ae%f8%80%80%80%ae/%f8%80%80%80%ae%f8%80%80%80%ae/%f8%80%80%80%ae%f8%80%80%80%ae/%f8%80%80%80%ae%f8%80%80%80%ae/%f8%80%80%80%ae%f8%80%80%80%ae/boot.ini HTTP/1.0'
[Sat May 01 05:06:56.158617 2021] [core:error] [pid 11052:tid 21620] [client 10.1.60.24:50548] AH00126: Invalid URI in request 'phpinfo.php' 'GET \\assets/../assets/img/../../../phpinfo.php HTTP/1.0'
[Sat May 01 05:06:56.214600 2021] [core:error] [pid 11052:tid 21620] [client 10.1.60.24:50608] AH00126: Invalid URI in request 'info.php' 'GET \\assets/../assets/img/../../../info.php HTTP/1.0'
[Sat May 01 05:06:56.221600 2021] [core:error] [pid 11052:tid 25240] [client 10.1.60.24:50624] AH00126: Invalid URI in request 'boot.ini' 'GET \\assets/../assets/img/../../../assets/%2e%2e/%2e%2e/%2e%2e/%2e%2e/%2e%2e/%2e%2e/%2e%2e/%2e%2e/%2e%2e/%2e%2e/%2e%2e/%2e%2e/boot.ini HTTP/1.0'
[Sat May 01 05:06:56.243608 2021] [core:error] [pid 11052:tid 21780] [client 10.1.60.24:50654] AH00135: Invalid method in request get \\assets/../assets/img/assets/img/../assets/img/../assets/ HTTP/1.0
[Sat May 01 05:06:56.265618 2021] [core:error] [pid 11052:tid 21620] [client 10.1.60.24:50682] AH00126: Invalid URI in request 'php.php' 'GET \\assets/../assets/img/../../../php.php HTTP/1.0'
[Sat May 01 05:06:56.272623 2021] [core:error] [pid 11052:tid 25240] [client 10.1.60.24:50698] AH00126: Invalid URI in request 'assets/\xc0\xae\xc0\xae/\xc0\xae\xc0\xae/\xc0\xae\xc0\xae/\xc0\xae\xc0\xae/\xc0\xae\xc0\xae/\xc0\xae\xc0\xae/\xc0\xae\xc0\xae/\xc0\xae\xc0\xae/\xc0\xae\xc0\xae/\xc0\xae\xc0\xae/\xc0\xae\xc0\xae/\xc0\xae\xc0\xae/boot.ini' 'GET \\assets/../assets/img/../../../assets/%c0%ae%c0%ae/%c0%ae%c0%ae/%c0%ae%c0%ae/%c0%ae%c0%ae/%c0%ae%c0%ae/%c0%ae%c0%ae/%c0%ae%c0%ae/%c0%ae%c0%ae/%c0%ae%c0%ae/%c0%ae%c0%ae/%c0%ae%c0%ae/%c0%ae%c0%ae/boot.ini HTTP/1.0'
[Sat May 01 05:06:56.322782 2021] [core:error] [pid 11052:tid 21620] [client 10.1.60.24:50750] AH00126: Invalid URI in request 'phptest.php' 'GET \\assets/../assets/img/../../../phptest.php HTTP/1.0'
[Sat May 01 05:06:56.323759 2021] [core:error] [pid 11052:tid 25240] [client 10.1.60.24:50758] AH00126: Invalid URI in request 'assets/\xe0\x80\xae\xe0\x80\xae/\xe0\x80\xae\xe0\x80\xae/\xe0\x80\xae\xe0\x80\xae/\xe0\x80\xae\xe0\x80\xae/\xe0\x80\xae\xe0\x80\xae/\xe0\x80\xae\xe0\x80\xae/\xe0\x80\xae\xe0\x80\xae/\xe0\x80\xae\xe0\x80\xae/\xe0\x80\xae\xe0\x80\xae/\xe0\x80\xae\xe0\x80\xae/\xe0\x80\xae\xe0\x80\xae/\xe0\x80\xae\xe0\x80\xae/boot.ini' 'GET \\assets/../assets/img/../../../assets/%e0%80%ae%e0%80%ae/%e0%80%ae%e0%80%ae/%e0%80%ae%e0%80%ae/%e0%80%ae%e0%80%ae/%e0%80%ae%e0%80%ae/%e0%80%ae%e0%80%ae/%e0%80%ae%e0%80%ae/%e0%80%ae%e0%80%ae/%e0%80%ae%e0%80%ae/%e0%80%ae%e0%80%ae/%e0%80%ae%e0%80%ae/%e0%80%ae%e0%80%ae/boot.ini HTTP/1.0'
[Sat May 01 05:06:56.350768 2021] [core:error] [pid 11052:tid 25232] [client 10.1.60.24:50784] AH00126: Invalid URI in request 'boot.ini' 'GET \\assets/../assets/img/../../../assets/img/%2e%2e/%2e%2e/%2e%2e/%2e%2e/%2e%2e/%2e%2e/%2e%2e/%2e%2e/%2e%2e/%2e%2e/%2e%2e/%2e%2e/boot.ini HTTP/1.0'
[Sat May 01 05:06:56.373774 2021] [core:error] [pid 11052:tid 21620] [client 10.1.60.24:50812] AH00126: Invalid URI in request 'phpinfo.php3' 'GET \\assets/../assets/img/../../../phpinfo.php3 HTTP/1.0'
[Sat May 01 05:06:56.379777 2021] [core:error] [pid 11052:tid 25240] [client 10.1.60.24:50816] AH00126: Invalid URI in request 'assets/\xf0\x80\x80\xae\xf0\x80\x80\xae/\xf0\x80\x80\xae\xf0\x80\x80\xae/\xf0\x80\x80\xae\xf0\x80\x80\xae/\xf0\x80\x80\xae\xf0\x80\x80\xae/\xf0\x80\x80\xae\xf0\x80\x80\xae/\xf0\x80\x80\xae\xf0\x80\x80\xae/\xf0\x80\x80\xae\xf0\x80\x80\xae/\xf0\x80\x80\xae\xf0\x80\x80\xae/\xf0\x80\x80\xae\xf0\x80\x80\xae/\xf0\x80\x80\xae\xf0\x80\x80\xae/\xf0\x80\x80\xae\xf0\x80\x80\xae/\xf0\x80\x80\xae\xf0\x80\x80\xae/boot.ini' 'GET \\assets/../assets/img/../../../assets/%f0%80%80%ae%f0%80%80%ae/%f0%80%80%ae%f0%80%80%ae/%f0%80%80%ae%f0%80%80%ae/%f0%80%80%ae%f0%80%80%ae/%f0%80%80%ae%f0%80%80%ae/%f0%80%80%ae%f0%80%80%ae/%f0%80%80%ae%f0%80%80%ae/%f0%80%80%ae%f0%80%80%ae/%f0%80%80%ae%f0%80%80%ae/%f0%80%80%ae%f0%80%80%ae/%f0%80%80%ae%f0%80%80%ae/%f0%80%80%ae%f0%80%80%ae/boot.ini HTTP/1.0'
[Sat May 01 05:06:56.399782 2021] [core:error] [pid 11052:tid 25232] [client 10.1.60.24:50850] AH00126: Invalid URI in request 'assets/img/\xc0\xae\xc0\xae/\xc0\xae\xc0\xae/\xc0\xae\xc0\xae/\xc0\xae\xc0\xae/\xc0\xae\xc0\xae/\xc0\xae\xc0\xae/\xc0\xae\xc0\xae/\xc0\xae\xc0\xae/\xc0\xae\xc0\xae/\xc0\xae\xc0\xae/\xc0\xae\xc0\xae/\xc0\xae\xc0\xae/boot.ini' 'GET \\assets/../assets/img/../../../assets/img/%c0%ae%c0%ae/%c0%ae%c0%ae/%c0%ae%c0%ae/%c0%ae%c0%ae/%c0%ae%c0%ae/%c0%ae%c0%ae/%c0%ae%c0%ae/%c0%ae%c0%ae/%c0%ae%c0%ae/%c0%ae%c0%ae/%c0%ae%c0%ae/%c0%ae%c0%ae/boot.ini HTTP/1.0'
[Sat May 01 05:06:56.429790 2021] [core:error] [pid 11052:tid 25240] [client 10.1.60.24:50884] AH00126: Invalid URI in request 'assets/\xf8\x80\x80\x80\xae\xf8\x80\x80\x80\xae/\xf8\x80\x80\x80\xae\xf8\x80\x80\x80\xae/\xf8\x80\x80\x80\xae\xf8\x80\x80\x80\xae/\xf8\x80\x80\x80\xae\xf8\x80\x80\x80\xae/\xf8\x80\x80\x80\xae\xf8\x80\x80\x80\xae/\xf8\x80\x80\x80\xae\xf8\x80\x80\x80\xae/\xf8\x80\x80\x80\xae\xf8\x80\x80\x80\xae/\xf8\x80\x80\x80\xae\xf8\x80\x80\x80\xae/\xf8\x80\x80\x80\xae\xf8\x80\x80\x80\xae/\xf8\x80\x80\x80\xae\xf8\x80\x80\x80\xae/\xf8\x80\x80\x80\xae\xf8\x80\x80\x80\xae/\xf8\x80\x80\x80\xae\xf8\x80\x80\x80\xae/boot.ini' 'GET \\assets/../assets/img/../../../assets/%f8%80%80%80%ae%f8%80%80%80%ae/%f8%80%80%80%ae%f8%80%80%80%ae/%f8%80%80%80%ae%f8%80%80%80%ae/%f8%80%80%80%ae%f8%80%80%80%ae/%f8%80%80%80%ae%f8%80%80%80%ae/%f8%80%80%80%ae%f8%80%80%80%ae/%f8%80%80%80%ae%f8%80%80%80%ae/%f8%80%80%80%ae%f8%80%80%80%ae/%f8%80%80%80%ae%f8%80%80%80%ae/%f8%80%80%80%ae%f8%80%80%80%ae/%f8%80%80%80%ae%f8%80%80%80%ae/%f8%80%80%80%ae%f8%80%80%80%ae/boot.ini HTTP/1.0'
[Sat May 01 05:06:56.433792 2021] [core:error] [pid 11052:tid 21620] [client 10.1.60.24:50876] AH00126: Invalid URI in request 'info.php3' 'GET \\assets/../assets/img/../../../info.php3 HTTP/1.0'
[Sat May 01 05:06:56.443797 2021] [core:error] [pid 11052:tid 20148] [client 10.1.60.24:50896] AH00135: Invalid method in request get \\assets/../assets/img/assets/img/../assets/img/../assets/img/ HTTP/1.0
[Sat May 01 05:06:56.447798 2021] [core:error] [pid 11052:tid 25232] [client 10.1.60.24:50908] AH00126: Invalid URI in request 'assets/img/\xe0\x80\xae\xe0\x80\xae/\xe0\x80\xae\xe0\x80\xae/\xe0\x80\xae\xe0\x80\xae/\xe0\x80\xae\xe0\x80\xae/\xe0\x80\xae\xe0\x80\xae/\xe0\x80\xae\xe0\x80\xae/\xe0\x80\xae\xe0\x80\xae/\xe0\x80\xae\xe0\x80\xae/\xe0\x80\xae\xe0\x80\xae/\xe0\x80\xae\xe0\x80\xae/\xe0\x80\xae\xe0\x80\xae/\xe0\x80\xae\xe0\x80\xae/boot.ini' 'GET \\assets/../assets/img/../../../assets/img/%e0%80%ae%e0%80%ae/%e0%80%ae%e0%80%ae/%e0%80%ae%e0%80%ae/%e0%80%ae%e0%80%ae/%e0%80%ae%e0%80%ae/%e0%80%ae%e0%80%ae/%e0%80%ae%e0%80%ae/%e0%80%ae%e0%80%ae/%e0%80%ae%e0%80%ae/%e0%80%ae%e0%80%ae/%e0%80%ae%e0%80%ae/%e0%80%ae%e0%80%ae/boot.ini HTTP/1.0'
[Sat May 01 05:06:56.477813 2021] [core:error] [pid 11052:tid 25240] [client 10.1.60.24:50940] AH00126: Invalid URI in request 'assets/phpinfo.php' 'GET \\assets/../assets/img/../../../assets/phpinfo.php HTTP/1.0'
[Sat May 01 05:06:56.487819 2021] [core:error] [pid 11052:tid 21620] [client 10.1.60.24:50948] AH00126: Invalid URI in request 'phptest.php3' 'GET \\assets/../assets/img/../../../phptest.php3 HTTP/1.0'
[Sat May 01 05:06:56.502822 2021] [core:error] [pid 11052:tid 25232] [client 10.1.60.24:50958] AH00126: Invalid URI in request 'assets/img/\xf0\x80\x80\xae\xf0\x80\x80\xae/\xf0\x80\x80\xae\xf0\x80\x80\xae/\xf0\x80\x80\xae\xf0\x80\x80\xae/\xf0\x80\x80\xae\xf0\x80\x80\xae/\xf0\x80\x80\xae\xf0\x80\x80\xae/\xf0\x80\x80\xae\xf0\x80\x80\xae/\xf0\x80\x80\xae\xf0\x80\x80\xae/\xf0\x80\x80\xae\xf0\x80\x80\xae/\xf0\x80\x80\xae\xf0\x80\x80\xae/\xf0\x80\x80\xae\xf0\x80\x80\xae/\xf0\x80\x80\xae\xf0\x80\x80\xae/\xf0\x80\x80\xae\xf0\x80\x80\xae/boot.ini' 'GET \\assets/../assets/img/../../../assets/img/%f0%80%80%ae%f0%80%80%ae/%f0%80%80%ae%f0%80%80%ae/%f0%80%80%ae%f0%80%80%ae/%f0%80%80%ae%f0%80%80%ae/%f0%80%80%ae%f0%80%80%ae/%f0%80%80%ae%f0%80%80%ae/%f0%80%80%ae%f0%80%80%ae/%f0%80%80%ae%f0%80%80%ae/%f0%80%80%ae%f0%80%80%ae/%f0%80%80%ae%f0%80%80%ae/%f0%80%80%ae%f0%80%80%ae/%f0%80%80%ae%f0%80%80%ae/boot.ini HTTP/1.0'
[Sat May 01 05:06:56.523820 2021] [core:error] [pid 11052:tid 22228] [client 10.1.60.24:50976] AH00135: Invalid method in request get \\assets/../assets/img/assets/img/../assets/img/assets/img/ HTTP/1.0
[Sat May 01 05:06:56.533826 2021] [core:error] [pid 11052:tid 25240] [client 10.1.60.24:50980] AH00126: Invalid URI in request 'assets/info.php' 'GET \\assets/../assets/img/../../../assets/info.php HTTP/1.0'
[Sat May 01 05:06:56.542825 2021] [core:error] [pid 11052:tid 21620] [client 10.1.60.24:50998] AH00126: Invalid URI in request '' 'GET \\assets/../assets/img/../../../ HTTP/1.0'
[Sat May 01 05:06:56.563831 2021] [core:error] [pid 11052:tid 25232] [client 10.1.60.24:51016] AH00126: Invalid URI in request 'assets/img/\xf8\x80\x80\x80\xae\xf8\x80\x80\x80\xae/\xf8\x80\x80\x80\xae\xf8\x80\x80\x80\xae/\xf8\x80\x80\x80\xae\xf8\x80\x80\x80\xae/\xf8\x80\x80\x80\xae\xf8\x80\x80\x80\xae/\xf8\x80\x80\x80\xae\xf8\x80\x80\x80\xae/\xf8\x80\x80\x80\xae\xf8\x80\x80\x80\xae/\xf8\x80\x80\x80\xae\xf8\x80\x80\x80\xae/\xf8\x80\x80\x80\xae\xf8\x80\x80\x80\xae/\xf8\x80\x80\x80\xae\xf8\x80\x80\x80\xae/\xf8\x80\x80\x80\xae\xf8\x80\x80\x80\xae/\xf8\x80\x80\x80\xae\xf8\x80\x80\x80\xae/\xf8\x80\x80\x80\xae\xf8\x80\x80\x80\xae/boot.ini' 'GET \\assets/../assets/img/../../../assets/img/%f8%80%80%80%ae%f8%80%80%80%ae/%f8%80%80%80%ae%f8%80%80%80%ae/%f8%80%80%80%ae%f8%80%80%80%ae/%f8%80%80%80%ae%f8%80%80%80%ae/%f8%80%80%80%ae%f8%80%80%80%ae/%f8%80%80%80%ae%f8%80%80%80%ae/%f8%80%80%80%ae%f8%80%80%80%ae/%f8%80%80%80%ae%f8%80%80%80%ae/%f8%80%80%80%ae%f8%80%80%80%ae/%f8%80%80%80%ae%f8%80%80%80%ae/%f8%80%80%80%ae%f8%80%80%80%ae/%f8%80%80%80%ae%f8%80%80%80%ae/boot.ini HTTP/1.0'
[Sat May 01 05:06:56.591834 2021] [core:error] [pid 11052:tid 21620] [client 10.1.60.24:51052] AH00126: Invalid URI in request '' 'get \\assets/../assets/img/../../../ HTTP/1.0'
[Sat May 01 05:06:56.592883 2021] [core:error] [pid 11052:tid 25240] [client 10.1.60.24:51044] AH00126: Invalid URI in request 'assets/php.php' 'GET \\assets/../assets/img/../../../assets/php.php HTTP/1.0'
[Sat May 01 05:06:56.623846 2021] [core:error] [pid 11052:tid 21780] [client 10.1.60.24:51070] AH00126: Invalid URI in request 'assets/img/phpinfo.php' 'GET \\assets/../assets/img/../../../assets/img/phpinfo.php HTTP/1.0'
[Sat May 01 05:06:56.641859 2021] [core:error] [pid 11052:tid 21620] [client 10.1.60.24:51096] AH00126: Invalid URI in request 'redirect.asp' 'GET \\assets/../assets/img/../../../redirect.asp?url=<script>alert(5341)</script> HTTP/1.0'
[Sat May 01 05:06:56.643860 2021] [core:error] [pid 11052:tid 25240] [client 10.1.60.24:51098] AH00126: Invalid URI in request 'assets/phptest.php' 'GET \\assets/../assets/img/../../../assets/phptest.php HTTP/1.0'
[Sat May 01 05:06:56.646854 2021] [core:error] [pid 11052:tid 25248] [client 10.1.60.24:51108] AH00135: Invalid method in request get \\assets/../assets/img/../../assets/icons/ HTTP/1.0
[Sat May 01 05:06:56.684864 2021] [core:error] [pid 11052:tid 21780] [client 10.1.60.24:51126] AH00126: Invalid URI in request 'assets/img/info.php' 'GET \\assets/../assets/img/../../../assets/img/info.php HTTP/1.0'
[Sat May 01 05:06:56.691878 2021] [core:error] [pid 11052:tid 21620] [client 10.1.60.24:51150] AH00126: Invalid URI in request '_mmDBScripts/MMHTTPDB.asp' 'GET \\assets/../assets/img/../../../_mmDBScripts/MMHTTPDB.asp HTTP/1.0'
[Sat May 01 05:06:56.695873 2021] [core:error] [pid 11052:tid 25240] [client 10.1.60.24:51156] AH00126: Invalid URI in request 'assets/phpinfo.php3' 'GET \\assets/../assets/img/../../../assets/phpinfo.php3 HTTP/1.0'
[Sat May 01 05:06:56.735883 2021] [core:error] [pid 11052:tid 21780] [client 10.1.60.24:51198] AH00126: Invalid URI in request 'assets/img/php.php' 'GET \\assets/../assets/img/../../../assets/img/php.php HTTP/1.0'
[Sat May 01 05:06:56.743887 2021] [core:error] [pid 11052:tid 21620] [client 10.1.60.24:51208] AH00126: Invalid URI in request '_mmServerScripts/MMHTTPDB.asp' 'GET \\assets/../assets/img/../../../_mmServerScripts/MMHTTPDB.asp HTTP/1.0'
[Sat May 01 05:06:56.746882 2021] [core:error] [pid 11052:tid 25240] [client 10.1.60.24:51212] AH00126: Invalid URI in request 'assets/info.php3' 'GET \\assets/../assets/img/../../../assets/info.php3 HTTP/1.0'
[Sat May 01 05:06:56.785892 2021] [core:error] [pid 11052:tid 21780] [client 10.1.60.24:51250] AH00126: Invalid URI in request 'assets/img/phptest.php' 'GET \\assets/../assets/img/../../../assets/img/phptest.php HTTP/1.0'
[Sat May 01 05:06:56.797896 2021] [core:error] [pid 11052:tid 21620] [client 10.1.60.24:51258] AH00126: Invalid URI in request 'cmd.exe' 'GET \\assets/../assets/img/../../../cmd.exe?/c+dir HTTP/1.0'
[Sat May 01 05:06:56.797896 2021] [core:error] [pid 11052:tid 25240] [client 10.1.60.24:51264] AH00126: Invalid URI in request 'assets/phptest.php3' 'GET \\assets/../assets/img/../../../assets/phptest.php3 HTTP/1.0'
[Sat May 01 05:06:56.838914 2021] [core:error] [pid 11052:tid 21780] [client 10.1.60.24:51296] AH00126: Invalid URI in request 'assets/img/phpinfo.php3' 'GET \\assets/../assets/img/../../../assets/img/phpinfo.php3 HTTP/1.0'
[Sat May 01 05:06:56.841916 2021] [core:error] [pid 11052:tid 25232] [client 10.1.60.24:51300] AH00126: Invalid URI in request 'boot.ini' 'GET \\assets/../assets/img/../../assets/assets/%2e%2e/%2e%2e/%2e%2e/%2e%2e/%2e%2e/%2e%2e/%2e%2e/%2e%2e/%2e%2e/%2e%2e/%2e%2e/%2e%2e/boot.ini HTTP/1.0'
[Sat May 01 05:06:56.845916 2021] [core:error] [pid 11052:tid 21620] [client 10.1.60.24:51328] AH00126: Invalid URI in request 'assets/' 'GET \\assets/../assets/img/../../../assets/ HTTP/1.0'
[Sat May 01 05:06:56.848916 2021] [core:error] [pid 11052:tid 25240] [client 10.1.60.24:51326] AH00126: Invalid URI in request 'phpinfo.php' 'GET \\assets/../assets/img/../../../phpinfo.php HTTP/1.0'
[Sat May 01 05:06:56.893923 2021] [core:error] [pid 11052:tid 21780] [client 10.1.60.24:51368] AH00126: Invalid URI in request 'assets/img/info.php3' 'GET \\assets/../assets/img/../../../assets/img/info.php3 HTTP/1.0'
[Sat May 01 05:06:56.897925 2021] [core:error] [pid 11052:tid 21620] [client 10.1.60.24:51380] AH00126: Invalid URI in request 'assets/' 'get \\assets/../assets/img/../../../assets/ HTTP/1.0'
[Sat May 01 05:06:56.901934 2021] [core:error] [pid 11052:tid 25248] [client 10.1.60.24:51390] AH00126: Invalid URI in request '.user.ini' 'GET \\assets/../assets/img/../../../.user.ini HTTP/1.0'
[Sat May 01 05:06:56.946948 2021] [core:error] [pid 11052:tid 21780] [client 10.1.60.24:51428] AH00126: Invalid URI in request 'assets/img/phptest.php3' 'GET \\assets/../assets/img/../../../assets/img/phptest.php3 HTTP/1.0'
[Sat May 01 05:06:56.947943 2021] [core:error] [pid 11052:tid 21620] [client 10.1.60.24:51432] AH00126: Invalid URI in request 'assets/redirect.asp' 'GET \\assets/../assets/img/../../../assets/redirect.asp?url=<script>alert(5341)</script> HTTP/1.0'
[Sat May 01 05:06:56.957947 2021] [core:error] [pid 11052:tid 25248] [client 10.1.60.24:51444] AH00126: Invalid URI in request 'boot.ini' 'GET \\assets/../assets/img/../../assets/assets/icons/%2e%2e/%2e%2e/%2e%2e/%2e%2e/%2e%2e/%2e%2e/%2e%2e/%2e%2e/%2e%2e/%2e%2e/%2e%2e/%2e%2e/boot.ini HTTP/1.0'
[Sat May 01 05:06:56.997955 2021] [core:error] [pid 11052:tid 21780] [client 10.1.60.24:51486] AH00126: Invalid URI in request 'assets/img/' 'GET \\assets/../assets/img/../../../assets/img/ HTTP/1.0'
[Sat May 01 05:06:57.001965 2021] [core:error] [pid 11052:tid 21620] [client 10.1.60.24:51490] AH00126: Invalid URI in request 'assets/_mmDBScripts/MMHTTPDB.asp' 'GET \\assets/../assets/img/../../../assets/_mmDBScripts/MMHTTPDB.asp HTTP/1.0'
[Sat May 01 05:06:57.023959 2021] [core:error] [pid 11052:tid 20148] [client 10.1.60.24:51514] AH00126: Invalid URI in request 'boot.ini' 'GET \\assets/../assets/img/../../assets/../%2e%2e/%2e%2e/%2e%2e/%2e%2e/%2e%2e/%2e%2e/%2e%2e/%2e%2e/%2e%2e/%2e%2e/%2e%2e/%2e%2e/boot.ini HTTP/1.0'
[Sat May 01 05:06:57.047966 2021] [core:error] [pid 11052:tid 21620] [client 10.1.60.24:51562] AH00126: Invalid URI in request 'assets/_mmServerScripts/MMHTTPDB.asp' 'GET \\assets/../assets/img/../../../assets/_mmServerScripts/MMHTTPDB.asp HTTP/1.0'
[Sat May 01 05:06:57.049966 2021] [core:error] [pid 11052:tid 21780] [client 10.1.60.24:51554] AH00126: Invalid URI in request 'assets/img/' 'get \\assets/../assets/img/../../../assets/img/ HTTP/1.0'
[Sat May 01 05:06:57.099984 2021] [core:error] [pid 11052:tid 21780] [client 10.1.60.24:51640] AH00126: Invalid URI in request 'assets/img/redirect.asp' 'GET \\assets/../assets/img/../../../assets/img/redirect.asp?url=<script>alert(5341)</script> HTTP/1.0'
[Sat May 01 05:06:57.101982 2021] [core:error] [pid 11052:tid 21620] [client 10.1.60.24:51636] AH00126: Invalid URI in request 'assets/cmd.exe' 'GET \\assets/../assets/img/../../../assets/cmd.exe?/c+dir HTTP/1.0'
[Sat May 01 05:06:57.118993 2021] [core:error] [pid 11052:tid 22228] [client 10.1.60.24:51656] AH00126: Invalid URI in request 'boot.ini' 'GET \\assets/../assets/img/../../assets/../assets/%2e%2e/%2e%2e/%2e%2e/%2e%2e/%2e%2e/%2e%2e/%2e%2e/%2e%2e/%2e%2e/%2e%2e/%2e%2e/%2e%2e/boot.ini HTTP/1.0'
[Sat May 01 05:06:57.151000 2021] [core:error] [pid 11052:tid 21780] [client 10.1.60.24:51696] AH00126: Invalid URI in request 'assets/img/_mmDBScripts/MMHTTPDB.asp' 'GET \\assets/../assets/img/../../../assets/img/_mmDBScripts/MMHTTPDB.asp HTTP/1.0'
[Sat May 01 05:06:57.152999 2021] [core:error] [pid 11052:tid 21620] [client 10.1.60.24:51702] AH00126: Invalid URI in request 'assets/phpinfo.php' 'GET \\assets/../assets/img/../../../assets/phpinfo.php HTTP/1.0'
[Sat May 01 05:06:57.203017 2021] [core:error] [pid 11052:tid 21620] [client 10.1.60.24:51762] AH00126: Invalid URI in request 'assets/.user.ini' 'GET \\assets/../assets/img/../../../assets/.user.ini HTTP/1.0'
[Sat May 01 05:06:57.203017 2021] [core:error] [pid 11052:tid 21780] [client 10.1.60.24:51760] AH00126: Invalid URI in request 'assets/img/_mmServerScripts/MMHTTPDB.asp' 'GET \\assets/../assets/img/../../../assets/img/_mmServerScripts/MMHTTPDB.asp HTTP/1.0'
[Sat May 01 05:06:57.227016 2021] [core:error] [pid 11052:tid 25240] [client 10.1.60.24:51790] AH00126: Invalid URI in request 'boot.ini' 'GET \\assets/../assets/img/../../assets/../assets/img/%2e%2e/%2e%2e/%2e%2e/%2e%2e/%2e%2e/%2e%2e/%2e%2e/%2e%2e/%2e%2e/%2e%2e/%2e%2e/%2e%2e/boot.ini HTTP/1.0'
[Sat May 01 05:06:57.254029 2021] [core:error] [pid 11052:tid 21780] [client 10.1.60.24:51818] AH00126: Invalid URI in request 'assets/img/cmd.exe' 'GET \\assets/../assets/img/../../../assets/img/cmd.exe?/c+dir HTTP/1.0'
[Sat May 01 05:06:57.259027 2021] [core:error] [pid 11052:tid 21620] [client 10.1.60.24:51830] AH00126: Invalid URI in request 'boot.ini' 'GET \\assets/../assets/img/../../assets/assets/img/%2e%2e/%2e%2e/%2e%2e/%2e%2e/%2e%2e/%2e%2e/%2e%2e/%2e%2e/%2e%2e/%2e%2e/%2e%2e/%2e%2e/boot.ini HTTP/1.0'
[Sat May 01 05:06:57.315051 2021] [core:error] [pid 11052:tid 21780] [client 10.1.60.24:51892] AH00126: Invalid URI in request 'assets/img/phpinfo.php' 'GET \\assets/../assets/img/../../../assets/img/phpinfo.php HTTP/1.0'
[Sat May 01 05:06:57.369066 2021] [core:error] [pid 11052:tid 21780] [client 10.1.60.24:51950] AH00126: Invalid URI in request 'assets/img/.user.ini' 'GET \\assets/../assets/img/../../../assets/img/.user.ini HTTP/1.0'
[Sat May 01 05:06:57.438081 2021] [core:error] [pid 11052:tid 21780] [client 10.1.60.24:52020] AH00126: Invalid URI in request 'boot.ini' 'GET \\assets/../assets/img/../../assets/img/assets/%2e%2e/%2e%2e/%2e%2e/%2e%2e/%2e%2e/%2e%2e/%2e%2e/%2e%2e/%2e%2e/%2e%2e/%2e%2e/%2e%2e/boot.ini HTTP/1.0'
[Sat May 01 05:06:57.696159 2021] [core:error] [pid 11052:tid 21780] [client 10.1.60.24:52370] AH00135: Invalid method in request get \\assets/../assets/img/../../assets/assets/ HTTP/1.0
[Sat May 01 05:06:57.811198 2021] [core:error] [pid 11052:tid 25248] [client 10.1.60.24:52534] AH00135: Invalid method in request get \\assets/../assets/img/../../assets/assets/icons/ HTTP/1.0
[Sat May 01 05:06:57.860206 2021] [core:error] [pid 11052:tid 20148] [client 10.1.60.24:52588] AH00135: Invalid method in request get \\assets/../assets/img/../../assets/../ HTTP/1.0
[Sat May 01 05:06:57.977238 2021] [core:error] [pid 11052:tid 22228] [client 10.1.60.24:52752] AH00135: Invalid method in request get \\assets/../assets/img/../../assets/../assets/ HTTP/1.0
[Sat May 01 05:06:58.077411 2021] [core:error] [pid 11052:tid 21780] [client 10.1.60.24:52886] AH00135: Invalid method in request get \\assets/../assets/img/../../assets/../assets/img/ HTTP/1.0
[Sat May 01 05:06:58.128424 2021] [core:error] [pid 11052:tid 21620] [client 10.1.60.24:52968] AH00135: Invalid method in request get \\assets/../assets/img/../../assets/assets/img/ HTTP/1.0
[Sat May 01 05:06:58.288473 2021] [core:error] [pid 11052:tid 25232] [client 10.1.60.24:53186] AH00135: Invalid method in request get \\assets/../assets/img/../../assets/img/assets/ HTTP/1.0
[Sat May 01 05:06:58.295478 2021] [core:error] [pid 11052:tid 22108] [client 10.1.60.24:53198] AH00126: Invalid URI in request 'boot.ini' 'GET \\assets/../assets/img/../../assets/img/assets/icons/%2e%2e/%2e%2e/%2e%2e/%2e%2e/%2e%2e/%2e%2e/%2e%2e/%2e%2e/%2e%2e/%2e%2e/%2e%2e/%2e%2e/boot.ini HTTP/1.0'
[Sat May 01 05:06:58.410503 2021] [core:error] [pid 11052:tid 22108] [client 10.1.60.24:53416] AH00126: Invalid URI in request 'boot.ini' 'GET \\assets/../assets/img/../../assets/img/../%2e%2e/%2e%2e/%2e%2e/%2e%2e/%2e%2e/%2e%2e/%2e%2e/%2e%2e/%2e%2e/%2e%2e/%2e%2e/%2e%2e/boot.ini HTTP/1.0'
[Sat May 01 05:06:58.436525 2021] [core:error] [pid 11052:tid 20148] [client 10.1.60.24:53452] AH00126: Invalid URI in request 'boot.ini' 'GET \\assets/../assets/img/../../assets/img/../assets/%2e%2e/%2e%2e/%2e%2e/%2e%2e/%2e%2e/%2e%2e/%2e%2e/%2e%2e/%2e%2e/%2e%2e/%2e%2e/%2e%2e/boot.ini HTTP/1.0'
[Sat May 01 05:06:58.567557 2021] [core:error] [pid 11052:tid 22228] [client 10.1.60.24:53664] AH00126: Invalid URI in request 'boot.ini' 'GET \\assets/../assets/img/../../assets/img/../assets/img/%2e%2e/%2e%2e/%2e%2e/%2e%2e/%2e%2e/%2e%2e/%2e%2e/%2e%2e/%2e%2e/%2e%2e/%2e%2e/%2e%2e/boot.ini HTTP/1.0'
[Sat May 01 05:06:58.676580 2021] [core:error] [pid 11052:tid 21780] [client 10.1.60.24:53804] AH00126: Invalid URI in request 'boot.ini' 'GET \\assets/../assets/img/../../assets/img/assets/img/%2e%2e/%2e%2e/%2e%2e/%2e%2e/%2e%2e/%2e%2e/%2e%2e/%2e%2e/%2e%2e/%2e%2e/%2e%2e/%2e%2e/boot.ini HTTP/1.0'
[Sat May 01 05:06:58.719597 2021] [core:error] [pid 11052:tid 21620] [client 10.1.60.24:53876] AH00126: Invalid URI in request 'boot.ini' 'GET \\assets/../assets/img/../assets/assets/assets/%2e%2e/%2e%2e/%2e%2e/%2e%2e/%2e%2e/%2e%2e/%2e%2e/%2e%2e/%2e%2e/%2e%2e/%2e%2e/%2e%2e/boot.ini HTTP/1.0'
[Sat May 01 05:06:58.857633 2021] [core:error] [pid 11052:tid 25232] [client 10.1.60.24:54060] AH00126: Invalid URI in request 'boot.ini' 'GET \\assets/../assets/img/../assets/assets/assets/icons/%2e%2e/%2e%2e/%2e%2e/%2e%2e/%2e%2e/%2e%2e/%2e%2e/%2e%2e/%2e%2e/%2e%2e/%2e%2e/%2e%2e/boot.ini HTTP/1.0'
[Sat May 01 05:06:59.139715 2021] [core:error] [pid 11052:tid 25248] [client 10.1.60.24:54474] AH00135: Invalid method in request get \\assets/../assets/img/../../assets/img/assets/icons/ HTTP/1.0
[Sat May 01 05:06:59.256750 2021] [core:error] [pid 11052:tid 22108] [client 10.1.60.24:54662] AH00135: Invalid method in request get \\assets/../assets/img/../../assets/img/../ HTTP/1.0
[Sat May 01 05:06:59.274758 2021] [core:error] [pid 11052:tid 20148] [client 10.1.60.24:54688] AH00135: Invalid method in request get \\assets/../assets/img/../../assets/img/../assets/ HTTP/1.0
[Sat May 01 05:06:59.413797 2021] [core:error] [pid 11052:tid 22228] [client 10.1.60.24:54888] AH00135: Invalid method in request get \\assets/../assets/img/../../assets/img/../assets/img/ HTTP/1.0
