[Sat May 01 04:59:24.888413 2021] [core:error] [pid 11052:tid 22108] [client 10.1.60.24:58454] AH00135: Invalid method in request get \\assets/../assets/../assets/img/ HTTP/1.0
[Sat May 01 04:59:28.235520 2021] [core:error] [pid 11052:tid 22108] [client 10.1.60.24:59990] AH00135: Invalid method in request get \\assets/../assets/img/assets/ HTTP/1.0
[Sat May 01 04:59:31.568670 2021] [core:error] [pid 11052:tid 25224] [client 10.1.60.24:33712] AH00135: Invalid method in request get \\assets/../assets/img/assets/img/ HTTP/1.0
[Sat May 01 04:59:34.883777 2021] [core:error] [pid 11052:tid 22108] [client 10.1.60.24:35552] AH00135: Invalid method in request get \\assets/../assets/img/../ HTTP/1.0
[Sat May 01 04:59:38.209734 2021] [core:error] [pid 11052:tid 21620] [client 10.1.60.24:36850] AH00135: Invalid method in request get \\assets/../assets/img/../assets/ HTTP/1.0
[Sat May 01 04:59:41.538699 2021] [core:error] [pid 11052:tid 21620] [client 10.1.60.24:37938] AH00135: Invalid method in request get \\assets/../assets/img/../assets/img/ HTTP/1.0
[Sat May 01 04:59:44.863002 2021] [core:error] [pid 11052:tid 25224] [client 10.1.60.24:39240] AH00135: Invalid method in request get \\assets/img/assets/assets/ HTTP/1.0
[Sat May 01 04:59:48.177117 2021] [core:error] [pid 11052:tid 22108] [client 10.1.60.24:40500] AH00135: Invalid method in request get \\assets/img/assets/assets/img/ HTTP/1.0
[Sat May 01 04:59:51.510210 2021] [core:error] [pid 11052:tid 22108] [client 10.1.60.24:42790] AH00135: Invalid method in request get \\assets/img/assets/img/assets/ HTTP/1.0
[Sat May 01 04:59:54.830165 2021] [core:error] [pid 11052:tid 21620] [client 10.1.60.24:44606] AH00135: Invalid method in request get \\assets/img/assets/img/assets/img/ HTTP/1.0
[Sat May 01 04:59:58.162870 2021] [core:error] [pid 11052:tid 25224] [client 10.1.60.24:46182] AH00135: Invalid method in request get /assets/assets/assets/assets/ HTTP/1.0
[Sat May 01 05:00:01.486917 2021] [core:error] [pid 11052:tid 22228] [client 10.1.60.24:48146] AH00135: Invalid method in request get /assets/assets/assets/assets/img/ HTTP/1.0
[Sat May 01 05:00:04.501063 2021] [core:error] [pid 11052:tid 25248] [client 10.1.60.24:49368] AH00135: Invalid method in request get /assets/assets/assets/img/assets/ HTTP/1.0
[Sat May 01 05:00:04.807253 2021] [core:error] [pid 11052:tid 25248] [client 10.1.60.24:49516] AH00135: Invalid method in request get /assets/assets/assets/img/assets/img/ HTTP/1.0
[Sat May 01 05:00:07.826027 2021] [core:error] [pid 11052:tid 22108] [client 10.1.60.24:50920] AH00135: Invalid method in request get /assets/assets/img/assets/assets/ HTTP/1.0
[Sat May 01 05:00:08.118194 2021] [core:error] [pid 11052:tid 25256] [client 10.1.60.24:51080] AH00135: Invalid method in request get /assets/assets/img/assets/assets/img/ HTTP/1.0
[Sat May 01 05:00:08.991717 2021] [core:error] [pid 11052:tid 25224] [client 10.1.60.24:52164] AH00135: Invalid method in request get /assets/assets/img/assets/img/assets/ HTTP/1.0
[Sat May 01 05:00:11.142974 2021] [core:error] [pid 11052:tid 21780] [client 10.1.60.24:54828] AH00135: Invalid method in request get /assets/assets/img/assets/img/assets/img/ HTTP/1.0
[Sat May 01 05:00:11.442472 2021] [core:error] [pid 11052:tid 22228] [client 10.1.60.24:55156] AH00135: Invalid method in request get /assets/img/assets/assets/assets/ HTTP/1.0
[Sat May 01 05:00:12.302966 2021] [core:error] [pid 11052:tid 25224] [client 10.1.60.24:56154] AH00135: Invalid method in request get /assets/img/assets/assets/assets/img/ HTTP/1.0
[Sat May 01 05:00:14.467361 2021] [core:error] [pid 11052:tid 20148] [client 10.1.60.24:33424] AH00135: Invalid method in request get /assets/img/assets/assets/img/assets/ HTTP/1.0
[Sat May 01 05:00:14.754523 2021] [core:error] [pid 11052:tid 21620] [client 10.1.60.24:33794] AH00135: Invalid method in request get /assets/img/assets/assets/img/assets/img/ HTTP/1.0
[Sat May 01 05:00:17.201297 2021] [core:error] [pid 11052:tid 25256] [client 10.1.60.24:37084] AH00135: Invalid method in request get /assets/img/assets/img/assets/assets/ HTTP/1.0
[Sat May 01 05:00:17.777784 2021] [core:error] [pid 11052:tid 22108] [client 10.1.60.24:38144] AH00135: Invalid method in request get /assets/img/assets/img/assets/assets/img/ HTTP/1.0
[Sat May 01 05:00:17.953886 2021] [core:error] [pid 11052:tid 22108] [client 10.1.60.24:44356] AH00126: Invalid URI in request 'boot.ini' 'GET \\assets/assets/assets/%2e%2e/%2e%2e/%2e%2e/%2e%2e/%2e%2e/%2e%2e/%2e%2e/%2e%2e/%2e%2e/%2e%2e/%2e%2e/%2e%2e/boot.ini HTTP/1.0'
[Sat May 01 05:00:18.080953 2021] [core:error] [pid 11052:tid 22108] [client 10.1.60.24:38518] AH00135: Invalid method in request get /assets/img/assets/img/assets/img/assets/ HTTP/1.0
[Sat May 01 05:00:18.256065 2021] [core:error] [pid 11052:tid 22108] [client 10.1.60.24:44712] AH00126: Invalid URI in request 'boot.ini' 'GET \\assets/assets/assets/img/%2e%2e/%2e%2e/%2e%2e/%2e%2e/%2e%2e/%2e%2e/%2e%2e/%2e%2e/%2e%2e/%2e%2e/%2e%2e/%2e%2e/boot.ini HTTP/1.0'
[Sat May 01 05:00:18.936670 2021] [core:error] [pid 11052:tid 25240] [client 10.1.60.24:45464] AH00135: Invalid method in request get \\assets/assets/assets/ HTTP/1.0
[Sat May 01 05:00:19.240853 2021] [core:error] [pid 11052:tid 22108] [client 10.1.60.24:45802] AH00135: Invalid method in request get \\assets/assets/assets/img/ HTTP/1.0
[Sat May 01 05:00:19.520027 2021] [core:error] [pid 11052:tid 25240] [client 10.1.60.24:46112] AH00126: Invalid URI in request 'boot.ini' 'GET \\assets/assets/img/assets/%2e%2e/%2e%2e/%2e%2e/%2e%2e/%2e%2e/%2e%2e/%2e%2e/%2e%2e/%2e%2e/%2e%2e/%2e%2e/%2e%2e/boot.ini HTTP/1.0'
[Sat May 01 05:00:19.820198 2021] [core:error] [pid 11052:tid 22108] [client 10.1.60.24:46438] AH00126: Invalid URI in request 'boot.ini' 'GET \\assets/assets/img/assets/img/%2e%2e/%2e%2e/%2e%2e/%2e%2e/%2e%2e/%2e%2e/%2e%2e/%2e%2e/%2e%2e/%2e%2e/%2e%2e/%2e%2e/boot.ini HTTP/1.0'
[Sat May 01 05:00:20.496594 2021] [core:error] [pid 11052:tid 21780] [client 10.1.60.24:47312] AH00135: Invalid method in request get \\assets/assets/img/assets/ HTTP/1.0
[Sat May 01 05:00:20.511594 2021] [core:error] [pid 11052:tid 25240] [client 10.1.60.24:41354] AH00135: Invalid method in request get /assets/img/assets/img/assets/img/assets/img/ HTTP/1.0
[Sat May 01 05:00:20.708723 2021] [core:error] [pid 11052:tid 25240] [client 10.1.60.24:47704] AH00126: Invalid URI in request 'boot.ini' 'GET \\assets/../../%2e%2e/%2e%2e/%2e%2e/%2e%2e/%2e%2e/%2e%2e/%2e%2e/%2e%2e/%2e%2e/%2e%2e/%2e%2e/%2e%2e/boot.ini HTTP/1.0'
[Sat May 01 05:00:20.759762 2021] [core:error] [pid 11052:tid 25240] [client 10.1.60.24:47844] AH00126: Invalid URI in request '\xc0\xae\xc0\xae/\xc0\xae\xc0\xae/\xc0\xae\xc0\xae/\xc0\xae\xc0\xae/\xc0\xae\xc0\xae/\xc0\xae\xc0\xae/\xc0\xae\xc0\xae/\xc0\xae\xc0\xae/\xc0\xae\xc0\xae/\xc0\xae\xc0\xae/\xc0\xae\xc0\xae/\xc0\xae\xc0\xae/boot.ini' 'GET \\assets/../../%c0%ae%c0%ae/%c0%ae%c0%ae/%c0%ae%c0%ae/%c0%ae%c0%ae/%c0%ae%c0%ae/%c0%ae%c0%ae/%c0%ae%c0%ae/%c0%ae%c0%ae/%c0%ae%c0%ae/%c0%ae%c0%ae/%c0%ae%c0%ae/%c0%ae%c0%ae/boot.ini HTTP/1.0'
[Sat May 01 05:00:20.810779 2021] [core:error] [pid 11052:tid 25240] [client 10.1.60.24:47924] AH00126: Invalid URI in request '\xe0\x80\xae\xe0\x80\xae/\xe0\x80\xae\xe0\x80\xae/\xe0\x80\xae\xe0\x80\xae/\xe0\x80\xae\xe0\x80\xae/\xe0\x80\xae\xe0\x80\xae/\xe0\x80\xae\xe0\x80\xae/\xe0\x80\xae\xe0\x80\xae/\xe0\x80\xae\xe0\x80\xae/\xe0\x80\xae\xe0\x80\xae/\xe0\x80\xae\xe0\x80\xae/\xe0\x80\xae\xe0\x80\xae/\xe0\x80\xae\xe0\x80\xae/boot.ini' 'GET \\assets/../../%e0%80%ae%e0%80%ae/%e0%80%ae%e0%80%ae/%e0%80%ae%e0%80%ae/%e0%80%ae%e0%80%ae/%e0%80%ae%e0%80%ae/%e0%80%ae%e0%80%ae/%e0%80%ae%e0%80%ae/%e0%80%ae%e0%80%ae/%e0%80%ae%e0%80%ae/%e0%80%ae%e0%80%ae/%e0%80%ae%e0%80%ae/%e0%80%ae%e0%80%ae/boot.ini HTTP/1.0'
[Sat May 01 05:00:20.840795 2021] [core:error] [pid 11052:tid 22108] [client 10.1.60.24:47956] AH00135: Invalid method in request get \\assets/assets/img/assets/img/ HTTP/1.0
[Sat May 01 05:00:20.870816 2021] [core:error] [pid 11052:tid 25240] [client 10.1.60.24:47980] AH00126: Invalid URI in request '\xf0\x80\x80\xae\xf0\x80\x80\xae/\xf0\x80\x80\xae\xf0\x80\x80\xae/\xf0\x80\x80\xae\xf0\x80\x80\xae/\xf0\x80\x80\xae\xf0\x80\x80\xae/\xf0\x80\x80\xae\xf0\x80\x80\xae/\xf0\x80\x80\xae\xf0\x80\x80\xae/\xf0\x80\x80\xae\xf0\x80\x80\xae/\xf0\x80\x80\xae\xf0\x80\x80\xae/\xf0\x80\x80\xae\xf0\x80\x80\xae/\xf0\x80\x80\xae\xf0\x80\x80\xae/\xf0\x80\x80\xae\xf0\x80\x80\xae/\xf0\x80\x80\xae\xf0\x80\x80\xae/boot.ini' 'GET \\assets/../../%f0%80%80%ae%f0%80%80%ae/%f0%80%80%ae%f0%80%80%ae/%f0%80%80%ae%f0%80%80%ae/%f0%80%80%ae%f0%80%80%ae/%f0%80%80%ae%f0%80%80%ae/%f0%80%80%ae%f0%80%80%ae/%f0%80%80%ae%f0%80%80%ae/%f0%80%80%ae%f0%80%80%ae/%f0%80%80%ae%f0%80%80%ae/%f0%80%80%ae%f0%80%80%ae/%f0%80%80%ae%f0%80%80%ae/%f0%80%80%ae%f0%80%80%ae/boot.ini HTTP/1.0'
[Sat May 01 05:00:20.926859 2021] [core:error] [pid 11052:tid 25240] [client 10.1.60.24:48064] AH00126: Invalid URI in request '\xf8\x80\x80\x80\xae\xf8\x80\x80\x80\xae/\xf8\x80\x80\x80\xae\xf8\x80\x80\x80\xae/\xf8\x80\x80\x80\xae\xf8\x80\x80\x80\xae/\xf8\x80\x80\x80\xae\xf8\x80\x80\x80\xae/\xf8\x80\x80\x80\xae\xf8\x80\x80\x80\xae/\xf8\x80\x80\x80\xae\xf8\x80\x80\x80\xae/\xf8\x80\x80\x80\xae\xf8\x80\x80\x80\xae/\xf8\x80\x80\x80\xae\xf8\x80\x80\x80\xae/\xf8\x80\x80\x80\xae\xf8\x80\x80\x80\xae/\xf8\x80\x80\x80\xae\xf8\x80\x80\x80\xae/\xf8\x80\x80\x80\xae\xf8\x80\x80\x80\xae/\xf8\x80\x80\x80\xae\xf8\x80\x80\x80\xae/boot.ini' 'GET \\assets/../../%f8%80%80%80%ae%f8%80%80%80%ae/%f8%80%80%80%ae%f8%80%80%80%ae/%f8%80%80%80%ae%f8%80%80%80%ae/%f8%80%80%80%ae%f8%80%80%80%ae/%f8%80%80%80%ae%f8%80%80%80%ae/%f8%80%80%80%ae%f8%80%80%80%ae/%f8%80%80%80%ae%f8%80%80%80%ae/%f8%80%80%80%ae%f8%80%80%80%ae/%f8%80%80%80%ae%f8%80%80%80%ae/%f8%80%80%80%ae%f8%80%80%80%ae/%f8%80%80%80%ae%f8%80%80%80%ae/%f8%80%80%80%ae%f8%80%80%80%ae/boot.ini HTTP/1.0'
[Sat May 01 05:00:20.977878 2021] [core:error] [pid 11052:tid 25240] [client 10.1.60.24:48132] AH00126: Invalid URI in request 'phpinfo.php' 'GET \\assets/../../phpinfo.php HTTP/1.0'
[Sat May 01 05:00:21.028914 2021] [core:error] [pid 11052:tid 25240] [client 10.1.60.24:48202] AH00126: Invalid URI in request 'info.php' 'GET \\assets/../../info.php HTTP/1.0'
[Sat May 01 05:00:21.064938 2021] [core:error] [pid 11052:tid 21780] [client 10.1.60.24:48262] AH00126: Invalid URI in request 'boot.ini' 'GET \\assets/../../assets/%2e%2e/%2e%2e/%2e%2e/%2e%2e/%2e%2e/%2e%2e/%2e%2e/%2e%2e/%2e%2e/%2e%2e/%2e%2e/%2e%2e/boot.ini HTTP/1.0'
[Sat May 01 05:00:21.080942 2021] [core:error] [pid 11052:tid 25240] [client 10.1.60.24:48274] AH00126: Invalid URI in request 'php.php' 'GET \\assets/../../php.php HTTP/1.0'
[Sat May 01 05:00:21.117970 2021] [core:error] [pid 11052:tid 21780] [client 10.1.60.24:48318] AH00126: Invalid URI in request 'assets/\xc0\xae\xc0\xae/\xc0\xae\xc0\xae/\xc0\xae\xc0\xae/\xc0\xae\xc0\xae/\xc0\xae\xc0\xae/\xc0\xae\xc0\xae/\xc0\xae\xc0\xae/\xc0\xae\xc0\xae/\xc0\xae\xc0\xae/\xc0\xae\xc0\xae/\xc0\xae\xc0\xae/\xc0\xae\xc0\xae/boot.ini' 'GET \\assets/../../assets/%c0%ae%c0%ae/%c0%ae%c0%ae/%c0%ae%c0%ae/%c0%ae%c0%ae/%c0%ae%c0%ae/%c0%ae%c0%ae/%c0%ae%c0%ae/%c0%ae%c0%ae/%c0%ae%c0%ae/%c0%ae%c0%ae/%c0%ae%c0%ae/%c0%ae%c0%ae/boot.ini HTTP/1.0'
[Sat May 01 05:00:21.138983 2021] [core:error] [pid 11052:tid 25240] [client 10.1.60.24:48328] AH00126: Invalid URI in request 'phptest.php' 'GET \\assets/../../phptest.php HTTP/1.0'
[Sat May 01 05:00:21.169005 2021] [core:error] [pid 11052:tid 21780] [client 10.1.60.24:48384] AH00126: Invalid URI in request 'assets/\xe0\x80\xae\xe0\x80\xae/\xe0\x80\xae\xe0\x80\xae/\xe0\x80\xae\xe0\x80\xae/\xe0\x80\xae\xe0\x80\xae/\xe0\x80\xae\xe0\x80\xae/\xe0\x80\xae\xe0\x80\xae/\xe0\x80\xae\xe0\x80\xae/\xe0\x80\xae\xe0\x80\xae/\xe0\x80\xae\xe0\x80\xae/\xe0\x80\xae\xe0\x80\xae/\xe0\x80\xae\xe0\x80\xae/\xe0\x80\xae\xe0\x80\xae/boot.ini' 'GET \\assets/../../assets/%e0%80%ae%e0%80%ae/%e0%80%ae%e0%80%ae/%e0%80%ae%e0%80%ae/%e0%80%ae%e0%80%ae/%e0%80%ae%e0%80%ae/%e0%80%ae%e0%80%ae/%e0%80%ae%e0%80%ae/%e0%80%ae%e0%80%ae/%e0%80%ae%e0%80%ae/%e0%80%ae%e0%80%ae/%e0%80%ae%e0%80%ae/%e0%80%ae%e0%80%ae/boot.ini HTTP/1.0'
[Sat May 01 05:00:21.190012 2021] [core:error] [pid 11052:tid 25240] [client 10.1.60.24:48418] AH00126: Invalid URI in request 'phpinfo.php3' 'GET \\assets/../../phpinfo.php3 HTTP/1.0'
[Sat May 01 05:00:21.220028 2021] [core:error] [pid 11052:tid 21780] [client 10.1.60.24:48448] AH00126: Invalid URI in request 'assets/\xf0\x80\x80\xae\xf0\x80\x80\xae/\xf0\x80\x80\xae\xf0\x80\x80\xae/\xf0\x80\x80\xae\xf0\x80\x80\xae/\xf0\x80\x80\xae\xf0\x80\x80\xae/\xf0\x80\x80\xae\xf0\x80\x80\xae/\xf0\x80\x80\xae\xf0\x80\x80\xae/\xf0\x80\x80\xae\xf0\x80\x80\xae/\xf0\x80\x80\xae\xf0\x80\x80\xae/\xf0\x80\x80\xae\xf0\x80\x80\xae/\xf0\x80\x80\xae\xf0\x80\x80\xae/\xf0\x80\x80\xae\xf0\x80\x80\xae/\xf0\x80\x80\xae\xf0\x80\x80\xae/boot.ini' 'GET \\assets/../../assets/%f0%80%80%ae%f0%80%80%ae/%f0%80%80%ae%f0%80%80%ae/%f0%80%80%ae%f0%80%80%ae/%f0%80%80%ae%f0%80%80%ae/%f0%80%80%ae%f0%80%80%ae/%f0%80%80%ae%f0%80%80%ae/%f0%80%80%ae%f0%80%80%ae/%f0%80%80%ae%f0%80%80%ae/%f0%80%80%ae%f0%80%80%ae/%f0%80%80%ae%f0%80%80%ae/%f0%80%80%ae%f0%80%80%ae/%f0%80%80%ae%f0%80%80%ae/boot.ini HTTP/1.0'
[Sat May 01 05:00:21.242035 2021] [core:error] [pid 11052:tid 25240] [client 10.1.60.24:48474] AH00126: Invalid URI in request 'info.php3' 'GET \\assets/../../info.php3 HTTP/1.0'
[Sat May 01 05:00:21.271062 2021] [core:error] [pid 11052:tid 21780] [client 10.1.60.24:48510] AH00126: Invalid URI in request 'assets/\xf8\x80\x80\x80\xae\xf8\x80\x80\x80\xae/\xf8\x80\x80\x80\xae\xf8\x80\x80\x80\xae/\xf8\x80\x80\x80\xae\xf8\x80\x80\x80\xae/\xf8\x80\x80\x80\xae\xf8\x80\x80\x80\xae/\xf8\x80\x80\x80\xae\xf8\x80\x80\x80\xae/\xf8\x80\x80\x80\xae\xf8\x80\x80\x80\xae/\xf8\x80\x80\x80\xae\xf8\x80\x80\x80\xae/\xf8\x80\x80\x80\xae\xf8\x80\x80\x80\xae/\xf8\x80\x80\x80\xae\xf8\x80\x80\x80\xae/\xf8\x80\x80\x80\xae\xf8\x80\x80\x80\xae/\xf8\x80\x80\x80\xae\xf8\x80\x80\x80\xae/\xf8\x80\x80\x80\xae\xf8\x80\x80\x80\xae/boot.ini' 'GET \\assets/../../assets/%f8%80%80%80%ae%f8%80%80%80%ae/%f8%80%80%80%ae%f8%80%80%80%ae/%f8%80%80%80%ae%f8%80%80%80%ae/%f8%80%80%80%ae%f8%80%80%80%ae/%f8%80%80%80%ae%f8%80%80%80%ae/%f8%80%80%80%ae%f8%80%80%80%ae/%f8%80%80%80%ae%f8%80%80%80%ae/%f8%80%80%80%ae%f8%80%80%80%ae/%f8%80%80%80%ae%f8%80%80%80%ae/%f8%80%80%80%ae%f8%80%80%80%ae/%f8%80%80%80%ae%f8%80%80%80%ae/%f8%80%80%80%ae%f8%80%80%80%ae/boot.ini HTTP/1.0'
[Sat May 01 05:00:21.293063 2021] [core:error] [pid 11052:tid 22108] [client 10.1.60.24:48536] AH00126: Invalid URI in request 'phptest.php3' 'GET \\assets/../../phptest.php3 HTTP/1.0'
[Sat May 01 05:00:21.332092 2021] [core:error] [pid 11052:tid 21780] [client 10.1.60.24:48594] AH00126: Invalid URI in request 'assets/phpinfo.php' 'GET \\assets/../../assets/phpinfo.php HTTP/1.0'
[Sat May 01 05:00:21.353101 2021] [core:error] [pid 11052:tid 22108] [client 10.1.60.24:48624] AH00126: Invalid URI in request '' 'GET \\assets/../../ HTTP/1.0'
[Sat May 01 05:00:21.391130 2021] [core:error] [pid 11052:tid 21780] [client 10.1.60.24:48670] AH00126: Invalid URI in request 'assets/info.php' 'GET \\assets/../../assets/info.php HTTP/1.0'
[Sat May 01 05:00:21.404130 2021] [core:error] [pid 11052:tid 22108] [client 10.1.60.24:48696] AH00126: Invalid URI in request '' 'get \\assets/../../ HTTP/1.0'
[Sat May 01 05:00:21.427143 2021] [core:error] [pid 11052:tid 25240] [client 10.1.60.24:48736] AH00126: Invalid URI in request 'boot.ini' 'GET \\assets/../../assets/img/%2e%2e/%2e%2e/%2e%2e/%2e%2e/%2e%2e/%2e%2e/%2e%2e/%2e%2e/%2e%2e/%2e%2e/%2e%2e/%2e%2e/boot.ini HTTP/1.0'
[Sat May 01 05:00:21.447167 2021] [core:error] [pid 11052:tid 21780] [client 10.1.60.24:48750] AH00126: Invalid URI in request 'assets/php.php' 'GET \\assets/../../assets/php.php HTTP/1.0'
[Sat May 01 05:00:21.454164 2021] [core:error] [pid 11052:tid 22108] [client 10.1.60.24:48766] AH00126: Invalid URI in request 'redirect.asp' 'GET \\assets/../../redirect.asp?url=<script>alert(5341)</script> HTTP/1.0'
[Sat May 01 05:00:21.478165 2021] [core:error] [pid 11052:tid 25240] [client 10.1.60.24:48798] AH00126: Invalid URI in request 'assets/img/\xc0\xae\xc0\xae/\xc0\xae\xc0\xae/\xc0\xae\xc0\xae/\xc0\xae\xc0\xae/\xc0\xae\xc0\xae/\xc0\xae\xc0\xae/\xc0\xae\xc0\xae/\xc0\xae\xc0\xae/\xc0\xae\xc0\xae/\xc0\xae\xc0\xae/\xc0\xae\xc0\xae/\xc0\xae\xc0\xae/boot.ini' 'GET \\assets/../../assets/img/%c0%ae%c0%ae/%c0%ae%c0%ae/%c0%ae%c0%ae/%c0%ae%c0%ae/%c0%ae%c0%ae/%c0%ae%c0%ae/%c0%ae%c0%ae/%c0%ae%c0%ae/%c0%ae%c0%ae/%c0%ae%c0%ae/%c0%ae%c0%ae/%c0%ae%c0%ae/boot.ini HTTP/1.0'
[Sat May 01 05:00:21.499177 2021] [core:error] [pid 11052:tid 21780] [client 10.1.60.24:48828] AH00126: Invalid URI in request 'assets/phptest.php' 'GET \\assets/../../assets/phptest.php HTTP/1.0'
[Sat May 01 05:00:21.505180 2021] [core:error] [pid 11052:tid 22108] [client 10.1.60.24:48844] AH00126: Invalid URI in request '_mmDBScripts/MMHTTPDB.asp' 'GET \\assets/../../_mmDBScripts/MMHTTPDB.asp HTTP/1.0'
[Sat May 01 05:00:21.529195 2021] [core:error] [pid 11052:tid 25240] [client 10.1.60.24:48876] AH00126: Invalid URI in request 'assets/img/\xe0\x80\xae\xe0\x80\xae/\xe0\x80\xae\xe0\x80\xae/\xe0\x80\xae\xe0\x80\xae/\xe0\x80\xae\xe0\x80\xae/\xe0\x80\xae\xe0\x80\xae/\xe0\x80\xae\xe0\x80\xae/\xe0\x80\xae\xe0\x80\xae/\xe0\x80\xae\xe0\x80\xae/\xe0\x80\xae\xe0\x80\xae/\xe0\x80\xae\xe0\x80\xae/\xe0\x80\xae\xe0\x80\xae/\xe0\x80\xae\xe0\x80\xae/boot.ini' 'GET \\assets/../../assets/img/%e0%80%ae%e0%80%ae/%e0%80%ae%e0%80%ae/%e0%80%ae%e0%80%ae/%e0%80%ae%e0%80%ae/%e0%80%ae%e0%80%ae/%e0%80%ae%e0%80%ae/%e0%80%ae%e0%80%ae/%e0%80%ae%e0%80%ae/%e0%80%ae%e0%80%ae/%e0%80%ae%e0%80%ae/%e0%80%ae%e0%80%ae/%e0%80%ae%e0%80%ae/boot.ini HTTP/1.0'
[Sat May 01 05:00:21.550206 2021] [core:error] [pid 11052:tid 21780] [client 10.1.60.24:48916] AH00126: Invalid URI in request 'assets/phpinfo.php3' 'GET \\assets/../../assets/phpinfo.php3 HTTP/1.0'
[Sat May 01 05:00:21.562214 2021] [core:error] [pid 11052:tid 22108] [client 10.1.60.24:48932] AH00126: Invalid URI in request '_mmServerScripts/MMHTTPDB.asp' 'GET \\assets/../../_mmServerScripts/MMHTTPDB.asp HTTP/1.0'
[Sat May 01 05:00:21.580226 2021] [core:error] [pid 11052:tid 25240] [client 10.1.60.24:48962] AH00126: Invalid URI in request 'assets/img/\xf0\x80\x80\xae\xf0\x80\x80\xae/\xf0\x80\x80\xae\xf0\x80\x80\xae/\xf0\x80\x80\xae\xf0\x80\x80\xae/\xf0\x80\x80\xae\xf0\x80\x80\xae/\xf0\x80\x80\xae\xf0\x80\x80\xae/\xf0\x80\x80\xae\xf0\x80\x80\xae/\xf0\x80\x80\xae\xf0\x80\x80\xae/\xf0\x80\x80\xae\xf0\x80\x80\xae/\xf0\x80\x80\xae\xf0\x80\x80\xae/\xf0\x80\x80\xae\xf0\x80\x80\xae/\xf0\x80\x80\xae\xf0\x80\x80\xae/\xf0\x80\x80\xae\xf0\x80\x80\xae/boot.ini' 'GET \\assets/../../assets/img/%f0%80%80%ae%f0%80%80%ae/%f0%80%80%ae%f0%80%80%ae/%f0%80%80%ae%f0%80%80%ae/%f0%80%80%ae%f0%80%80%ae/%f0%80%80%ae%f0%80%80%ae/%f0%80%80%ae%f0%80%80%ae/%f0%80%80%ae%f0%80%80%ae/%f0%80%80%ae%f0%80%80%ae/%f0%80%80%ae%f0%80%80%ae/%f0%80%80%ae%f0%80%80%ae/%f0%80%80%ae%f0%80%80%ae/%f0%80%80%ae%f0%80%80%ae/boot.ini HTTP/1.0'
[Sat May 01 05:00:21.601235 2021] [core:error] [pid 11052:tid 21780] [client 10.1.60.24:48996] AH00126: Invalid URI in request 'assets/info.php3' 'GET \\assets/../../assets/info.php3 HTTP/1.0'
[Sat May 01 05:00:21.620248 2021] [core:error] [pid 11052:tid 22108] [client 10.1.60.24:49012] AH00126: Invalid URI in request 'cmd.exe' 'GET \\assets/../../cmd.exe?/c+dir HTTP/1.0'
[Sat May 01 05:00:21.629252 2021] [core:error] [pid 11052:tid 25240] [client 10.1.60.24:49036] AH00126: Invalid URI in request 'assets/img/\xf8\x80\x80\x80\xae\xf8\x80\x80\x80\xae/\xf8\x80\x80\x80\xae\xf8\x80\x80\x80\xae/\xf8\x80\x80\x80\xae\xf8\x80\x80\x80\xae/\xf8\x80\x80\x80\xae\xf8\x80\x80\x80\xae/\xf8\x80\x80\x80\xae\xf8\x80\x80\x80\xae/\xf8\x80\x80\x80\xae\xf8\x80\x80\x80\xae/\xf8\x80\x80\x80\xae\xf8\x80\x80\x80\xae/\xf8\x80\x80\x80\xae\xf8\x80\x80\x80\xae/\xf8\x80\x80\x80\xae\xf8\x80\x80\x80\xae/\xf8\x80\x80\x80\xae\xf8\x80\x80\x80\xae/\xf8\x80\x80\x80\xae\xf8\x80\x80\x80\xae/\xf8\x80\x80\x80\xae\xf8\x80\x80\x80\xae/boot.ini' 'GET \\assets/../../assets/img/%f8%80%80%80%ae%f8%80%80%80%ae/%f8%80%80%80%ae%f8%80%80%80%ae/%f8%80%80%80%ae%f8%80%80%80%ae/%f8%80%80%80%ae%f8%80%80%80%ae/%f8%80%80%80%ae%f8%80%80%80%ae/%f8%80%80%80%ae%f8%80%80%80%ae/%f8%80%80%80%ae%f8%80%80%80%ae/%f8%80%80%80%ae%f8%80%80%80%ae/%f8%80%80%80%ae%f8%80%80%80%ae/%f8%80%80%80%ae%f8%80%80%80%ae/%f8%80%80%80%ae%f8%80%80%80%ae/%f8%80%80%80%ae%f8%80%80%80%ae/boot.ini HTTP/1.0'
[Sat May 01 05:00:21.659270 2021] [core:error] [pid 11052:tid 21780] [client 10.1.60.24:49076] AH00126: Invalid URI in request 'assets/phptest.php3' 'GET \\assets/../../assets/phptest.php3 HTTP/1.0'
[Sat May 01 05:00:21.670277 2021] [core:error] [pid 11052:tid 22108] [client 10.1.60.24:49104] AH00126: Invalid URI in request 'phpinfo.php' 'GET \\assets/../../phpinfo.php HTTP/1.0'
[Sat May 01 05:00:21.680284 2021] [core:error] [pid 11052:tid 25240] [client 10.1.60.24:49120] AH00126: Invalid URI in request 'assets/img/phpinfo.php' 'GET \\assets/../../assets/img/phpinfo.php HTTP/1.0'
[Sat May 01 05:00:21.711300 2021] [core:error] [pid 11052:tid 21780] [client 10.1.60.24:49164] AH00126: Invalid URI in request 'assets/' 'GET \\assets/../../assets/ HTTP/1.0'
[Sat May 01 05:00:21.721307 2021] [core:error] [pid 11052:tid 22108] [client 10.1.60.24:49184] AH00126: Invalid URI in request '.user.ini' 'GET \\assets/../../.user.ini HTTP/1.0'
[Sat May 01 05:00:21.732312 2021] [core:error] [pid 11052:tid 25240] [client 10.1.60.24:49200] AH00126: Invalid URI in request 'assets/img/info.php' 'GET \\assets/../../assets/img/info.php HTTP/1.0'
[Sat May 01 05:00:21.772348 2021] [core:error] [pid 11052:tid 21780] [client 10.1.60.24:49246] AH00126: Invalid URI in request 'assets/' 'get \\assets/../../assets/ HTTP/1.0'
[Sat May 01 05:00:21.779342 2021] [core:error] [pid 11052:tid 25224] [client 10.1.60.24:49252] AH00126: Invalid URI in request 'boot.ini' 'GET \\assets/../assets/assets/%2e%2e/%2e%2e/%2e%2e/%2e%2e/%2e%2e/%2e%2e/%2e%2e/%2e%2e/%2e%2e/%2e%2e/%2e%2e/%2e%2e/boot.ini HTTP/1.0'
[Sat May 01 05:00:21.782349 2021] [core:error] [pid 11052:tid 22108] [client 10.1.60.24:49268] AH00126: Invalid URI in request 'boot.ini' 'GET \\assets/../assets/assets/img/%2e%2e/%2e%2e/%2e%2e/%2e%2e/%2e%2e/%2e%2e/%2e%2e/%2e%2e/%2e%2e/%2e%2e/%2e%2e/%2e%2e/boot.ini HTTP/1.0'
[Sat May 01 05:00:21.792357 2021] [core:error] [pid 11052:tid 25240] [client 10.1.60.24:49276] AH00126: Invalid URI in request 'assets/img/php.php' 'GET \\assets/../../assets/img/php.php HTTP/1.0'
[Sat May 01 05:00:21.823372 2021] [core:error] [pid 11052:tid 21780] [client 10.1.60.24:49336] AH00126: Invalid URI in request 'assets/redirect.asp' 'GET \\assets/../../assets/redirect.asp?url=<script>alert(5341)</script> HTTP/1.0'
[Sat May 01 05:00:21.848396 2021] [core:error] [pid 11052:tid 25240] [client 10.1.60.24:49370] AH00126: Invalid URI in request 'assets/img/phptest.php' 'GET \\assets/../../assets/img/phptest.php HTTP/1.0'
[Sat May 01 05:00:21.879411 2021] [core:error] [pid 11052:tid 21780] [client 10.1.60.24:49416] AH00126: Invalid URI in request 'assets/_mmDBScripts/MMHTTPDB.asp' 'GET \\assets/../../assets/_mmDBScripts/MMHTTPDB.asp HTTP/1.0'
[Sat May 01 05:00:21.902481 2021] [core:error] [pid 11052:tid 25240] [client 10.1.60.24:49456] AH00126: Invalid URI in request 'assets/img/phpinfo.php3' 'GET \\assets/../../assets/img/phpinfo.php3 HTTP/1.0'
[Sat May 01 05:00:21.923500 2021] [core:error] [pid 11052:tid 21780] [client 10.1.60.24:49500] AH00126: Invalid URI in request 'assets/_mmServerScripts/MMHTTPDB.asp' 'GET \\assets/../../assets/_mmServerScripts/MMHTTPDB.asp HTTP/1.0'
[Sat May 01 05:00:21.954456 2021] [core:error] [pid 11052:tid 25240] [client 10.1.60.24:49524] AH00126: Invalid URI in request 'assets/img/info.php3' 'GET \\assets/../../assets/img/info.php3 HTTP/1.0'
[Sat May 01 05:00:21.974462 2021] [core:error] [pid 11052:tid 21780] [client 10.1.60.24:49566] AH00126: Invalid URI in request 'assets/cmd.exe' 'GET \\assets/../../assets/cmd.exe?/c+dir HTTP/1.0'
[Sat May 01 05:00:22.006483 2021] [core:error] [pid 11052:tid 25240] [client 10.1.60.24:49604] AH00126: Invalid URI in request 'assets/img/phptest.php3' 'GET \\assets/../../assets/img/phptest.php3 HTTP/1.0'
[Sat May 01 05:00:22.032512 2021] [core:error] [pid 11052:tid 21780] [client 10.1.60.24:49632] AH00126: Invalid URI in request 'assets/phpinfo.php' 'GET \\assets/../../assets/phpinfo.php HTTP/1.0'
[Sat May 01 05:00:22.057509 2021] [core:error] [pid 11052:tid 25240] [client 10.1.60.24:49688] AH00126: Invalid URI in request 'assets/img/' 'GET \\assets/../../assets/img/ HTTP/1.0'
[Sat May 01 05:00:22.094534 2021] [core:error] [pid 11052:tid 21780] [client 10.1.60.24:49718] AH00126: Invalid URI in request 'assets/.user.ini' 'GET \\assets/../../assets/.user.ini HTTP/1.0'
[Sat May 01 05:00:22.108538 2021] [core:error] [pid 11052:tid 25240] [client 10.1.60.24:49754] AH00126: Invalid URI in request 'assets/img/' 'get \\assets/../../assets/img/ HTTP/1.0'
[Sat May 01 05:00:22.151569 2021] [core:error] [pid 11052:tid 21780] [client 10.1.60.24:49812] AH00126: Invalid URI in request 'boot.ini' 'GET \\assets/../assets/../%2e%2e/%2e%2e/%2e%2e/%2e%2e/%2e%2e/%2e%2e/%2e%2e/%2e%2e/%2e%2e/%2e%2e/%2e%2e/%2e%2e/boot.ini HTTP/1.0'
[Sat May 01 05:00:22.159579 2021] [core:error] [pid 11052:tid 25240] [client 10.1.60.24:49828] AH00126: Invalid URI in request 'assets/img/redirect.asp' 'GET \\assets/../../assets/img/redirect.asp?url=<script>alert(5341)</script> HTTP/1.0'
[Sat May 01 05:00:22.211600 2021] [core:error] [pid 11052:tid 25240] [client 10.1.60.24:49904] AH00126: Invalid URI in request 'assets/img/_mmDBScripts/MMHTTPDB.asp' 'GET \\assets/../../assets/img/_mmDBScripts/MMHTTPDB.asp HTTP/1.0'
[Sat May 01 05:00:22.263633 2021] [core:error] [pid 11052:tid 25240] [client 10.1.60.24:49986] AH00126: Invalid URI in request 'assets/img/_mmServerScripts/MMHTTPDB.asp' 'GET \\assets/../../assets/img/_mmServerScripts/MMHTTPDB.asp HTTP/1.0'
[Sat May 01 05:00:22.313661 2021] [core:error] [pid 11052:tid 25240] [client 10.1.60.24:50074] AH00126: Invalid URI in request 'assets/img/cmd.exe' 'GET \\assets/../../assets/img/cmd.exe?/c+dir HTTP/1.0'
[Sat May 01 05:00:22.364693 2021] [core:error] [pid 11052:tid 25240] [client 10.1.60.24:50150] AH00126: Invalid URI in request 'assets/img/phpinfo.php' 'GET \\assets/../../assets/img/phpinfo.php HTTP/1.0'
[Sat May 01 05:00:22.415716 2021] [core:error] [pid 11052:tid 25240] [client 10.1.60.24:50286] AH00126: Invalid URI in request 'assets/img/.user.ini' 'GET \\assets/../../assets/img/.user.ini HTTP/1.0'
[Sat May 01 05:00:22.471749 2021] [core:error] [pid 11052:tid 25240] [client 10.1.60.24:50402] AH00126: Invalid URI in request 'boot.ini' 'GET \\assets/../assets/../assets/%2e%2e/%2e%2e/%2e%2e/%2e%2e/%2e%2e/%2e%2e/%2e%2e/%2e%2e/%2e%2e/%2e%2e/%2e%2e/%2e%2e/boot.ini HTTP/1.0'
[Sat May 01 05:00:22.818952 2021] [core:error] [pid 11052:tid 25224] [client 10.1.60.24:51038] AH00135: Invalid method in request get \\assets/../assets/assets/ HTTP/1.0
[Sat May 01 05:00:22.837964 2021] [core:error] [pid 11052:tid 22108] [client 10.1.60.24:51062] AH00135: Invalid method in request get \\assets/../assets/assets/img/ HTTP/1.0
[Sat May 01 05:00:23.054109 2021] [core:error] [pid 11052:tid 21780] [client 10.1.60.24:51458] AH00126: Invalid URI in request 'assets/img/' 'GET \\assets/../assets/../../assets/img/ HTTP/1.0'
[Sat May 01 05:00:23.108131 2021] [core:error] [pid 11052:tid 21780] [client 10.1.60.24:51538] AH00135: Invalid method in request get \\assets/../assets/../ HTTP/1.0
[Sat May 01 05:00:23.399305 2021] [core:error] [pid 11052:tid 25224] [client 10.1.60.24:52020] AH00126: Invalid URI in request 'boot.ini' 'GET \\assets/../assets/../assets/img/%2e%2e/%2e%2e/%2e%2e/%2e%2e/%2e%2e/%2e%2e/%2e%2e/%2e%2e/%2e%2e/%2e%2e/%2e%2e/%2e%2e/boot.ini HTTP/1.0'
[Sat May 01 05:00:23.442324 2021] [core:error] [pid 11052:tid 22108] [client 10.1.60.24:52100] AH00126: Invalid URI in request 'boot.ini' 'GET \\assets/../assets/img/assets/%2e%2e/%2e%2e/%2e%2e/%2e%2e/%2e%2e/%2e%2e/%2e%2e/%2e%2e/%2e%2e/%2e%2e/%2e%2e/%2e%2e/boot.ini HTTP/1.0'
[Sat May 01 05:00:23.492354 2021] [core:error] [pid 11052:tid 25240] [client 10.1.60.24:52172] AH00135: Invalid method in request get \\assets/../assets/../assets/ HTTP/1.0
[Sat May 01 05:00:23.686486 2021] [core:error] [pid 11052:tid 21780] [client 10.1.60.24:52512] AH00126: Invalid URI in request 'boot.ini' 'GET \\assets/../assets/img/assets/img/%2e%2e/%2e%2e/%2e%2e/%2e%2e/%2e%2e/%2e%2e/%2e%2e/%2e%2e/%2e%2e/%2e%2e/%2e%2e/%2e%2e/boot.ini HTTP/1.0'
[Sat May 01 05:00:24.070873 2021] [core:error] [pid 11052:tid 25240] [client 10.1.60.24:53176] AH00126: Invalid URI in request 'boot.ini' 'GET \\assets/../assets/img/../%2e%2e/%2e%2e/%2e%2e/%2e%2e/%2e%2e/%2e%2e/%2e%2e/%2e%2e/%2e%2e/%2e%2e/%2e%2e/%2e%2e/boot.ini HTTP/1.0'
[Sat May 01 05:00:24.451092 2021] [core:error] [pid 11052:tid 25224] [client 10.1.60.24:53752] AH00135: Invalid method in request get \\assets/../assets/../assets/img/ HTTP/1.0
[Sat May 01 05:00:24.486111 2021] [core:error] [pid 11052:tid 22108] [client 10.1.60.24:53824] AH00135: Invalid method in request get \\assets/../assets/img/assets/ HTTP/1.0
[Sat May 01 05:00:24.724252 2021] [core:error] [pid 11052:tid 21780] [client 10.1.60.24:54092] AH00135: Invalid method in request get \\assets/../assets/img/assets/img/ HTTP/1.0
[Sat May 01 05:00:25.021424 2021] [core:error] [pid 11052:tid 25240] [client 10.1.60.24:54434] AH00126: Invalid URI in request 'boot.ini' 'GET \\assets/../assets/img/../assets/%2e%2e/%2e%2e/%2e%2e/%2e%2e/%2e%2e/%2e%2e/%2e%2e/%2e%2e/%2e%2e/%2e%2e/%2e%2e/%2e%2e/boot.ini HTTP/1.0'
[Sat May 01 05:00:25.024426 2021] [core:error] [pid 11052:tid 25224] [client 10.1.60.24:54440] AH00135: Invalid method in request get \\assets/../assets/img/../ HTTP/1.0
[Sat May 01 05:00:25.079465 2021] [core:error] [pid 11052:tid 22108] [client 10.1.60.24:54502] AH00126: Invalid URI in request 'boot.ini' 'GET \\assets/../assets/img/../assets/img/%2e%2e/%2e%2e/%2e%2e/%2e%2e/%2e%2e/%2e%2e/%2e%2e/%2e%2e/%2e%2e/%2e%2e/%2e%2e/%2e%2e/boot.ini HTTP/1.0'
[Sat May 01 05:00:25.302591 2021] [core:error] [pid 11052:tid 21780] [client 10.1.60.24:54732] AH00126: Invalid URI in request 'boot.ini' 'GET \\assets/img/assets/assets/%2e%2e/%2e%2e/%2e%2e/%2e%2e/%2e%2e/%2e%2e/%2e%2e/%2e%2e/%2e%2e/%2e%2e/%2e%2e/%2e%2e/boot.ini HTTP/1.0'
[Sat May 01 05:00:25.590755 2021] [core:error] [pid 11052:tid 25240] [client 10.1.60.24:55114] AH00126: Invalid URI in request 'boot.ini' 'GET \\assets/img/assets/assets/img/%2e%2e/%2e%2e/%2e%2e/%2e%2e/%2e%2e/%2e%2e/%2e%2e/%2e%2e/%2e%2e/%2e%2e/%2e%2e/%2e%2e/boot.ini HTTP/1.0'
[Sat May 01 05:00:26.056034 2021] [core:error] [pid 11052:tid 25224] [client 10.1.60.24:55594] AH00135: Invalid method in request get \\assets/../assets/img/../assets/ HTTP/1.0
[Sat May 01 05:00:26.137089 2021] [core:error] [pid 11052:tid 22108] [client 10.1.60.24:55648] AH00135: Invalid method in request get \\assets/../assets/img/../assets/img/ HTTP/1.0
[Sat May 01 05:00:26.290174 2021] [core:error] [pid 11052:tid 21620] [client 10.1.60.24:55772] AH00135: Invalid method in request get \\assets/img/assets/assets/ HTTP/1.0
[Sat May 01 05:00:26.583342 2021] [core:error] [pid 11052:tid 25240] [client 10.1.60.24:56002] AH00135: Invalid method in request get \\assets/img/assets/assets/img/ HTTP/1.0
[Sat May 01 05:00:26.628372 2021] [core:error] [pid 11052:tid 25224] [client 10.1.60.24:56032] AH00126: Invalid URI in request 'boot.ini' 'GET \\assets/img/assets/img/assets/%2e%2e/%2e%2e/%2e%2e/%2e%2e/%2e%2e/%2e%2e/%2e%2e/%2e%2e/%2e%2e/%2e%2e/%2e%2e/%2e%2e/boot.ini HTTP/1.0'
[Sat May 01 05:00:26.734436 2021] [core:error] [pid 11052:tid 22108] [client 10.1.60.24:56108] AH00126: Invalid URI in request 'boot.ini' 'GET \\assets/img/assets/img/assets/img/%2e%2e/%2e%2e/%2e%2e/%2e%2e/%2e%2e/%2e%2e/%2e%2e/%2e%2e/%2e%2e/%2e%2e/%2e%2e/%2e%2e/boot.ini HTTP/1.0'
[Sat May 01 05:00:26.865539 2021] [core:error] [pid 11052:tid 21620] [client 10.1.60.24:56194] AH00126: Invalid URI in request 'boot.ini' 'GET /assets/assets/assets/assets/%2e%2e/%2e%2e/%2e%2e/%2e%2e/%2e%2e/%2e%2e/%2e%2e/%2e%2e/%2e%2e/%2e%2e/%2e%2e/%2e%2e/boot.ini HTTP/1.0'
[Sat May 01 05:00:27.171692 2021] [core:error] [pid 11052:tid 25240] [client 10.1.60.24:56412] AH00126: Invalid URI in request 'boot.ini' 'GET /assets/assets/assets/assets/img/%2e%2e/%2e%2e/%2e%2e/%2e%2e/%2e%2e/%2e%2e/%2e%2e/%2e%2e/%2e%2e/%2e%2e/%2e%2e/%2e%2e/boot.ini HTTP/1.0'
[Sat May 01 05:00:27.607942 2021] [core:error] [pid 11052:tid 25248] [client 10.1.60.24:56946] AH00135: Invalid method in request get \\assets/img/assets/img/assets/ HTTP/1.0
[Sat May 01 05:00:27.743021 2021] [core:error] [pid 11052:tid 22108] [client 10.1.60.24:57036] AH00135: Invalid method in request get \\assets/img/assets/img/assets/img/ HTTP/1.0
[Sat May 01 05:00:27.834073 2021] [core:error] [pid 11052:tid 21620] [client 10.1.60.24:57088] AH00135: Invalid method in request get /assets/assets/assets/assets/ HTTP/1.0
[Sat May 01 05:00:28.139255 2021] [core:error] [pid 11052:tid 25224] [client 10.1.60.24:57274] AH00135: Invalid method in request get /assets/assets/assets/assets/img/ HTTP/1.0
[Sat May 01 05:00:28.207293 2021] [core:error] [pid 11052:tid 25248] [client 10.1.60.24:57312] AH00126: Invalid URI in request 'boot.ini' 'GET /assets/assets/assets/img/assets/%2e%2e/%2e%2e/%2e%2e/%2e%2e/%2e%2e/%2e%2e/%2e%2e/%2e%2e/%2e%2e/%2e%2e/%2e%2e/%2e%2e/boot.ini HTTP/1.0'
[Sat May 01 05:00:28.335383 2021] [core:error] [pid 11052:tid 22108] [client 10.1.60.24:57394] AH00126: Invalid URI in request 'boot.ini' 'GET /assets/assets/assets/img/assets/img/%2e%2e/%2e%2e/%2e%2e/%2e%2e/%2e%2e/%2e%2e/%2e%2e/%2e%2e/%2e%2e/%2e%2e/%2e%2e/%2e%2e/boot.ini HTTP/1.0'
[Sat May 01 05:00:28.450442 2021] [core:error] [pid 11052:tid 21620] [client 10.1.60.24:57462] AH00126: Invalid URI in request 'boot.ini' 'GET /assets/assets/img/assets/assets/%2e%2e/%2e%2e/%2e%2e/%2e%2e/%2e%2e/%2e%2e/%2e%2e/%2e%2e/%2e%2e/%2e%2e/%2e%2e/%2e%2e/boot.ini HTTP/1.0'
[Sat May 01 05:00:28.717599 2021] [core:error] [pid 11052:tid 25224] [client 10.1.60.24:57634] AH00126: Invalid URI in request 'boot.ini' 'GET /assets/assets/img/assets/assets/img/%2e%2e/%2e%2e/%2e%2e/%2e%2e/%2e%2e/%2e%2e/%2e%2e/%2e%2e/%2e%2e/%2e%2e/%2e%2e/%2e%2e/boot.ini HTTP/1.0'
[Sat May 01 05:00:29.172875 2021] [core:error] [pid 11052:tid 25248] [client 10.1.60.24:58012] AH00135: Invalid method in request get /assets/assets/assets/img/assets/ HTTP/1.0
[Sat May 01 05:00:29.333966 2021] [core:error] [pid 11052:tid 22108] [client 10.1.60.24:58218] AH00135: Invalid method in request get /assets/assets/assets/img/assets/img/ HTTP/1.0
[Sat May 01 05:00:29.441024 2021] [core:error] [pid 11052:tid 21620] [client 10.1.60.24:58296] AH00135: Invalid method in request get /assets/assets/img/assets/assets/ HTTP/1.0
[Sat May 01 05:00:29.696176 2021] [core:error] [pid 11052:tid 25224] [client 10.1.60.24:58476] AH00135: Invalid method in request get /assets/assets/img/assets/assets/img/ HTTP/1.0
[Sat May 01 05:00:29.771228 2021] [core:error] [pid 11052:tid 25248] [client 10.1.60.24:58596] AH00126: Invalid URI in request 'boot.ini' 'GET /assets/assets/img/assets/img/assets/%2e%2e/%2e%2e/%2e%2e/%2e%2e/%2e%2e/%2e%2e/%2e%2e/%2e%2e/%2e%2e/%2e%2e/%2e%2e/%2e%2e/boot.ini HTTP/1.0'
[Sat May 01 05:00:29.916306 2021] [core:error] [pid 11052:tid 22108] [client 10.1.60.24:59062] AH00126: Invalid URI in request 'boot.ini' 'GET /assets/assets/img/assets/img/assets/img/%2e%2e/%2e%2e/%2e%2e/%2e%2e/%2e%2e/%2e%2e/%2e%2e/%2e%2e/%2e%2e/%2e%2e/%2e%2e/%2e%2e/boot.ini HTTP/1.0'
[Sat May 01 05:00:30.057384 2021] [core:error] [pid 11052:tid 21620] [client 10.1.60.24:59600] AH00126: Invalid URI in request 'boot.ini' 'GET /assets/img/assets/assets/assets/%2e%2e/%2e%2e/%2e%2e/%2e%2e/%2e%2e/%2e%2e/%2e%2e/%2e%2e/%2e%2e/%2e%2e/%2e%2e/%2e%2e/boot.ini HTTP/1.0'
[Sat May 01 05:00:30.293522 2021] [core:error] [pid 11052:tid 25224] [client 10.1.60.24:59750] AH00126: Invalid URI in request 'boot.ini' 'GET /assets/img/assets/assets/assets/img/%2e%2e/%2e%2e/%2e%2e/%2e%2e/%2e%2e/%2e%2e/%2e%2e/%2e%2e/%2e%2e/%2e%2e/%2e%2e/%2e%2e/boot.ini HTTP/1.0'
[Sat May 01 05:00:30.730787 2021] [core:error] [pid 11052:tid 25248] [client 10.1.60.24:60378] AH00135: Invalid method in request get /assets/assets/img/assets/img/assets/ HTTP/1.0
[Sat May 01 05:00:30.864879 2021] [core:error] [pid 11052:tid 22108] [client 10.1.60.24:60438] AH00135: Invalid method in request get /assets/assets/img/assets/img/assets/img/ HTTP/1.0
[Sat May 01 05:00:31.044964 2021] [core:error] [pid 11052:tid 21620] [client 10.1.60.24:60512] AH00135: Invalid method in request get /assets/img/assets/assets/assets/ HTTP/1.0
[Sat May 01 05:00:31.265093 2021] [core:error] [pid 11052:tid 25224] [client 10.1.60.24:60618] AH00135: Invalid method in request get /assets/img/assets/assets/assets/img/ HTTP/1.0
[Sat May 01 05:00:31.341144 2021] [core:error] [pid 11052:tid 25248] [client 10.1.60.24:60656] AH00126: Invalid URI in request 'boot.ini' 'GET /assets/img/assets/assets/img/assets/%2e%2e/%2e%2e/%2e%2e/%2e%2e/%2e%2e/%2e%2e/%2e%2e/%2e%2e/%2e%2e/%2e%2e/%2e%2e/%2e%2e/boot.ini HTTP/1.0'
[Sat May 01 05:00:31.431196 2021] [core:error] [pid 11052:tid 22108] [client 10.1.60.24:60702] AH00126: Invalid URI in request 'boot.ini' 'GET /assets/img/assets/assets/img/assets/img/%2e%2e/%2e%2e/%2e%2e/%2e%2e/%2e%2e/%2e%2e/%2e%2e/%2e%2e/%2e%2e/%2e%2e/%2e%2e/%2e%2e/boot.ini HTTP/1.0'
[Sat May 01 05:00:31.636336 2021] [core:error] [pid 11052:tid 21620] [client 10.1.60.24:60822] AH00126: Invalid URI in request 'boot.ini' 'GET /assets/img/assets/img/assets/assets/%2e%2e/%2e%2e/%2e%2e/%2e%2e/%2e%2e/%2e%2e/%2e%2e/%2e%2e/%2e%2e/%2e%2e/%2e%2e/%2e%2e/boot.ini HTTP/1.0'
[Sat May 01 05:00:31.857446 2021] [core:error] [pid 11052:tid 25224] [client 10.1.60.24:60930] AH00126: Invalid URI in request 'boot.ini' 'GET /assets/img/assets/img/assets/assets/img/%2e%2e/%2e%2e/%2e%2e/%2e%2e/%2e%2e/%2e%2e/%2e%2e/%2e%2e/%2e%2e/%2e%2e/%2e%2e/%2e%2e/boot.ini HTTP/1.0'
[Sat May 01 05:00:32.338737 2021] [core:error] [pid 11052:tid 25248] [client 10.1.60.24:33196] AH00135: Invalid method in request get /assets/img/assets/assets/img/assets/ HTTP/1.0
[Sat May 01 05:00:32.398783 2021] [core:error] [pid 11052:tid 22108] [client 10.1.60.24:33272] AH00135: Invalid method in request get /assets/img/assets/assets/img/assets/img/ HTTP/1.0
[Sat May 01 05:00:32.617899 2021] [core:error] [pid 11052:tid 21620] [client 10.1.60.24:33520] AH00135: Invalid method in request get /assets/img/assets/img/assets/assets/ HTTP/1.0
[Sat May 01 05:00:32.847031 2021] [core:error] [pid 11052:tid 25224] [client 10.1.60.24:33810] AH00135: Invalid method in request get /assets/img/assets/img/assets/assets/img/ HTTP/1.0
[Sat May 01 05:00:32.930078 2021] [core:error] [pid 11052:tid 25248] [client 10.1.60.24:33916] AH00126: Invalid URI in request 'boot.ini' 'GET /assets/img/assets/img/assets/img/assets/%2e%2e/%2e%2e/%2e%2e/%2e%2e/%2e%2e/%2e%2e/%2e%2e/%2e%2e/%2e%2e/%2e%2e/%2e%2e/%2e%2e/boot.ini HTTP/1.0'
[Sat May 01 05:00:32.980123 2021] [core:error] [pid 11052:tid 22108] [client 10.1.60.24:34020] AH00126: Invalid URI in request 'boot.ini' 'GET /assets/img/assets/img/assets/img/assets/img/%2e%2e/%2e%2e/%2e%2e/%2e%2e/%2e%2e/%2e%2e/%2e%2e/%2e%2e/%2e%2e/%2e%2e/%2e%2e/%2e%2e/boot.ini HTTP/1.0'
[Sat May 01 05:00:33.212257 2021] [core:error] [pid 11052:tid 21620] [client 10.1.60.24:58638] AH00126: Invalid URI in request 'boot.ini' 'GET /downloads/%2e%2e/%2e%2e/%2e%2e/%2e%2e/%2e%2e/%2e%2e/%2e%2e/%2e%2e/%2e%2e/%2e%2e/%2e%2e/%2e%2e/boot.ini HTTP/1.0'
[Sat May 01 05:00:33.904655 2021] [core:error] [pid 11052:tid 25248] [client 10.1.60.24:35916] AH00135: Invalid method in request get /assets/img/assets/img/assets/img/assets/ HTTP/1.0
[Sat May 01 05:00:33.965689 2021] [core:error] [pid 11052:tid 22108] [client 10.1.60.24:36018] AH00135: Invalid method in request get /assets/img/assets/img/assets/img/assets/img/ HTTP/1.0
[Sat May 01 05:00:36.612417 2021] [core:error] [pid 11052:tid 21620] [client 10.1.60.24:32945] AH00135: Invalid method in request get \\assets/assets/assets/assets/ HTTP/1.0
[Sat May 01 05:00:37.572982 2021] [core:error] [pid 11052:tid 25248] [client 10.1.60.24:33883] AH00135: Invalid method in request get \\assets/assets/assets/assets/img/ HTTP/1.0
[Sat May 01 05:00:37.643026 2021] [core:error] [pid 11052:tid 25248] [client 10.1.60.24:34026] AH00135: Invalid method in request get \\assets/assets/assets/img/assets/ HTTP/1.0
[Sat May 01 05:00:37.678047 2021] [core:error] [pid 11052:tid 25240] [client 10.1.60.24:34054] AH00135: Invalid method in request get \\assets/assets/assets/img/assets/img/ HTTP/1.0
[Sat May 01 05:00:39.934703 2021] [core:error] [pid 11052:tid 25224] [client 10.1.60.24:35302] AH00135: Invalid method in request get \\assets/assets/img/assets/assets/ HTTP/1.0
[Sat May 01 05:00:40.875260 2021] [core:error] [pid 11052:tid 22108] [client 10.1.60.24:37070] AH00135: Invalid method in request get \\assets/assets/img/assets/assets/img/ HTTP/1.0
[Sat May 01 05:00:40.959462 2021] [core:error] [pid 11052:tid 25224] [client 10.1.60.24:37160] AH00135: Invalid method in request get \\assets/assets/img/assets/img/assets/ HTTP/1.0
[Sat May 01 05:00:40.980462 2021] [core:error] [pid 11052:tid 25240] [client 10.1.60.24:37180] AH00135: Invalid method in request get \\assets/assets/img/assets/img/assets/img/ HTTP/1.0
[Sat May 01 05:00:43.271807 2021] [core:error] [pid 11052:tid 25224] [client 10.1.60.24:38442] AH00135: Invalid method in request get \\assets/../assets/assets/assets/ HTTP/1.0
[Sat May 01 05:00:44.196409 2021] [core:error] [pid 11052:tid 25224] [client 10.1.60.24:38936] AH00135: Invalid method in request get \\assets/../assets/assets/assets/img/ HTTP/1.0
[Sat May 01 05:00:44.262395 2021] [core:error] [pid 11052:tid 21780] [client 10.1.60.24:38998] AH00135: Invalid method in request get \\assets/../assets/assets/../ HTTP/1.0
[Sat May 01 05:00:44.296419 2021] [core:error] [pid 11052:tid 22108] [client 10.1.60.24:39024] AH00135: Invalid method in request get \\assets/../assets/assets/../assets/ HTTP/1.0
[Sat May 01 05:00:46.595073 2021] [core:error] [pid 11052:tid 25240] [client 10.1.60.24:40226] AH00135: Invalid method in request get \\assets/../assets/assets/../assets/img/ HTTP/1.0
[Sat May 01 05:00:47.521617 2021] [core:error] [pid 11052:tid 25240] [client 10.1.60.24:40720] AH00135: Invalid method in request get \\assets/../assets/assets/img/assets/ HTTP/1.0
[Sat May 01 05:00:47.572649 2021] [core:error] [pid 11052:tid 21780] [client 10.1.60.24:40802] AH00135: Invalid method in request get \\assets/../assets/assets/img/assets/img/ HTTP/1.0
[Sat May 01 05:00:47.593657 2021] [core:error] [pid 11052:tid 25224] [client 10.1.60.24:40826] AH00135: Invalid method in request get \\assets/../assets/assets/img/../ HTTP/1.0
[Sat May 01 05:00:49.580165 2021] [core:error] [pid 11052:tid 22108] [client 10.1.60.24:41998] AH00135: Invalid method in request get \\assets/../assets/assets/img/../assets/ HTTP/1.0
[Sat May 01 05:00:50.227542 2021] [core:error] [pid 11052:tid 22108] [client 10.1.60.24:42358] AH00135: Invalid method in request get \\assets/../assets/assets/img/../assets/img/ HTTP/1.0
[Sat May 01 05:00:52.924143 2021] [core:error] [pid 11052:tid 21780] [client 10.1.60.24:47366] AH00135: Invalid method in request get \\assets/../assets/../assets/assets/ HTTP/1.0
[Sat May 01 05:00:53.556507 2021] [core:error] [pid 11052:tid 21780] [client 10.1.60.24:48710] AH00135: Invalid method in request get \\assets/../assets/../assets/assets/img/ HTTP/1.0
[Sat May 01 05:00:56.229087 2021] [core:error] [pid 11052:tid 25224] [client 10.1.60.24:55098] AH00135: Invalid method in request get \\assets/../assets/../assets/../ HTTP/1.0
[Sat May 01 05:00:56.887464 2021] [core:error] [pid 11052:tid 21780] [client 10.1.60.24:55608] AH00135: Invalid method in request get \\assets/../assets/../assets/../assets/ HTTP/1.0
[Sat May 01 05:00:59.561047 2021] [core:error] [pid 11052:tid 25224] [client 10.1.60.24:32936] AH00135: Invalid method in request get \\assets/../assets/../assets/../assets/img/ HTTP/1.0
[Sat May 01 05:01:00.223433 2021] [core:error] [pid 11052:tid 22108] [client 10.1.60.24:33624] AH00135: Invalid method in request get \\assets/../assets/../assets/img/assets/ HTTP/1.0
[Sat May 01 05:01:02.887162 2021] [core:error] [pid 11052:tid 25240] [client 10.1.60.24:36366] AH00135: Invalid method in request get \\assets/../assets/../assets/img/assets/img/ HTTP/1.0
[Sat May 01 05:01:03.535547 2021] [core:error] [pid 11052:tid 25240] [client 10.1.60.24:36866] AH00135: Invalid method in request get \\assets/../assets/../assets/img/../ HTTP/1.0
[Sat May 01 05:01:06.212266 2021] [core:error] [pid 11052:tid 25224] [client 10.1.60.24:39354] AH00135: Invalid method in request get \\assets/../assets/../assets/img/../assets/ HTTP/1.0
[Sat May 01 05:01:06.861911 2021] [core:error] [pid 11052:tid 22108] [client 10.1.60.24:40164] AH00135: Invalid method in request get \\assets/../assets/../assets/img/../assets/img/ HTTP/1.0
[Sat May 01 05:01:09.548493 2021] [core:error] [pid 11052:tid 25224] [client 10.1.60.24:43226] AH00135: Invalid method in request get \\assets/../assets/img/assets/assets/ HTTP/1.0
[Sat May 01 05:01:10.188873 2021] [core:error] [pid 11052:tid 25224] [client 10.1.60.24:44896] AH00135: Invalid method in request get \\assets/../assets/img/assets/assets/img/ HTTP/1.0
[Sat May 01 05:01:12.861046 2021] [core:error] [pid 11052:tid 25240] [client 10.1.60.24:47996] AH00135: Invalid method in request get \\assets/../assets/img/assets/../ HTTP/1.0
[Sat May 01 05:01:13.514062 2021] [core:error] [pid 11052:tid 25240] [client 10.1.60.24:48686] AH00135: Invalid method in request get \\assets/../assets/img/assets/../assets/ HTTP/1.0
[Sat May 01 05:01:16.184755 2021] [core:error] [pid 11052:tid 22108] [client 10.1.60.24:51490] AH00135: Invalid method in request get \\assets/../assets/img/assets/../assets/img/ HTTP/1.0
[Sat May 01 05:01:16.845140 2021] [core:error] [pid 11052:tid 21620] [client 10.1.60.24:52190] AH00135: Invalid method in request get \\assets/../assets/img/assets/img/assets/ HTTP/1.0
[Sat May 01 05:01:19.518723 2021] [core:error] [pid 11052:tid 22108] [client 10.1.60.24:56706] AH00135: Invalid method in request get \\assets/../assets/img/assets/img/assets/img/ HTTP/1.0
[Sat May 01 05:01:20.158316 2021] [core:error] [pid 11052:tid 22108] [client 10.1.60.24:57702] AH00135: Invalid method in request get \\assets/../assets/img/assets/img/../ HTTP/1.0
[Sat May 01 05:01:22.848683 2021] [core:error] [pid 11052:tid 21780] [client 10.1.60.24:33556] AH00135: Invalid method in request get \\assets/../assets/img/assets/img/../assets/ HTTP/1.0
[Sat May 01 05:01:23.486053 2021] [core:error] [pid 11052:tid 21780] [client 10.1.60.24:34334] AH00135: Invalid method in request get \\assets/../assets/img/assets/img/../assets/img/ HTTP/1.0
[Sat May 01 05:01:26.165020 2021] [core:error] [pid 11052:tid 21620] [client 10.1.60.24:37050] AH00135: Invalid method in request get \\assets/../assets/img/../../ HTTP/1.0
[Sat May 01 05:01:26.813405 2021] [core:error] [pid 11052:tid 21620] [client 10.1.60.24:39971] AH00135: Invalid method in request get \\assets/../assets/img/../../assets/ HTTP/1.0
[Sat May 01 05:01:29.496148 2021] [core:error] [pid 11052:tid 25248] [client 10.1.60.24:41875] AH00135: Invalid method in request get \\assets/../assets/img/../../assets/img/ HTTP/1.0
[Sat May 01 05:01:30.153880 2021] [core:error] [pid 11052:tid 25248] [client 10.1.60.24:42730] AH00135: Invalid method in request get \\assets/../assets/img/../assets/assets/ HTTP/1.0
[Sat May 01 05:01:32.828629 2021] [core:error] [pid 11052:tid 25248] [client 10.1.60.24:45028] AH00135: Invalid method in request get \\assets/../assets/img/../assets/assets/img/ HTTP/1.0
[Sat May 01 05:01:33.471004 2021] [core:error] [pid 11052:tid 25248] [client 10.1.60.24:46006] AH00135: Invalid method in request get \\assets/../assets/img/../assets/../ HTTP/1.0
[Sat May 01 05:01:36.153581 2021] [core:error] [pid 11052:tid 21620] [client 10.1.60.24:48350] AH00135: Invalid method in request get \\assets/../assets/img/../assets/../assets/ HTTP/1.0
[Sat May 01 05:01:36.795964 2021] [core:error] [pid 11052:tid 21620] [client 10.1.60.24:50414] AH00135: Invalid method in request get \\assets/../assets/img/../assets/../assets/img/ HTTP/1.0
[Sat May 01 05:01:39.498554 2021] [core:error] [pid 11052:tid 21620] [client 10.1.60.24:53580] AH00135: Invalid method in request get \\assets/../assets/img/../assets/img/assets/ HTTP/1.0
[Sat May 01 05:01:40.121921 2021] [core:error] [pid 11052:tid 21620] [client 10.1.60.24:54088] AH00135: Invalid method in request get \\assets/../assets/img/../assets/img/assets/img/ HTTP/1.0
[Sat May 01 05:01:42.809506 2021] [core:error] [pid 11052:tid 25248] [client 10.1.60.24:55674] AH00135: Invalid method in request get \\assets/../assets/img/../assets/img/../ HTTP/1.0
[Sat May 01 05:01:43.449880 2021] [core:error] [pid 11052:tid 21780] [client 10.1.60.24:56356] AH00135: Invalid method in request get \\assets/../assets/img/../assets/img/../assets/ HTTP/1.0
[Sat May 01 05:01:46.138474 2021] [core:error] [pid 11052:tid 21620] [client 10.1.60.24:58110] AH00135: Invalid method in request get \\assets/../assets/img/../assets/img/../assets/img/ HTTP/1.0
[Sat May 01 05:01:46.772835 2021] [core:error] [pid 11052:tid 21620] [client 10.1.60.24:58598] AH00135: Invalid method in request get \\assets/img/assets/assets/assets/ HTTP/1.0
[Sat May 01 05:01:49.451418 2021] [core:error] [pid 11052:tid 21780] [client 10.1.60.24:33506] AH00135: Invalid method in request get \\assets/img/assets/assets/assets/img/ HTTP/1.0
[Sat May 01 05:01:50.099803 2021] [core:error] [pid 11052:tid 21780] [client 10.1.60.24:33866] AH00135: Invalid method in request get \\assets/img/assets/assets/img/assets/ HTTP/1.0
[Sat May 01 05:01:52.769368 2021] [core:error] [pid 11052:tid 21620] [client 10.1.60.24:35670] AH00135: Invalid method in request get \\assets/img/assets/assets/img/assets/img/ HTTP/1.0
